#
# There is insufficient memory for the Java Runtime Environment to continue.
# Native memory allocation (malloc) failed to allocate 1048576 bytes. Error detail: AllocateHeap
# Possible reasons:
#   The system is out of physical RAM or swap space
#   This process is running with CompressedOops enabled, and the Java Heap may be blocking the growth of the native heap
# Possible solutions:
#   Reduce memory load on the system
#   Increase physical memory or swap space
#   Check if swap backing store is full
#   Decrease Java heap size (-Xmx/-Xms)
#   Decrease number of Java threads
#   Decrease Java thread stack sizes (-Xss)
#   Set larger code cache with -XX:ReservedCodeCacheSize=
#   JVM is running with Unscaled Compressed Oops mode in which the Java heap is
#     placed in the first 4GB address space. The Java Heap base address is the
#     maximum limit for the native heap growth. Please use -XX:HeapBaseMinAddress
#     to set the Java Heap base and to place the Java Heap above 4GB virtual address.
# This output file may be truncated or incomplete.
#
#  Out of Memory Error (allocation.cpp:44), pid=17520, tid=16892
#
# JRE version: OpenJDK Runtime Environment Temurin-21.0.10+7 (21.0.10+7) (build 21.0.10+7-LTS)
# Java VM: OpenJDK 64-Bit Server VM Temurin-21.0.10+7 (21.0.10+7-LTS, mixed mode, sharing, tiered, compressed oops, compressed class ptrs, parallel gc, windows-amd64)
# No core dump will be written. Minidumps are not enabled by default on client versions of Windows
#

---------------  S U M M A R Y ------------

Command Line: --add-modules=ALL-SYSTEM --add-opens=java.base/java.util=ALL-UNNAMED --add-opens=java.base/java.lang=ALL-UNNAMED --add-opens=java.base/sun.nio.fs=ALL-UNNAMED -Declipse.application=org.eclipse.jdt.ls.core.id1 -Dosgi.bundles.defaultStartLevel=4 -Declipse.product=org.eclipse.jdt.ls.core.product -Djava.import.generatesMetadataFilesAtProjectRoot=false -DDetectVMInstallationsJob.disabled=true -Dfile.encoding=utf8 -XX:+UseParallelGC -XX:GCTimeRatio=4 -XX:AdaptiveSizePolicyWeight=90 -Dsun.zip.disableMemoryMapping=true -Xmx2G -Xms100m -Xlog:disable -javaagent:c:\Users\DELL\.antigravity\extensions\redhat.java-1.54.0-win32-x64\lombok\lombok-1.18.39-4050.jar -XX:+HeapDumpOnOutOfMemoryError -XX:HeapDumpPath=c:\Users\DELL\AppData\Roaming\Antigravity\User\workspaceStorage\c7bd69cecc54e3d57e69317d1d3fa18a\redhat.java -Daether.dependencyCollector.impl=bf c:\Users\DELL\.antigravity\extensions\redhat.java-1.54.0-win32-x64\server\plugins\org.eclipse.equinox.launcher_1.7.100.v20251111-0406.jar -configuration c:\Users\DELL\AppData\Roaming\Antigravity\User\globalStorage\redhat.java\1.54.0\config_win -data c:\Users\DELL\AppData\Roaming\Antigravity\User\workspaceStorage\c7bd69cecc54e3d57e69317d1d3fa18a\redhat.java\jdt_ws --pipe=\\.\pipe\lsp-7c2f735767dce03f04b2a6b23d097c4b-sock

Host: 12th Gen Intel(R) Core(TM) i5-12500H, 16 cores, 7G,  Windows 11 , 64 bit Build 26100 (10.0.26100.8246)
Time: Sun Apr 26 04:34:52 2026 SE Asia Standard Time elapsed time: 2269.444470 seconds (0d 0h 37m 49s)

---------------  T H R E A D  ---------------

Current thread (0x000002791d87e390):  JavaThread "Attach Listener" daemon [_thread_in_vm, id=16892, stack(0x0000007f5e700000,0x0000007f5e800000) (1024K)]

Stack: [0x0000007f5e700000,0x0000007f5e800000]
Native frames: (J=compiled Java code, j=interpreted, Vv=VM code, C=native code)
V  [jvm.dll+0x6d7a39]
V  [jvm.dll+0x8b4b26]
V  [jvm.dll+0x8b70de]
V  [jvm.dll+0x8b77c3]
V  [jvm.dll+0x284346]
V  [jvm.dll+0xc1277]
V  [jvm.dll+0x6d82e9]
V  [jvm.dll+0x1334a6]
V  [jvm.dll+0x3f857e]
V  [jvm.dll+0x85f59d]
V  [jvm.dll+0x6d626d]
C  [ucrtbase.dll+0x37b0]
C  [KERNEL32.DLL+0x2e8d7]
C  [ntdll.dll+0x8c3fc]


---------------  P R O C E S S  ---------------

Threads class SMR info:
_java_thread_list=0x000002797f6056c0, length=56, elements={
0x000002791d8cce90, 0x000002791d97a3d0, 0x000002791d875f20, 0x000002791d87b6f0,
0x000002791d87e390, 0x000002791d987e10, 0x000002791d98e2a0, 0x0000027976719580,
0x000002797671c040, 0x00000279768e5580, 0x000002797c10d3e0, 0x000002797c5c0320,
0x000002797c563990, 0x000002797c570cf0, 0x000002797cc202f0, 0x000002797d045220,
0x000002797d08aa50, 0x000002797670bd80, 0x000002797d0d03b0, 0x000002797d0d2b10,
0x000002797d0d10d0, 0x000002797d0d1760, 0x000002797d0d1df0, 0x000002797e063eb0,
0x000002797e064bd0, 0x000002797e065f80, 0x000002797e064540, 0x000002797e062b00,
0x000002797e066610, 0x000002797e063190, 0x000002797e066ca0, 0x000002797e063820,
0x000002797e067330, 0x000002797e0679c0, 0x000002797e0658f0, 0x000002797e065260,
0x000002797e068050, 0x000002797e06a120, 0x000002797e0686e0, 0x000002797e068d70,
0x000002797f360090, 0x0000027909d8b510, 0x00000279094053a0, 0x000002797f061c20,
0x000002797f065dc0, 0x000002797f065730, 0x000002797f066450, 0x000002797f067e90,
0x000002797f068520, 0x000002797f066ae0, 0x000002797f068bb0, 0x000002797f067170,
0x000002797f069240, 0x00000279060395f0, 0x00000279060388d0, 0x000002790603a9a0
}

Java Threads: ( => current thread )
  0x000002791d8cce90 JavaThread "main"                              [_thread_blocked, id=20368, stack(0x0000007f5e000000,0x0000007f5e100000) (1024K)]
  0x000002791d97a3d0 JavaThread "Reference Handler"          daemon [_thread_blocked, id=14756, stack(0x0000007f5e400000,0x0000007f5e500000) (1024K)]
  0x000002791d875f20 JavaThread "Finalizer"                  daemon [_thread_blocked, id=22616, stack(0x0000007f5e500000,0x0000007f5e600000) (1024K)]
  0x000002791d87b6f0 JavaThread "Signal Dispatcher"          daemon [_thread_blocked, id=16976, stack(0x0000007f5e600000,0x0000007f5e700000) (1024K)]
=>0x000002791d87e390 JavaThread "Attach Listener"            daemon [_thread_in_vm, id=16892, stack(0x0000007f5e700000,0x0000007f5e800000) (1024K)]
  0x000002791d987e10 JavaThread "Service Thread"             daemon [_thread_blocked, id=17072, stack(0x0000007f5e800000,0x0000007f5e900000) (1024K)]
  0x000002791d98e2a0 JavaThread "Monitor Deflation Thread"   daemon [_thread_blocked, id=6528, stack(0x0000007f5e900000,0x0000007f5ea00000) (1024K)]
  0x0000027976719580 JavaThread "C2 CompilerThread0"         daemon [_thread_blocked, id=2744, stack(0x0000007f5ea00000,0x0000007f5eb00000) (1024K)]
  0x000002797671c040 JavaThread "C1 CompilerThread0"         daemon [_thread_blocked, id=19716, stack(0x0000007f5eb00000,0x0000007f5ec00000) (1024K)]
  0x00000279768e5580 JavaThread "Common-Cleaner"             daemon [_thread_blocked, id=21020, stack(0x0000007f5ed00000,0x0000007f5ee00000) (1024K)]
  0x000002797c10d3e0 JavaThread "Notification Thread"        daemon [_thread_blocked, id=18888, stack(0x0000007f5ee00000,0x0000007f5ef00000) (1024K)]
  0x000002797c5c0320 JavaThread "Active Thread: Equinox Container: d2c050f1-ba5c-491d-8507-97a6c4d4e50e"        [_thread_blocked, id=23568, stack(0x0000007f5f500000,0x0000007f5f600000) (1024K)]
  0x000002797c563990 JavaThread "Refresh Thread: Equinox Container: d2c050f1-ba5c-491d-8507-97a6c4d4e50e" daemon [_thread_blocked, id=23612, stack(0x0000007f5f800000,0x0000007f5f900000) (1024K)]
  0x000002797c570cf0 JavaThread "Framework Event Dispatcher: Equinox Container: d2c050f1-ba5c-491d-8507-97a6c4d4e50e" daemon [_thread_blocked, id=23620, stack(0x0000007f5f900000,0x0000007f5fa00000) (1024K)]
  0x000002797cc202f0 JavaThread "Start Level: Equinox Container: d2c050f1-ba5c-491d-8507-97a6c4d4e50e" daemon [_thread_blocked, id=23632, stack(0x0000007f5fa00000,0x0000007f5fb00000) (1024K)]
  0x000002797d045220 JavaThread "Bundle File Closer"         daemon [_thread_blocked, id=23680, stack(0x0000007f5fe00000,0x0000007f5ff00000) (1024K)]
  0x000002797d08aa50 JavaThread "SCR Component Actor"        daemon [_thread_blocked, id=23952, stack(0x0000007f5f600000,0x0000007f5f700000) (1024K)]
  0x000002797670bd80 JavaThread "Worker-JM"                         [_thread_blocked, id=24216, stack(0x0000007f60000000,0x0000007f60100000) (1024K)]
  0x000002797d0d03b0 JavaThread "Java indexing"              daemon [_thread_blocked, id=24320, stack(0x0000007f60700000,0x0000007f60800000) (1024K)]
  0x000002797d0d2b10 JavaThread "JNA Cleaner"                daemon [_thread_blocked, id=24328, stack(0x0000007f60800000,0x0000007f60900000) (1024K)]
  0x000002797d0d10d0 JavaThread "Thread-1"                   daemon [_thread_in_native, id=24348, stack(0x0000007f60d00000,0x0000007f60e00000) (1024K)]
  0x000002797d0d1760 JavaThread "Thread-2"                   daemon [_thread_in_native, id=24352, stack(0x0000007f60e00000,0x0000007f60f00000) (1024K)]
  0x000002797d0d1df0 JavaThread "Thread-3"                   daemon [_thread_in_native, id=24356, stack(0x0000007f60f00000,0x0000007f61000000) (1024K)]
  0x000002797e063eb0 JavaThread "Thread-4"                   daemon [_thread_in_native, id=24360, stack(0x0000007f61000000,0x0000007f61100000) (1024K)]
  0x000002797e064bd0 JavaThread "Thread-5"                   daemon [_thread_in_native, id=24364, stack(0x0000007f61100000,0x0000007f61200000) (1024K)]
  0x000002797e065f80 JavaThread "Thread-6"                   daemon [_thread_in_native, id=24368, stack(0x0000007f61200000,0x0000007f61300000) (1024K)]
  0x000002797e064540 JavaThread "Thread-7"                   daemon [_thread_in_native, id=24372, stack(0x0000007f61300000,0x0000007f61400000) (1024K)]
  0x000002797e062b00 JavaThread "Thread-8"                   daemon [_thread_in_native, id=24376, stack(0x0000007f61400000,0x0000007f61500000) (1024K)]
  0x000002797e066610 JavaThread "Thread-9"                   daemon [_thread_in_native, id=24380, stack(0x0000007f61500000,0x0000007f61600000) (1024K)]
  0x000002797e063190 JavaThread "Thread-10"                  daemon [_thread_in_native, id=24384, stack(0x0000007f61600000,0x0000007f61700000) (1024K)]
  0x000002797e066ca0 JavaThread "Thread-11"                  daemon [_thread_in_native, id=24388, stack(0x0000007f61700000,0x0000007f61800000) (1024K)]
  0x000002797e063820 JavaThread "Thread-12"                  daemon [_thread_in_native, id=24392, stack(0x0000007f61800000,0x0000007f61900000) (1024K)]
  0x000002797e067330 JavaThread "Thread-13"                  daemon [_thread_in_native, id=24396, stack(0x0000007f61900000,0x0000007f61a00000) (1024K)]
  0x000002797e0679c0 JavaThread "Thread-14"                  daemon [_thread_in_native, id=24400, stack(0x0000007f61a00000,0x0000007f61b00000) (1024K)]
  0x000002797e0658f0 JavaThread "Thread-15"                  daemon [_thread_in_native, id=24404, stack(0x0000007f61b00000,0x0000007f61c00000) (1024K)]
  0x000002797e065260 JavaThread "Thread-16"                  daemon [_thread_in_native, id=24408, stack(0x0000007f61c00000,0x0000007f61d00000) (1024K)]
  0x000002797e068050 JavaThread "Thread-17"                  daemon [_thread_in_native, id=24412, stack(0x0000007f61d00000,0x0000007f61e00000) (1024K)]
  0x000002797e06a120 JavaThread "pool-2-thread-1"                   [_thread_blocked, id=24416, stack(0x0000007f61e00000,0x0000007f61f00000) (1024K)]
  0x000002797e0686e0 JavaThread "WorkspaceEventsHandler"            [_thread_blocked, id=24432, stack(0x0000007f61f00000,0x0000007f62000000) (1024K)]
  0x000002797e068d70 JavaThread "pool-1-thread-1"                   [_thread_blocked, id=24436, stack(0x0000007f62000000,0x0000007f62100000) (1024K)]
  0x000002797f360090 JavaThread "Cleaner-0"                  daemon [_thread_blocked, id=3528, stack(0x0000007f60a00000,0x0000007f60b00000) (1024K)]
  0x0000027909d8b510 JavaThread "Worker-12"                         [_thread_blocked, id=25016, stack(0x0000007f5de00000,0x0000007f5df00000) (1024K)]
  0x00000279094053a0 JavaThread "Worker-13"                         [_thread_blocked, id=22992, stack(0x0000007f5dd00000,0x0000007f5de00000) (1024K)]
  0x000002797f061c20 JavaThread "ForkJoinPool.commonPool-worker-26" daemon [_thread_blocked, id=23264, stack(0x0000007f62600000,0x0000007f62700000) (1024K)]
  0x000002797f065dc0 JavaThread "ForkJoinPool.commonPool-worker-27" daemon [_thread_blocked, id=12760, stack(0x0000007f62700000,0x0000007f62800000) (1024K)]
  0x000002797f065730 JavaThread "ForkJoinPool.commonPool-worker-28" daemon [_thread_blocked, id=22208, stack(0x0000007f62800000,0x0000007f62900000) (1024K)]
  0x000002797f066450 JavaThread "ForkJoinPool.commonPool-worker-30" daemon [_thread_blocked, id=13216, stack(0x0000007f62a00000,0x0000007f62b00000) (1024K)]
  0x000002797f067e90 JavaThread "ForkJoinPool.commonPool-worker-31" daemon [_thread_blocked, id=24532, stack(0x0000007f62b00000,0x0000007f62c00000) (1024K)]
  0x000002797f068520 JavaThread "ForkJoinPool.commonPool-worker-32" daemon [_thread_blocked, id=2096, stack(0x0000007f62c00000,0x0000007f62d00000) (1024K)]
  0x000002797f066ae0 JavaThread "ForkJoinPool.commonPool-worker-33" daemon [_thread_blocked, id=11008, stack(0x0000007f62d00000,0x0000007f62e00000) (1024K)]
  0x000002797f068bb0 JavaThread "ForkJoinPool.commonPool-worker-34" daemon [_thread_blocked, id=21896, stack(0x0000007f62e00000,0x0000007f62f00000) (1024K)]
  0x000002797f067170 JavaThread "ForkJoinPool.commonPool-worker-35" daemon [_thread_blocked, id=22112, stack(0x0000007f62f00000,0x0000007f63000000) (1024K)]
  0x000002797f069240 JavaThread "ForkJoinPool.commonPool-worker-36" daemon [_thread_blocked, id=12572, stack(0x0000007f63000000,0x0000007f63100000) (1024K)]
  0x00000279060395f0 JavaThread "ForkJoinPool.commonPool-worker-37" daemon [_thread_blocked, id=8112, stack(0x0000007f63100000,0x0000007f63200000) (1024K)]
  0x00000279060388d0 JavaThread "ForkJoinPool.commonPool-worker-38" daemon [_thread_blocked, id=26148, stack(0x0000007f63200000,0x0000007f63300000) (1024K)]
  0x000002790603a9a0 JavaThread "ForkJoinPool.commonPool-worker-39" daemon [_thread_blocked, id=24140, stack(0x0000007f63300000,0x0000007f63400000) (1024K)]
Total: 56

Other Threads:
  0x000002791d9718d0 VMThread "VM Thread"                           [id=23016, stack(0x0000007f5e300000,0x0000007f5e400000) (1024K)]
  0x000002791d75ca00 WatcherThread "VM Periodic Task Thread"        [id=20928, stack(0x0000007f5e200000,0x0000007f5e300000) (1024K)]
  0x000002791d8ec570 WorkerThread "GC Thread#0"                     [id=20800, stack(0x0000007f5e100000,0x0000007f5e200000) (1024K)]
  0x000002797c503600 WorkerThread "GC Thread#1"                     [id=5028, stack(0x0000007f5ef00000,0x0000007f5f000000) (1024K)]
  0x000002797c2c6a20 WorkerThread "GC Thread#2"                     [id=21088, stack(0x0000007f5f000000,0x0000007f5f100000) (1024K)]
  0x000002797c2c6dd0 WorkerThread "GC Thread#3"                     [id=20580, stack(0x0000007f5f100000,0x0000007f5f200000) (1024K)]
  0x000002797c2c7180 WorkerThread "GC Thread#4"                     [id=9020, stack(0x0000007f5f200000,0x0000007f5f300000) (1024K)]
  0x000002797c502000 WorkerThread "GC Thread#5"                     [id=20564, stack(0x0000007f5f300000,0x0000007f5f400000) (1024K)]
  0x000002797c5023b0 WorkerThread "GC Thread#6"                     [id=11988, stack(0x0000007f5f400000,0x0000007f5f500000) (1024K)]
  0x000002797c9d8ea0 WorkerThread "GC Thread#7"                     [id=23588, stack(0x0000007f5f700000,0x0000007f5f800000) (1024K)]
  0x000002797cdf67b0 WorkerThread "GC Thread#8"                     [id=23656, stack(0x0000007f5fb00000,0x0000007f5fc00000) (1024K)]
  0x000002797d228100 WorkerThread "GC Thread#9"                     [id=23660, stack(0x0000007f5fc00000,0x0000007f5fd00000) (1024K)]
  0x000002797ce103c0 WorkerThread "GC Thread#10"                    [id=23664, stack(0x0000007f5fd00000,0x0000007f5fe00000) (1024K)]
  0x000002797cecb640 WorkerThread "GC Thread#11"                    [id=24288, stack(0x0000007f60100000,0x0000007f60200000) (1024K)]
  0x000002797d033ff0 WorkerThread "GC Thread#12"                    [id=24292, stack(0x0000007f60200000,0x0000007f60300000) (1024K)]
Total: 15

Threads with active compile tasks:
Total: 0

VM state: not at safepoint (normal execution)

VM Mutex/Monitor currently owned by a thread: None

Heap address: 0x0000000080000000, size: 2048 MB, Compressed Oops mode: 32-bit

CDS archive(s) mapped at: [0x0000027935000000-0x0000027935ba0000-0x0000027935ba0000), size 12189696, SharedBaseAddress: 0x0000027935000000, ArchiveRelocationMode: 1.
Compressed class space mapped at: 0x0000027936000000-0x0000027976000000, reserved size: 1073741824
Narrow klass base: 0x0000027935000000, Narrow klass shift: 0, Narrow klass range: 0x100000000

GC Precious Log:
 CardTable entry size: 512
 CPUs: 16 total, 16 available
 Memory: 7876M
 Large Page Support: Disabled
 NUMA Support: Disabled
 Compressed Oops: Enabled (32-bit)
 Alignments: Space 512K, Generation 512K, Heap 2M
 Heap Min Capacity: 100M
 Heap Initial Capacity: 100M
 Heap Max Capacity: 2G
 Pre-touch: Disabled
 Parallel Workers: 13

Heap:
 PSYoungGen      total 35328K, used 21998K [0x00000000d5580000, 0x00000000d8480000, 0x0000000100000000)
  eden space 30720K, 56% used [0x00000000d5580000,0x00000000d6682958,0x00000000d7380000)
  from space 4608K, 99% used [0x00000000d7680000,0x00000000d7af9230,0x00000000d7b00000)
  to   space 8704K, 0% used [0x00000000d7c00000,0x00000000d7c00000,0x00000000d8480000)
 ParOldGen       total 1096192K, used 351651K [0x0000000080000000, 0x00000000c2e80000, 0x00000000d5580000)
  object space 1096192K, 32% used [0x0000000080000000,0x0000000095768d30,0x00000000c2e80000)
 Metaspace       used 93428K, committed 95360K, reserved 1179648K
  class space    used 9229K, committed 10112K, reserved 1048576K

Card table byte_map: [0x000002791d270000,0x000002791d680000] _byte_map_base: 0x000002791ce70000

Marking Bits: (ParMarkBitMap*) 0x00007ffb2ef13450
 Begin Bits: [0x000002792fd80000, 0x0000027931d80000)
 End Bits:   [0x0000027931d80000, 0x0000027933d80000)

Polling page: 0x000002791b710000

Metaspace:

Usage:
  Non-class:     82.23 MB used.
      Class:      9.01 MB used.
       Both:     91.24 MB used.

Virtual space:
  Non-class space:      128.00 MB reserved,      83.25 MB ( 65%) committed,  2 nodes.
      Class space:        1.00 GB reserved,       9.88 MB ( <1%) committed,  1 nodes.
             Both:        1.12 GB reserved,      93.12 MB (  8%) committed. 

Chunk freelists:
   Non-Class:  12.66 MB
       Class:  6.01 MB
        Both:  18.67 MB

MaxMetaspaceSize: unlimited
CompressedClassSpaceSize: 1.00 GB
Initial GC threshold: 21.00 MB
Current GC threshold: 149.50 MB
CDS: on
 - commit_granule_bytes: 65536.
 - commit_granule_words: 8192.
 - virtual_space_node_default_size: 8388608.
 - enlarge_chunks_in_place: 1.
 - use_allocation_guard: 0.


Internal statistics:

num_allocs_failed_limit: 9.
num_arena_births: 1790.
num_arena_deaths: 24.
num_vsnodes_births: 3.
num_vsnodes_deaths: 0.
num_space_committed: 1490.
num_space_uncommitted: 0.
num_chunks_returned_to_freelist: 37.
num_chunks_taken_from_freelist: 6228.
num_chunk_merges: 18.
num_chunk_splits: 3848.
num_chunks_enlarged: 2230.
num_inconsistent_stats: 0.

CodeHeap 'non-profiled nmethods': size=119168Kb used=26268Kb max_used=28595Kb free=92899Kb
 bounds [0x0000027928670000, 0x000002792a260000, 0x000002792fad0000]
CodeHeap 'profiled nmethods': size=119104Kb used=50058Kb max_used=57069Kb free=69045Kb
 bounds [0x0000027920ad0000, 0x0000027924290000, 0x0000027927f20000]
CodeHeap 'non-nmethods': size=7488Kb used=1533Kb max_used=3293Kb free=5954Kb
 bounds [0x0000027927f20000, 0x0000027928260000, 0x0000027928670000]
CodeCache: size=245760Kb, used=77859Kb, max_used=88957Kb, free=167898Kb
 total_blobs=21832, nmethods=20975, adapters=755, full_count=0
Compilation: enabled, stopped_count=0, restarted_count=0

Compilation events (20 events):
Event: 2219.327 Thread 0x0000027976719580 29179       4       org.eclipse.core.internal.resources.MarkerWriter::snap (153 bytes)
Event: 2219.363 Thread 0x0000027976719580 nmethod 29179 0x00000279294f7790 code [0x00000279294f79e0, 0x00000279294f8040]
Event: 2219.363 Thread 0x0000027976719580 29175   !   4       java.io.ObjectOutputStream::writeObject (38 bytes)
Event: 2219.366 Thread 0x0000027976719580 nmethod 29175 0x00000279296f0890 code [0x00000279296f0a40, 0x00000279296f0b88]
Event: 2219.366 Thread 0x0000027976719580 29178       4       org.eclipse.core.internal.resources.SaveManager$$Lambda/0x0000027936706e68::visitElement (35 bytes)
Event: 2219.384 Thread 0x0000027976719580 nmethod 29178 0x00000279293e4890 code [0x00000279293e4b20, 0x00000279293e5998]
Event: 2219.384 Thread 0x0000027976719580 29180   !   4       org.eclipse.core.internal.resources.SaveManager::lambda$11 (132 bytes)
Event: 2219.394 Thread 0x0000027976719580 nmethod 29180 0x0000027929307c90 code [0x0000027929307f20, 0x0000027929308d30]
Event: 2219.394 Thread 0x0000027976719580 29181       4       org.eclipse.core.internal.resources.SyncInfoWriter::snapSyncInfo (157 bytes)
Event: 2219.394 Thread 0x0000027976719580 nmethod 29181 0x00000279294cec90 code [0x00000279294cee20, 0x00000279294ceef8]
Event: 2219.459 Thread 0x000002797671c040 29182       3       java.math.BigInteger::toByteArray (78 bytes)
Event: 2219.464 Thread 0x000002797671c040 nmethod 29182 0x00000279239c6290 code [0x00000279239c6460, 0x00000279239c6808]
Event: 2219.819 Thread 0x000002797671c040 29183   !   3       org.eclipse.core.internal.jobs.JobManager::join (433 bytes)
Event: 2219.857 Thread 0x000002797671c040 nmethod 29183 0x00000279219e5010 code [0x00000279219e5780, 0x00000279219e9de0]
Event: 2219.857 Thread 0x000002797671c040 29184       3       org.eclipse.jdt.internal.core.CompilationUnit::toStringInfo (88 bytes)
Event: 2219.866 Thread 0x000002797671c040 nmethod 29184 0x00000279219d1390 code [0x00000279219d1780, 0x00000279219d3430]
Event: 2220.632 Thread 0x000002797671c040 29185       3       sun.nio.fs.NativeBuffer::free (10 bytes)
Event: 2220.636 Thread 0x000002797671c040 nmethod 29185 0x0000027923c0af90 code [0x0000027923c0b180, 0x0000027923c0b580]
Event: 2220.636 Thread 0x000002797671c040 29186       3       sun.nio.fs.NativeBuffer$Deallocator::run (11 bytes)
Event: 2220.637 Thread 0x000002797671c040 nmethod 29186 0x0000027923da4f10 code [0x0000027923da50e0, 0x0000027923da5400]

GC Heap History (20 events):
Event: 1098.027 GC heap before
{Heap before GC invocations=2458 (full 6):
 PSYoungGen      total 38912K, used 31953K [0x00000000d5580000, 0x00000000d8280000, 0x0000000100000000)
  eden space 37376K, 84% used [0x00000000d5580000,0x00000000d7484700,0x00000000d7a00000)
  from space 1536K, 12% used [0x00000000d7f80000,0x00000000d7fb0000,0x00000000d8100000)
  to   space 512K, 0% used [0x00000000d8200000,0x00000000d8200000,0x00000000d8280000)
 ParOldGen       total 1096192K, used 303112K [0x0000000080000000, 0x00000000c2e80000, 0x00000000d5580000)
  object space 1096192K, 27% used [0x0000000080000000,0x00000000928022e8,0x00000000c2e80000)
 Metaspace       used 91997K, committed 93888K, reserved 1179648K
  class space    used 9078K, committed 9984K, reserved 1048576K
}
Event: 1098.064 GC heap after
{Heap after GC invocations=2458 (full 6):
 PSYoungGen      total 36864K, used 464K [0x00000000d5580000, 0x00000000d8280000, 0x0000000100000000)
  eden space 36352K, 0% used [0x00000000d5580000,0x00000000d5580000,0x00000000d7900000)
  from space 512K, 90% used [0x00000000d8200000,0x00000000d8274010,0x00000000d8280000)
  to   space 1024K, 0% used [0x00000000d8080000,0x00000000d8080000,0x00000000d8180000)
 ParOldGen       total 1096192K, used 326160K [0x0000000080000000, 0x00000000c2e80000, 0x00000000d5580000)
  object space 1096192K, 29% used [0x0000000080000000,0x0000000093e84308,0x00000000c2e80000)
 Metaspace       used 91997K, committed 93888K, reserved 1179648K
  class space    used 9078K, committed 9984K, reserved 1048576K
}
Event: 1220.329 GC heap before
{Heap before GC invocations=2459 (full 6):
 PSYoungGen      total 36864K, used 36816K [0x00000000d5580000, 0x00000000d8280000, 0x0000000100000000)
  eden space 36352K, 100% used [0x00000000d5580000,0x00000000d7900000,0x00000000d7900000)
  from space 512K, 90% used [0x00000000d8200000,0x00000000d8274010,0x00000000d8280000)
  to   space 1024K, 0% used [0x00000000d8080000,0x00000000d8080000,0x00000000d8180000)
 ParOldGen       total 1096192K, used 326160K [0x0000000080000000, 0x00000000c2e80000, 0x00000000d5580000)
  object space 1096192K, 29% used [0x0000000080000000,0x0000000093e84308,0x00000000c2e80000)
 Metaspace       used 92916K, committed 94848K, reserved 1179648K
  class space    used 9178K, committed 10112K, reserved 1048576K
}
Event: 1220.502 GC heap after
{Heap after GC invocations=2459 (full 6):
 PSYoungGen      total 36352K, used 1017K [0x00000000d5580000, 0x00000000d8a00000, 0x0000000100000000)
  eden space 35328K, 0% used [0x00000000d5580000,0x00000000d5580000,0x00000000d7800000)
  from space 1024K, 99% used [0x00000000d8080000,0x00000000d817e5f8,0x00000000d8180000)
  to   space 8704K, 0% used [0x00000000d8180000,0x00000000d8180000,0x00000000d8a00000)
 ParOldGen       total 1096192K, used 332776K [0x0000000080000000, 0x00000000c2e80000, 0x00000000d5580000)
  object space 1096192K, 30% used [0x0000000080000000,0x00000000944fa0e8,0x00000000c2e80000)
 Metaspace       used 92916K, committed 94848K, reserved 1179648K
  class space    used 9178K, committed 10112K, reserved 1048576K
}
Event: 1221.517 GC heap before
{Heap before GC invocations=2460 (full 6):
 PSYoungGen      total 36352K, used 36345K [0x00000000d5580000, 0x00000000d8a00000, 0x0000000100000000)
  eden space 35328K, 100% used [0x00000000d5580000,0x00000000d7800000,0x00000000d7800000)
  from space 1024K, 99% used [0x00000000d8080000,0x00000000d817e5f8,0x00000000d8180000)
  to   space 8704K, 0% used [0x00000000d8180000,0x00000000d8180000,0x00000000d8a00000)
 ParOldGen       total 1096192K, used 332776K [0x0000000080000000, 0x00000000c2e80000, 0x00000000d5580000)
  object space 1096192K, 30% used [0x0000000080000000,0x00000000944fa0e8,0x00000000c2e80000)
 Metaspace       used 92924K, committed 94848K, reserved 1179648K
  class space    used 9178K, committed 10112K, reserved 1048576K
}
Event: 1221.542 GC heap after
{Heap after GC invocations=2460 (full 6):
 PSYoungGen      total 43008K, used 8688K [0x00000000d5580000, 0x00000000d8a00000, 0x0000000100000000)
  eden space 34304K, 0% used [0x00000000d5580000,0x00000000d5580000,0x00000000d7700000)
  from space 8704K, 99% used [0x00000000d8180000,0x00000000d89fc010,0x00000000d8a00000)
  to   space 9216K, 0% used [0x00000000d7800000,0x00000000d7800000,0x00000000d8100000)
 ParOldGen       total 1096192K, used 333856K [0x0000000080000000, 0x00000000c2e80000, 0x00000000d5580000)
  object space 1096192K, 30% used [0x0000000080000000,0x0000000094608220,0x00000000c2e80000)
 Metaspace       used 92924K, committed 94848K, reserved 1179648K
  class space    used 9178K, committed 10112K, reserved 1048576K
}
Event: 1462.261 GC heap before
{Heap before GC invocations=2461 (full 6):
 PSYoungGen      total 43008K, used 42992K [0x00000000d5580000, 0x00000000d8a00000, 0x0000000100000000)
  eden space 34304K, 100% used [0x00000000d5580000,0x00000000d7700000,0x00000000d7700000)
  from space 8704K, 99% used [0x00000000d8180000,0x00000000d89fc010,0x00000000d8a00000)
  to   space 9216K, 0% used [0x00000000d7800000,0x00000000d7800000,0x00000000d8100000)
 ParOldGen       total 1096192K, used 333856K [0x0000000080000000, 0x00000000c2e80000, 0x00000000d5580000)
  object space 1096192K, 30% used [0x0000000080000000,0x0000000094608220,0x00000000c2e80000)
 Metaspace       used 92958K, committed 94912K, reserved 1179648K
  class space    used 9178K, committed 10112K, reserved 1048576K
}
Event: 1462.455 GC heap after
{Heap after GC invocations=2461 (full 6):
 PSYoungGen      total 35328K, used 1213K [0x00000000d5580000, 0x00000000d8200000, 0x0000000100000000)
  eden space 33792K, 0% used [0x00000000d5580000,0x00000000d5580000,0x00000000d7680000)
  from space 1536K, 78% used [0x00000000d7800000,0x00000000d792f488,0x00000000d7980000)
  to   space 4096K, 0% used [0x00000000d7e00000,0x00000000d7e00000,0x00000000d8200000)
 ParOldGen       total 1096192K, used 342408K [0x0000000080000000, 0x00000000c2e80000, 0x00000000d5580000)
  object space 1096192K, 31% used [0x0000000080000000,0x0000000094e62220,0x00000000c2e80000)
 Metaspace       used 92958K, committed 94912K, reserved 1179648K
  class space    used 9178K, committed 10112K, reserved 1048576K
}
Event: 1463.419 GC heap before
{Heap before GC invocations=2462 (full 6):
 PSYoungGen      total 35328K, used 34962K [0x00000000d5580000, 0x00000000d8200000, 0x0000000100000000)
  eden space 33792K, 99% used [0x00000000d5580000,0x00000000d76753a8,0x00000000d7680000)
  from space 1536K, 78% used [0x00000000d7800000,0x00000000d792f488,0x00000000d7980000)
  to   space 4096K, 0% used [0x00000000d7e00000,0x00000000d7e00000,0x00000000d8200000)
 ParOldGen       total 1096192K, used 342408K [0x0000000080000000, 0x00000000c2e80000, 0x00000000d5580000)
  object space 1096192K, 31% used [0x0000000080000000,0x0000000094e62220,0x00000000c2e80000)
 Metaspace       used 93054K, committed 94976K, reserved 1179648K
  class space    used 9184K, committed 10112K, reserved 1048576K
}
Event: 1463.432 GC heap after
{Heap after GC invocations=2462 (full 6):
 PSYoungGen      total 37376K, used 4073K [0x00000000d5580000, 0x00000000d8300000, 0x0000000100000000)
  eden space 33280K, 0% used [0x00000000d5580000,0x00000000d5580000,0x00000000d7600000)
  from space 4096K, 99% used [0x00000000d7e00000,0x00000000d81fa540,0x00000000d8200000)
  to   space 6656K, 0% used [0x00000000d7600000,0x00000000d7600000,0x00000000d7c80000)
 ParOldGen       total 1096192K, used 343728K [0x0000000080000000, 0x00000000c2e80000, 0x00000000d5580000)
  object space 1096192K, 31% used [0x0000000080000000,0x0000000094fac008,0x00000000c2e80000)
 Metaspace       used 93054K, committed 94976K, reserved 1179648K
  class space    used 9184K, committed 10112K, reserved 1048576K
}
Event: 1530.435 GC heap before
{Heap before GC invocations=2463 (full 6):
 PSYoungGen      total 37376K, used 37353K [0x00000000d5580000, 0x00000000d8300000, 0x0000000100000000)
  eden space 33280K, 100% used [0x00000000d5580000,0x00000000d7600000,0x00000000d7600000)
  from space 4096K, 99% used [0x00000000d7e00000,0x00000000d81fa540,0x00000000d8200000)
  to   space 6656K, 0% used [0x00000000d7600000,0x00000000d7600000,0x00000000d7c80000)
 ParOldGen       total 1096192K, used 343728K [0x0000000080000000, 0x00000000c2e80000, 0x00000000d5580000)
  object space 1096192K, 31% used [0x0000000080000000,0x0000000094fac008,0x00000000c2e80000)
 Metaspace       used 93203K, committed 95104K, reserved 1179648K
  class space    used 9209K, committed 10112K, reserved 1048576K
}
Event: 1530.571 GC heap after
{Heap after GC invocations=2463 (full 6):
 PSYoungGen      total 34816K, used 1595K [0x00000000d5580000, 0x00000000d7e80000, 0x0000000100000000)
  eden space 32768K, 0% used [0x00000000d5580000,0x00000000d5580000,0x00000000d7580000)
  from space 2048K, 77% used [0x00000000d7600000,0x00000000d778ec90,0x00000000d7800000)
  to   space 3072K, 0% used [0x00000000d7b80000,0x00000000d7b80000,0x00000000d7e80000)
 ParOldGen       total 1096192K, used 343880K [0x0000000080000000, 0x00000000c2e80000, 0x00000000d5580000)
  object space 1096192K, 31% used [0x0000000080000000,0x0000000094fd2008,0x00000000c2e80000)
 Metaspace       used 93203K, committed 95104K, reserved 1179648K
  class space    used 9209K, committed 10112K, reserved 1048576K
}
Event: 1919.226 GC heap before
{Heap before GC invocations=2464 (full 6):
 PSYoungGen      total 34816K, used 34363K [0x00000000d5580000, 0x00000000d7e80000, 0x0000000100000000)
  eden space 32768K, 100% used [0x00000000d5580000,0x00000000d7580000,0x00000000d7580000)
  from space 2048K, 77% used [0x00000000d7600000,0x00000000d778ec90,0x00000000d7800000)
  to   space 3072K, 0% used [0x00000000d7b80000,0x00000000d7b80000,0x00000000d7e80000)
 ParOldGen       total 1096192K, used 343880K [0x0000000080000000, 0x00000000c2e80000, 0x00000000d5580000)
  object space 1096192K, 31% used [0x0000000080000000,0x0000000094fd2008,0x00000000c2e80000)
 Metaspace       used 93203K, committed 95104K, reserved 1179648K
  class space    used 9209K, committed 10112K, reserved 1048576K
}
Event: 1919.400 GC heap after
{Heap after GC invocations=2464 (full 6):
 PSYoungGen      total 34304K, used 2022K [0x00000000d5580000, 0x00000000d7d80000, 0x0000000100000000)
  eden space 32256K, 0% used [0x00000000d5580000,0x00000000d5580000,0x00000000d7500000)
  from space 2048K, 98% used [0x00000000d7b80000,0x00000000d7d79b00,0x00000000d7d80000)
  to   space 2560K, 0% used [0x00000000d7880000,0x00000000d7880000,0x00000000d7b00000)
 ParOldGen       total 1096192K, used 344176K [0x0000000080000000, 0x00000000c2e80000, 0x00000000d5580000)
  object space 1096192K, 31% used [0x0000000080000000,0x000000009501c008,0x00000000c2e80000)
 Metaspace       used 93203K, committed 95104K, reserved 1179648K
  class space    used 9209K, committed 10112K, reserved 1048576K
}
Event: 1921.467 GC heap before
{Heap before GC invocations=2465 (full 6):
 PSYoungGen      total 34304K, used 34278K [0x00000000d5580000, 0x00000000d7d80000, 0x0000000100000000)
  eden space 32256K, 100% used [0x00000000d5580000,0x00000000d7500000,0x00000000d7500000)
  from space 2048K, 98% used [0x00000000d7b80000,0x00000000d7d79b00,0x00000000d7d80000)
  to   space 2560K, 0% used [0x00000000d7880000,0x00000000d7880000,0x00000000d7b00000)
 ParOldGen       total 1096192K, used 344176K [0x0000000080000000, 0x00000000c2e80000, 0x00000000d5580000)
  object space 1096192K, 31% used [0x0000000080000000,0x000000009501c008,0x00000000c2e80000)
 Metaspace       used 93217K, committed 95168K, reserved 1179648K
  class space    used 9209K, committed 10112K, reserved 1048576K
}
Event: 1921.493 GC heap after
{Heap after GC invocations=2465 (full 6):
 PSYoungGen      total 34304K, used 2556K [0x00000000d5580000, 0x00000000d8380000, 0x0000000100000000)
  eden space 31744K, 0% used [0x00000000d5580000,0x00000000d5580000,0x00000000d7480000)
  from space 2560K, 99% used [0x00000000d7880000,0x00000000d7aff098,0x00000000d7b00000)
  to   space 7680K, 0% used [0x00000000d7c00000,0x00000000d7c00000,0x00000000d8380000)
 ParOldGen       total 1096192K, used 348087K [0x0000000080000000, 0x00000000c2e80000, 0x00000000d5580000)
  object space 1096192K, 31% used [0x0000000080000000,0x00000000953edc80,0x00000000c2e80000)
 Metaspace       used 93217K, committed 95168K, reserved 1179648K
  class space    used 9209K, committed 10112K, reserved 1048576K
}
Event: 2076.975 GC heap before
{Heap before GC invocations=2466 (full 6):
 PSYoungGen      total 34304K, used 34300K [0x00000000d5580000, 0x00000000d8380000, 0x0000000100000000)
  eden space 31744K, 100% used [0x00000000d5580000,0x00000000d7480000,0x00000000d7480000)
  from space 2560K, 99% used [0x00000000d7880000,0x00000000d7aff098,0x00000000d7b00000)
  to   space 7680K, 0% used [0x00000000d7c00000,0x00000000d7c00000,0x00000000d8380000)
 ParOldGen       total 1096192K, used 348087K [0x0000000080000000, 0x00000000c2e80000, 0x00000000d5580000)
  object space 1096192K, 31% used [0x0000000080000000,0x00000000953edc80,0x00000000c2e80000)
 Metaspace       used 93293K, committed 95232K, reserved 1179648K
  class space    used 9213K, committed 10112K, reserved 1048576K
}
Event: 2077.080 GC heap after
{Heap after GC invocations=2466 (full 6):
 PSYoungGen      total 34816K, used 3318K [0x00000000d5580000, 0x00000000d7f80000, 0x0000000100000000)
  eden space 31232K, 0% used [0x00000000d5580000,0x00000000d5580000,0x00000000d7400000)
  from space 3584K, 92% used [0x00000000d7c00000,0x00000000d7f3d9e0,0x00000000d7f80000)
  to   space 4608K, 0% used [0x00000000d7680000,0x00000000d7680000,0x00000000d7b00000)
 ParOldGen       total 1096192K, used 348638K [0x0000000080000000, 0x00000000c2e80000, 0x00000000d5580000)
  object space 1096192K, 31% used [0x0000000080000000,0x0000000095477a90,0x00000000c2e80000)
 Metaspace       used 93293K, committed 95232K, reserved 1179648K
  class space    used 9213K, committed 10112K, reserved 1048576K
}
Event: 2077.159 GC heap before
{Heap before GC invocations=2467 (full 6):
 PSYoungGen      total 34816K, used 34550K [0x00000000d5580000, 0x00000000d7f80000, 0x0000000100000000)
  eden space 31232K, 100% used [0x00000000d5580000,0x00000000d7400000,0x00000000d7400000)
  from space 3584K, 92% used [0x00000000d7c00000,0x00000000d7f3d9e0,0x00000000d7f80000)
  to   space 4608K, 0% used [0x00000000d7680000,0x00000000d7680000,0x00000000d7b00000)
 ParOldGen       total 1096192K, used 348638K [0x0000000080000000, 0x00000000c2e80000, 0x00000000d5580000)
  object space 1096192K, 31% used [0x0000000080000000,0x0000000095477a90,0x00000000c2e80000)
 Metaspace       used 93310K, committed 95232K, reserved 1179648K
  class space    used 9213K, committed 10112K, reserved 1048576K
}
Event: 2077.175 GC heap after
{Heap after GC invocations=2467 (full 6):
 PSYoungGen      total 35328K, used 4580K [0x00000000d5580000, 0x00000000d8480000, 0x0000000100000000)
  eden space 30720K, 0% used [0x00000000d5580000,0x00000000d5580000,0x00000000d7380000)
  from space 4608K, 99% used [0x00000000d7680000,0x00000000d7af9230,0x00000000d7b00000)
  to   space 8704K, 0% used [0x00000000d7c00000,0x00000000d7c00000,0x00000000d8480000)
 ParOldGen       total 1096192K, used 351651K [0x0000000080000000, 0x00000000c2e80000, 0x00000000d5580000)
  object space 1096192K, 32% used [0x0000000080000000,0x0000000095768d30,0x00000000c2e80000)
 Metaspace       used 93310K, committed 95232K, reserved 1179648K
  class space    used 9213K, committed 10112K, reserved 1048576K
}

Dll operation events (14 events):
Event: 0.007 Loaded shared library c:\Users\DELL\.antigravity\extensions\redhat.java-1.54.0-win32-x64\jre\21.0.10-win32-x86_64\bin\java.dll
Event: 0.027 Loaded shared library c:\Users\DELL\.antigravity\extensions\redhat.java-1.54.0-win32-x64\jre\21.0.10-win32-x86_64\bin\zip.dll
Event: 0.079 Loaded shared library C:\Users\DELL\.antigravity\extensions\redhat.java-1.54.0-win32-x64\jre\21.0.10-win32-x86_64\bin\instrument.dll
Event: 0.084 Loaded shared library C:\Users\DELL\.antigravity\extensions\redhat.java-1.54.0-win32-x64\jre\21.0.10-win32-x86_64\bin\net.dll
Event: 0.087 Loaded shared library C:\Users\DELL\.antigravity\extensions\redhat.java-1.54.0-win32-x64\jre\21.0.10-win32-x86_64\bin\nio.dll
Event: 0.090 Loaded shared library C:\Users\DELL\.antigravity\extensions\redhat.java-1.54.0-win32-x64\jre\21.0.10-win32-x86_64\bin\zip.dll
Event: 0.109 Loaded shared library C:\Users\DELL\.antigravity\extensions\redhat.java-1.54.0-win32-x64\jre\21.0.10-win32-x86_64\bin\jimage.dll
Event: 0.201 Loaded shared library c:\Users\DELL\.antigravity\extensions\redhat.java-1.54.0-win32-x64\jre\21.0.10-win32-x86_64\bin\verify.dll
Event: 1.414 Loaded shared library C:\Users\DELL\AppData\Roaming\Antigravity\User\globalStorage\redhat.java\1.54.0\config_win\org.eclipse.equinox.launcher\org.eclipse.equinox.launcher.win32.win32.x86_64_1.3.0.v20260203-2149\eclipse_11919.dll
Event: 5.071 Loaded shared library C:\Users\DELL\.antigravity\extensions\redhat.java-1.54.0-win32-x64\jre\21.0.10-win32-x86_64\bin\management.dll
Event: 5.074 Loaded shared library C:\Users\DELL\.antigravity\extensions\redhat.java-1.54.0-win32-x64\jre\21.0.10-win32-x86_64\bin\management_ext.dll
Event: 5.983 Loaded shared library C:\Users\DELL\AppData\Local\Temp\jna-2094529\jna9284842596182605603.dll
Event: 6.326 Loaded shared library C:\Users\DELL\.antigravity\extensions\redhat.java-1.54.0-win32-x64\jre\21.0.10-win32-x86_64\bin\sunmscapi.dll
Event: 7.467 Loaded shared library C:\Users\DELL\.antigravity\extensions\redhat.java-1.54.0-win32-x64\jre\21.0.10-win32-x86_64\bin\extnet.dll

Deoptimization events (20 events):
Event: 2077.133 Thread 0x000002797f062940 DEOPT PACKING pc=0x000002792a2588d4 sp=0x0000007f629fe490
Event: 2077.134 Thread 0x000002797f062940 DEOPT UNPACKING pc=0x0000027927f73aa2 sp=0x0000007f629fdfd8 mode 2
Event: 2077.135 Thread 0x000002797f062940 Uncommon trap: trap_request=0xffffff45 fr.pc=0x000002792926d974 relative=0x0000000000000e14
Event: 2077.136 Thread 0x000002797f062940 Uncommon trap: reason=unstable_if action=reinterpret pc=0x000002792926d974 method=lombok.eclipse.agent.PatchVal.handleValForLocalDeclaration(Lorg/eclipse/jdt/internal/compiler/ast/LocalDeclaration;Lorg/eclipse/jdt/internal/compiler/lookup/BlockScope;)Z @ 
Event: 2077.136 Thread 0x000002797f062940 DEOPT PACKING pc=0x000002792926d974 sp=0x0000007f629fe030
Event: 2077.136 Thread 0x000002797f062940 DEOPT UNPACKING pc=0x0000027927f73aa2 sp=0x0000007f629fdfa8 mode 2
Event: 2077.143 Thread 0x000002797f062940 Uncommon trap: trap_request=0xffffffde fr.pc=0x00000279290f4c74 relative=0x0000000000000e34
Event: 2077.145 Thread 0x000002797f062940 Uncommon trap: reason=class_check action=maybe_recompile pc=0x00000279290f4c74 method=org.eclipse.lsp4j.jsonrpc.json.adapters.CollectionTypeAdapter.write(Lcom/google/gson/stream/JsonWriter;Ljava/util/Collection;)V @ 70 c2
Event: 2077.145 Thread 0x000002797f062940 DEOPT PACKING pc=0x00000279290f4c74 sp=0x0000007f629fe510
Event: 2077.145 Thread 0x000002797f062940 DEOPT UNPACKING pc=0x0000027927f73aa2 sp=0x0000007f629fe4f0 mode 2
Event: 2077.148 Thread 0x000002797f065dc0 DEOPT PACKING pc=0x0000027922e13d36 sp=0x0000007f627feb20
Event: 2077.148 Thread 0x000002797f065dc0 DEOPT UNPACKING pc=0x0000027927f74242 sp=0x0000007f627fdfb8 mode 0
Event: 2077.183 Thread 0x000002797f062940 DEOPT PACKING pc=0x0000027921416ad6 sp=0x0000007f629fd360
Event: 2077.183 Thread 0x000002797f062940 DEOPT UNPACKING pc=0x0000027927f74242 sp=0x0000007f629fc8b8 mode 0
Event: 2077.184 Thread 0x000002797f062940 Uncommon trap: trap_request=0xffffff66 fr.pc=0x000002792a2588d4 relative=0x0000000000003374
Event: 2077.184 Thread 0x000002797f062940 Uncommon trap: reason=speculate_class_check action=maybe_recompile pc=0x000002792a2588d4 method=java.lang.invoke.DirectMethodHandle$Holder.invokeSpecial(Ljava/lang/Object;Ljava/lang/Object;Ljava/lang/Object;)Ljava/lang/Object; @ 11 c2
Event: 2077.184 Thread 0x000002797f062940 DEOPT PACKING pc=0x000002792a2588d4 sp=0x0000007f629fe530
Event: 2077.185 Thread 0x000002797f062940 DEOPT UNPACKING pc=0x0000027927f73aa2 sp=0x0000007f629fe078 mode 2
Event: 2077.238 Thread 0x000002797f062940 DEOPT PACKING pc=0x0000027921ee729c sp=0x0000007f629feb60
Event: 2077.238 Thread 0x000002797f062940 DEOPT UNPACKING pc=0x0000027927f74242 sp=0x0000007f629fe110 mode 0

Classes loaded (20 events):
Event: 569.032 Loading class java/util/LinkedList$LLSpliterator
Event: 569.033 Loading class java/util/LinkedList$LLSpliterator done
Event: 569.075 Loading class jdk/internal/module/IllegalAccessLogger
Event: 569.075 Loading class jdk/internal/module/IllegalAccessLogger done
Event: 569.154 Loading class java/nio/BufferMismatch
Event: 569.155 Loading class java/nio/BufferMismatch done
Event: 614.444 Loading class jdk/internal/module/IllegalAccessLogger
Event: 614.444 Loading class jdk/internal/module/IllegalAccessLogger done
Event: 738.890 Loading class java/util/regex/Pattern$Behind
Event: 738.891 Loading class java/util/regex/Pattern$Behind done
Event: 738.892 Loading class java/util/regex/Pattern$Neg
Event: 738.892 Loading class java/util/regex/Pattern$Neg done
Event: 1176.560 Loading class java/util/function/IntPredicate
Event: 1176.561 Loading class java/util/function/IntPredicate done
Event: 1176.607 Loading class java/util/regex/Pattern$Bound
Event: 1176.607 Loading class java/util/regex/Pattern$Bound done
Event: 1224.170 Loading class jdk/internal/module/IllegalAccessLogger
Event: 1224.179 Loading class jdk/internal/module/IllegalAccessLogger done
Event: 1921.073 Loading class jdk/internal/module/IllegalAccessLogger
Event: 1921.074 Loading class jdk/internal/module/IllegalAccessLogger done

Classes unloaded (12 events):
Event: 5.530 Thread 0x000002791d9718d0 Unloading class 0x00000279361ac800 'java/lang/invoke/LambdaForm$MH+0x00000279361ac800'
Event: 5.530 Thread 0x000002791d9718d0 Unloading class 0x00000279361ac400 'java/lang/invoke/LambdaForm$MH+0x00000279361ac400'
Event: 5.530 Thread 0x000002791d9718d0 Unloading class 0x00000279361ac000 'java/lang/invoke/LambdaForm$MH+0x00000279361ac000'
Event: 5.530 Thread 0x000002791d9718d0 Unloading class 0x00000279361abc00 'java/lang/invoke/LambdaForm$MH+0x00000279361abc00'
Event: 5.530 Thread 0x000002791d9718d0 Unloading class 0x00000279361ab800 'java/lang/invoke/LambdaForm$BMH+0x00000279361ab800'
Event: 5.530 Thread 0x000002791d9718d0 Unloading class 0x00000279361ab400 'java/lang/invoke/LambdaForm$DMH+0x00000279361ab400'
Event: 5.530 Thread 0x000002791d9718d0 Unloading class 0x00000279361aa400 'java/lang/invoke/LambdaForm$DMH+0x00000279361aa400'
Event: 13.797 Thread 0x000002791d9718d0 Unloading class 0x0000027936649400 'java/lang/invoke/LambdaForm$DMH+0x0000027936649400'
Event: 13.797 Thread 0x000002791d9718d0 Unloading class 0x0000027936649000 'java/lang/invoke/LambdaForm$DMH+0x0000027936649000'
Event: 13.797 Thread 0x000002791d9718d0 Unloading class 0x0000027936648c00 'java/lang/invoke/LambdaForm$DMH+0x0000027936648c00'
Event: 13.797 Thread 0x000002791d9718d0 Unloading class 0x0000027936648800 'java/lang/invoke/LambdaForm$DMH+0x0000027936648800'
Event: 734.253 Thread 0x000002791d9718d0 Unloading class 0x000002793691dc00 'java/lang/invoke/LambdaForm$DMH+0x000002793691dc00'

Classes redefined (0 events):
No events

Internal exceptions (20 events):
Event: 1920.202 Thread 0x0000027909d8b510 Exception <a 'sun/nio/fs/WindowsException'{0x00000000d6777768}> (0x00000000d6777768) 
thrown [s\src\hotspot\share\prims\jni.cpp, line 520]
Event: 1920.206 Thread 0x0000027909d8b510 Exception <a 'sun/nio/fs/WindowsException'{0x00000000d6783480}> (0x00000000d6783480) 
thrown [s\src\hotspot\share\prims\jni.cpp, line 520]
Event: 1920.235 Thread 0x0000027909d8b510 Exception <a 'sun/nio/fs/WindowsException'{0x00000000d678f140}> (0x00000000d678f140) 
thrown [s\src\hotspot\share\prims\jni.cpp, line 520]
Event: 1920.245 Thread 0x0000027909d8b510 Exception <a 'sun/nio/fs/WindowsException'{0x00000000d679ad10}> (0x00000000d679ad10) 
thrown [s\src\hotspot\share\prims\jni.cpp, line 520]
Event: 1920.277 Thread 0x0000027909d8b510 Exception <a 'sun/nio/fs/WindowsException'{0x00000000d67a6a80}> (0x00000000d67a6a80) 
thrown [s\src\hotspot\share\prims\jni.cpp, line 520]
Event: 1920.286 Thread 0x0000027909d8b510 Exception <a 'sun/nio/fs/WindowsException'{0x00000000d67b26b0}> (0x00000000d67b26b0) 
thrown [s\src\hotspot\share\prims\jni.cpp, line 520]
Event: 1920.294 Thread 0x0000027909d8b510 Exception <a 'sun/nio/fs/WindowsException'{0x00000000d67be2e8}> (0x00000000d67be2e8) 
thrown [s\src\hotspot\share\prims\jni.cpp, line 520]
Event: 1920.302 Thread 0x0000027909d8b510 Exception <a 'sun/nio/fs/WindowsException'{0x00000000d67c9cf0}> (0x00000000d67c9cf0) 
thrown [s\src\hotspot\share\prims\jni.cpp, line 520]
Event: 1920.323 Thread 0x0000027909d8b510 Exception <a 'sun/nio/fs/WindowsException'{0x00000000d67d5bd0}> (0x00000000d67d5bd0) 
thrown [s\src\hotspot\share\prims\jni.cpp, line 520]
Event: 1920.332 Thread 0x0000027909d8b510 Exception <a 'sun/nio/fs/WindowsException'{0x00000000d67e1938}> (0x00000000d67e1938) 
thrown [s\src\hotspot\share\prims\jni.cpp, line 520]
Event: 1920.338 Thread 0x0000027909d8b510 Exception <a 'sun/nio/fs/WindowsException'{0x00000000d67ed740}> (0x00000000d67ed740) 
thrown [s\src\hotspot\share\prims\jni.cpp, line 520]
Event: 1920.344 Thread 0x0000027909d8b510 Exception <a 'sun/nio/fs/WindowsException'{0x00000000d67f9150}> (0x00000000d67f9150) 
thrown [s\src\hotspot\share\prims\jni.cpp, line 520]
Event: 1920.362 Thread 0x0000027909d8b510 Exception <a 'sun/nio/fs/WindowsException'{0x00000000d6804e10}> (0x00000000d6804e10) 
thrown [s\src\hotspot\share\prims\jni.cpp, line 520]
Event: 2076.952 Thread 0x000002797f068bb0 Implicit null exception at 0x000002792869d488 to 0x000002792869db54
Event: 2076.952 Thread 0x000002797f066450 Implicit null exception at 0x000002792869d488 to 0x000002792869db54
Event: 2076.952 Thread 0x000002797f062940 Implicit null exception at 0x000002792869d488 to 0x000002792869db54
Event: 2200.324 Thread 0x000002797e068d70 Exception <a 'java/lang/IncompatibleClassChangeError'{0x00000000d6175fc8}: Found class java.lang.Object, but interface was expected> (0x00000000d6175fc8) 
thrown [s\src\hotspot\share\interpreter\linkResolver.cpp, line 840]
Event: 2200.689 Thread 0x000002797f068bb0 Exception <a 'java/lang/NoSuchMethodError'{0x00000000d620f128}: 'java.lang.Object java.lang.invoke.DirectMethodHandle$Holder.invokeStatic(java.lang.Object, int, int, java.lang.Object)'> (0x00000000d620f128) 
thrown [s\src\hotspot\share\interpreter\linkResolver.cpp, line 773]
Event: 2219.221 Thread 0x0000027909d8b510 Exception <a 'sun/nio/fs/WindowsException'{0x00000000d64aa348}> (0x00000000d64aa348) 
thrown [s\src\hotspot\share\prims\jni.cpp, line 520]
Event: 2219.225 Thread 0x0000027909d8b510 Exception <a 'sun/nio/fs/WindowsException'{0x00000000d64aae70}> (0x00000000d64aae70) 
thrown [s\src\hotspot\share\prims\jni.cpp, line 520]

ZGC Phase Switch (0 events):
No events

VM Operations (20 events):
Event: 2104.112 Executing non-safepoint VM operation: HandshakeAllThreads (HandshakeForDeflation)
Event: 2104.112 Executing non-safepoint VM operation: HandshakeAllThreads (HandshakeForDeflation) done
Event: 2104.112 Executing non-safepoint VM operation: RendezvousGCThreads
Event: 2104.112 Executing non-safepoint VM operation: RendezvousGCThreads done
Event: 2106.112 Executing safepoint VM operation: Cleanup
Event: 2106.112 Executing safepoint VM operation: Cleanup done
Event: 2200.710 Executing safepoint VM operation: Cleanup
Event: 2200.726 Executing safepoint VM operation: Cleanup done
Event: 2201.727 Executing safepoint VM operation: Cleanup
Event: 2201.756 Executing safepoint VM operation: Cleanup done
Event: 2217.835 Executing safepoint VM operation: Cleanup
Event: 2217.835 Executing safepoint VM operation: Cleanup done
Event: 2218.845 Executing safepoint VM operation: Cleanup
Event: 2218.846 Executing safepoint VM operation: Cleanup done
Event: 2219.860 Executing safepoint VM operation: Cleanup
Event: 2219.860 Executing safepoint VM operation: Cleanup done
Event: 2224.363 Executing non-safepoint VM operation: HandshakeAllThreads (HandshakeForDeflation)
Event: 2224.364 Executing non-safepoint VM operation: HandshakeAllThreads (HandshakeForDeflation) done
Event: 2224.364 Executing non-safepoint VM operation: RendezvousGCThreads
Event: 2224.364 Executing non-safepoint VM operation: RendezvousGCThreads done

Memory protections (0 events):
No events

Nmethod flushes (20 events):
Event: 738.096 Thread 0x000002791d9718d0 flushing  nmethod 0x0000027923cc7990
Event: 738.096 Thread 0x000002791d9718d0 flushing  nmethod 0x0000027923cca810
Event: 738.096 Thread 0x000002791d9718d0 flushing  nmethod 0x0000027923d0c510
Event: 738.096 Thread 0x000002791d9718d0 flushing  nmethod 0x0000027923d0d690
Event: 738.096 Thread 0x000002791d9718d0 flushing  nmethod 0x0000027923d11f90
Event: 738.096 Thread 0x000002791d9718d0 flushing  nmethod 0x0000027923d16290
Event: 738.096 Thread 0x000002791d9718d0 flushing  nmethod 0x0000027923d28e90
Event: 738.096 Thread 0x000002791d9718d0 flushing  nmethod 0x0000027923d50c90
Event: 738.096 Thread 0x000002791d9718d0 flushing  nmethod 0x0000027923d51510
Event: 738.096 Thread 0x000002791d9718d0 flushing  nmethod 0x0000027923d52890
Event: 738.096 Thread 0x000002791d9718d0 flushing  nmethod 0x0000027923d68090
Event: 738.096 Thread 0x000002791d9718d0 flushing  nmethod 0x0000027923d6b310
Event: 738.096 Thread 0x000002791d9718d0 flushing  nmethod 0x0000027923d8ab90
Event: 738.096 Thread 0x000002791d9718d0 flushing  nmethod 0x0000027923d97410
Event: 738.096 Thread 0x000002791d9718d0 flushing  nmethod 0x0000027923d9c110
Event: 738.096 Thread 0x000002791d9718d0 flushing  nmethod 0x0000027923da3e90
Event: 738.096 Thread 0x000002791d9718d0 flushing  nmethod 0x0000027923da7990
Event: 738.096 Thread 0x000002791d9718d0 flushing  nmethod 0x0000027923dbd510
Event: 738.096 Thread 0x000002791d9718d0 flushing  nmethod 0x0000027923dbd890
Event: 738.096 Thread 0x000002791d9718d0 flushing  nmethod 0x0000027923dbe510

Events (20 events):
Event: 2137.259 Thread 0x000002797f064a10 Thread exited: 0x000002797f064a10
Event: 2197.290 Thread 0x000002797f062940 Thread exited: 0x000002797f062940
Event: 2219.192 Thread 0x0000027909d8b510 Thread added: 0x000002790603a310
Event: 2219.198 Thread 0x000002790603a310 Thread exited: 0x000002790603a310
Event: 2219.231 Thread 0x0000027909d8b510 Thread added: 0x000002790603a310
Event: 2219.232 Thread 0x000002790603a310 Thread exited: 0x000002790603a310
Event: 2220.460 Thread 0x0000027909408eb0 Thread exited: 0x0000027909408eb0
Event: 2220.460 Thread 0x0000027909408190 Thread exited: 0x0000027909408190
Event: 2220.465 Thread 0x0000027909405a30 Thread exited: 0x0000027909405a30
Event: 2220.466 Thread 0x0000027909403960 Thread exited: 0x0000027909403960
Event: 2220.466 Thread 0x000002797f0622b0 Thread exited: 0x000002797f0622b0
Event: 2220.466 Thread 0x000002797f0650a0 Thread exited: 0x000002797f0650a0
Event: 2220.466 Thread 0x0000027909403ff0 Thread exited: 0x0000027909403ff0
Event: 2220.466 Thread 0x0000027909408820 Thread exited: 0x0000027909408820
Event: 2220.490 Thread 0x0000027909407b00 Thread exited: 0x0000027909407b00
Event: 2220.626 Thread 0x00000279094060c0 Thread exited: 0x00000279094060c0
Event: 2220.633 Thread 0x0000027909404d10 Thread exited: 0x0000027909404d10
Event: 2220.633 Thread 0x0000027909407470 Thread exited: 0x0000027909407470
Event: 2220.633 Thread 0x0000027909406750 Thread exited: 0x0000027909406750
Event: 2220.634 Thread 0x000002797f062fd0 Thread exited: 0x000002797f062fd0


Dynamic libraries:
0x00007ff6abbf0000 - 0x00007ff6abbfe000 	c:\Users\DELL\.antigravity\extensions\redhat.java-1.54.0-win32-x64\jre\21.0.10-win32-x86_64\bin\java.exe
0x00007ffc019a0000 - 0x00007ffc01c07000 	C:\WINDOWS\SYSTEM32\ntdll.dll
0x00007ffc005c0000 - 0x00007ffc00689000 	C:\WINDOWS\System32\KERNEL32.DLL
0x00007ffbfe270000 - 0x00007ffbfe664000 	C:\WINDOWS\System32\KERNELBASE.dll
0x00007ffbfecc0000 - 0x00007ffbfee0b000 	C:\WINDOWS\System32\ucrtbase.dll
0x00007ffbca170000 - 0x00007ffbca188000 	c:\Users\DELL\.antigravity\extensions\redhat.java-1.54.0-win32-x64\jre\21.0.10-win32-x86_64\bin\jli.dll
0x00007ffbca150000 - 0x00007ffbca16e000 	c:\Users\DELL\.antigravity\extensions\redhat.java-1.54.0-win32-x64\jre\21.0.10-win32-x86_64\bin\VCRUNTIME140.dll
0x00007ffc00060000 - 0x00007ffc00225000 	C:\WINDOWS\System32\USER32.dll
0x00007ffbfead0000 - 0x00007ffbfeaf7000 	C:\WINDOWS\System32\win32u.dll
0x00007ffbdbf30000 - 0x00007ffbdc1c3000 	C:\WINDOWS\WinSxS\amd64_microsoft.windows.common-controls_6595b64144ccf1df_6.0.26100.8115_none_3e075c82e3354f9c\COMCTL32.dll
0x00007ffc00230000 - 0x00007ffc0025b000 	C:\WINDOWS\System32\GDI32.dll
0x00007ffbfeb00000 - 0x00007ffbfec2b000 	C:\WINDOWS\System32\gdi32full.dll
0x00007ffc018b0000 - 0x00007ffc01959000 	C:\WINDOWS\System32\msvcrt.dll
0x00007ffbfe7e0000 - 0x00007ffbfe883000 	C:\WINDOWS\System32\msvcp_win.dll
0x00007ffc004a0000 - 0x00007ffc004d2000 	C:\WINDOWS\System32\IMM32.DLL
0x00007ffbca140000 - 0x00007ffbca14c000 	c:\Users\DELL\.antigravity\extensions\redhat.java-1.54.0-win32-x64\jre\21.0.10-win32-x86_64\bin\vcruntime140_1.dll
0x00007ffbca0b0000 - 0x00007ffbca13d000 	c:\Users\DELL\.antigravity\extensions\redhat.java-1.54.0-win32-x64\jre\21.0.10-win32-x86_64\bin\msvcp140.dll
0x00007ffb2e250000 - 0x00007ffb2eff1000 	c:\Users\DELL\.antigravity\extensions\redhat.java-1.54.0-win32-x64\jre\21.0.10-win32-x86_64\bin\server\jvm.dll
0x00007ffbff730000 - 0x00007ffbff7e6000 	C:\WINDOWS\System32\ADVAPI32.dll
0x00007ffc01000000 - 0x00007ffc010a7000 	C:\WINDOWS\System32\sechost.dll
0x00007ffc01450000 - 0x00007ffc01568000 	C:\WINDOWS\System32\RPCRT4.dll
0x00007ffc00410000 - 0x00007ffc00490000 	C:\WINDOWS\System32\WS2_32.dll
0x00007ffbfe0d0000 - 0x00007ffbfe12e000 	C:\WINDOWS\SYSTEM32\POWRPROF.dll
0x00007ffbee720000 - 0x00007ffbee72b000 	C:\WINDOWS\SYSTEM32\VERSION.dll
0x00007ffbf43f0000 - 0x00007ffbf4426000 	C:\WINDOWS\SYSTEM32\WINMM.dll
0x00007ffbfe0b0000 - 0x00007ffbfe0c4000 	C:\WINDOWS\SYSTEM32\UMPDC.dll
0x00007ffbfd000000 - 0x00007ffbfd01b000 	C:\WINDOWS\SYSTEM32\kernel.appcore.dll
0x00007ffbca0a0000 - 0x00007ffbca0aa000 	c:\Users\DELL\.antigravity\extensions\redhat.java-1.54.0-win32-x64\jre\21.0.10-win32-x86_64\bin\jimage.dll
0x00007ffbfbfb0000 - 0x00007ffbfc1f2000 	C:\WINDOWS\SYSTEM32\DBGHELP.DLL
0x00007ffc010b0000 - 0x00007ffc01432000 	C:\WINDOWS\System32\combase.dll
0x00007ffc004e0000 - 0x00007ffc005b8000 	C:\WINDOWS\System32\OLEAUT32.dll
0x00007ffbd7780000 - 0x00007ffbd77bb000 	C:\WINDOWS\SYSTEM32\dbgcore.DLL
0x00007ffbfee10000 - 0x00007ffbfeeb5000 	C:\WINDOWS\System32\bcryptPrimitives.dll
0x00007ffbca090000 - 0x00007ffbca09f000 	c:\Users\DELL\.antigravity\extensions\redhat.java-1.54.0-win32-x64\jre\21.0.10-win32-x86_64\bin\instrument.dll
0x00007ffbca070000 - 0x00007ffbca090000 	c:\Users\DELL\.antigravity\extensions\redhat.java-1.54.0-win32-x64\jre\21.0.10-win32-x86_64\bin\java.dll
0x00007ffc00690000 - 0x00007ffc00df7000 	C:\WINDOWS\System32\SHELL32.dll
0x00007ffbfe670000 - 0x00007ffbfe7da000 	C:\WINDOWS\System32\wintypes.dll
0x00007ffbfeec0000 - 0x00007ffbff728000 	C:\WINDOWS\System32\windows.storage.dll
0x00007ffc00f00000 - 0x00007ffc00ff8000 	C:\WINDOWS\System32\SHCORE.dll
0x00007ffc00280000 - 0x00007ffc002e6000 	C:\WINDOWS\System32\shlwapi.dll
0x00007ffbfe190000 - 0x00007ffbfe1b9000 	C:\WINDOWS\SYSTEM32\profapi.dll
0x00007ffbca050000 - 0x00007ffbca068000 	c:\Users\DELL\.antigravity\extensions\redhat.java-1.54.0-win32-x64\jre\21.0.10-win32-x86_64\bin\zip.dll
0x00007ffbc70a0000 - 0x00007ffbc70b0000 	C:\Users\DELL\.antigravity\extensions\redhat.java-1.54.0-win32-x64\jre\21.0.10-win32-x86_64\bin\net.dll
0x00007ffbf4180000 - 0x00007ffbf42ad000 	C:\WINDOWS\SYSTEM32\WINHTTP.dll
0x00007ffbfd570000 - 0x00007ffbfd5dc000 	C:\WINDOWS\system32\mswsock.dll
0x00007ffba1310000 - 0x00007ffba1326000 	C:\Users\DELL\.antigravity\extensions\redhat.java-1.54.0-win32-x64\jre\21.0.10-win32-x86_64\bin\nio.dll
0x00007ffbae290000 - 0x00007ffbae2a0000 	c:\Users\DELL\.antigravity\extensions\redhat.java-1.54.0-win32-x64\jre\21.0.10-win32-x86_64\bin\verify.dll
0x00007ffb9c8d0000 - 0x00007ffb9c915000 	C:\Users\DELL\AppData\Roaming\Antigravity\User\globalStorage\redhat.java\1.54.0\config_win\org.eclipse.equinox.launcher\org.eclipse.equinox.launcher.win32.win32.x86_64_1.3.0.v20260203-2149\eclipse_11919.dll
0x00007ffc01570000 - 0x00007ffc01707000 	C:\WINDOWS\System32\ole32.dll
0x00007ffbadda0000 - 0x00007ffbaddaa000 	C:\Users\DELL\.antigravity\extensions\redhat.java-1.54.0-win32-x64\jre\21.0.10-win32-x86_64\bin\management.dll
0x00007ffbad400000 - 0x00007ffbad40c000 	C:\Users\DELL\.antigravity\extensions\redhat.java-1.54.0-win32-x64\jre\21.0.10-win32-x86_64\bin\management_ext.dll
0x00007ffc00400000 - 0x00007ffc00408000 	C:\WINDOWS\System32\PSAPI.DLL
0x00007ffbfd850000 - 0x00007ffbfd86b000 	C:\WINDOWS\SYSTEM32\CRYPTSP.dll
0x00007ffbfcf60000 - 0x00007ffbfcf99000 	C:\WINDOWS\system32\rsaenh.dll
0x00007ffbfd620000 - 0x00007ffbfd653000 	C:\WINDOWS\SYSTEM32\USERENV.dll
0x00007ffbfe160000 - 0x00007ffbfe18a000 	C:\WINDOWS\SYSTEM32\bcrypt.dll
0x00007ffbfd870000 - 0x00007ffbfd87c000 	C:\WINDOWS\SYSTEM32\CRYPTBASE.dll
0x00007ffbfc9b0000 - 0x00007ffbfc9e2000 	C:\WINDOWS\SYSTEM32\IPHLPAPI.DLL
0x00007ffbff7f0000 - 0x00007ffbff7fa000 	C:\WINDOWS\System32\NSI.dll
0x00007ffb7fed0000 - 0x00007ffb7ff19000 	C:\Users\DELL\AppData\Local\Temp\jna-2094529\jna9284842596182605603.dll
0x00007ffbf64f0000 - 0x00007ffbf650d000 	C:\WINDOWS\SYSTEM32\dhcpcsvc6.DLL
0x00007ffbf6240000 - 0x00007ffbf6265000 	C:\WINDOWS\SYSTEM32\dhcpcsvc.DLL
0x00007ffbc9e70000 - 0x00007ffbc9e7e000 	C:\Users\DELL\.antigravity\extensions\redhat.java-1.54.0-win32-x64\jre\21.0.10-win32-x86_64\bin\sunmscapi.dll
0x00007ffbfe890000 - 0x00007ffbfea07000 	C:\WINDOWS\System32\CRYPT32.dll
0x00007ffbfda70000 - 0x00007ffbfdaa0000 	C:\WINDOWS\SYSTEM32\ncrypt.dll
0x00007ffbfda20000 - 0x00007ffbfda5f000 	C:\WINDOWS\SYSTEM32\NTASN1.dll
0x00007ffbfc9f0000 - 0x00007ffbfcb22000 	C:\WINDOWS\SYSTEM32\DNSAPI.dll
0x00007ffbf42b0000 - 0x00007ffbf42bb000 	C:\Windows\System32\rasadhlp.dll
0x00007ffbf6670000 - 0x00007ffbf66f6000 	C:\WINDOWS\System32\fwpuclnt.dll
0x00007ffbab0b0000 - 0x00007ffbab0b9000 	C:\Users\DELL\.antigravity\extensions\redhat.java-1.54.0-win32-x64\jre\21.0.10-win32-x86_64\bin\extnet.dll

JVMTI agents:
c:\Users\DELL\.antigravity\extensions\redhat.java-1.54.0-win32-x64\lombok\lombok-1.18.39-4050.jar path:c:\Users\DELL\.antigravity\extensions\redhat.java-1.54.0-win32-x64\jre\21.0.10-win32-x86_64\bin\instrument.dll, loaded, initialized, instrumentlib options:none

dbghelp: loaded successfully - version: 4.0.5 - missing functions: none
symbol engine: initialized successfully - sym options: 0x614 - pdb path: .;c:\Users\DELL\.antigravity\extensions\redhat.java-1.54.0-win32-x64\jre\21.0.10-win32-x86_64\bin;C:\WINDOWS\SYSTEM32;C:\WINDOWS\WinSxS\amd64_microsoft.windows.common-controls_6595b64144ccf1df_6.0.26100.8115_none_3e075c82e3354f9c;c:\Users\DELL\.antigravity\extensions\redhat.java-1.54.0-win32-x64\jre\21.0.10-win32-x86_64\bin\server;C:\Users\DELL\AppData\Roaming\Antigravity\User\globalStorage\redhat.java\1.54.0\config_win\org.eclipse.equinox.launcher\org.eclipse.equinox.launcher.win32.win32.x86_64_1.3.0.v20260203-2149;C:\Users\DELL\AppData\Local\Temp\jna-2094529

VM Arguments:
jvm_args: --add-modules=ALL-SYSTEM --add-opens=java.base/java.util=ALL-UNNAMED --add-opens=java.base/java.lang=ALL-UNNAMED --add-opens=java.base/sun.nio.fs=ALL-UNNAMED -Declipse.application=org.eclipse.jdt.ls.core.id1 -Dosgi.bundles.defaultStartLevel=4 -Declipse.product=org.eclipse.jdt.ls.core.product -Djava.import.generatesMetadataFilesAtProjectRoot=false -DDetectVMInstallationsJob.disabled=true -Dfile.encoding=utf8 -XX:+UseParallelGC -XX:GCTimeRatio=4 -XX:AdaptiveSizePolicyWeight=90 -Dsun.zip.disableMemoryMapping=true -Xmx2G -Xms100m -Xlog:disable -javaagent:c:\Users\DELL\.antigravity\extensions\redhat.java-1.54.0-win32-x64\lombok\lombok-1.18.39-4050.jar -XX:+HeapDumpOnOutOfMemoryError -XX:HeapDumpPath=c:\Users\DELL\AppData\Roaming\Antigravity\User\workspaceStorage\c7bd69cecc54e3d57e69317d1d3fa18a\redhat.java -Daether.dependencyCollector.impl=bf 
java_command: c:\Users\DELL\.antigravity\extensions\redhat.java-1.54.0-win32-x64\server\plugins\org.eclipse.equinox.launcher_1.7.100.v20251111-0406.jar -configuration c:\Users\DELL\AppData\Roaming\Antigravity\User\globalStorage\redhat.java\1.54.0\config_win -data c:\Users\DELL\AppData\Roaming\Antigravity\User\workspaceStorage\c7bd69cecc54e3d57e69317d1d3fa18a\redhat.java\jdt_ws --pipe=\\.\pipe\lsp-7c2f735767dce03f04b2a6b23d097c4b-sock
java_class_path (initial): c:\Users\DELL\.antigravity\extensions\redhat.java-1.54.0-win32-x64\server\plugins\org.eclipse.equinox.launcher_1.7.100.v20251111-0406.jar
Launcher Type: SUN_STANDARD

[Global flags]
    uintx AdaptiveSizePolicyWeight                 = 90                                        {product} {command line}
     intx CICompilerCount                          = 12                                        {product} {ergonomic}
    uintx GCTimeRatio                              = 4                                         {product} {command line}
     bool HeapDumpOnOutOfMemoryError               = true                                   {manageable} {command line}
    ccstr HeapDumpPath                             = c:\Users\DELL\AppData\Roaming\Antigravity\User\workspaceStorage\c7bd69cecc54e3d57e69317d1d3fa18a\redhat.java         {manageable} {command line}
   size_t InitialHeapSize                          = 104857600                                 {product} {command line}
   size_t MaxHeapSize                              = 2147483648                                {product} {command line}
   size_t MaxNewSize                               = 715653120                                 {product} {ergonomic}
   size_t MinHeapDeltaBytes                        = 524288                                    {product} {ergonomic}
   size_t MinHeapSize                              = 104857600                                 {product} {command line}
   size_t NewSize                                  = 34603008                                  {product} {ergonomic}
    uintx NonNMethodCodeHeapSize                   = 7602480                                {pd product} {ergonomic}
    uintx NonProfiledCodeHeapSize                  = 122027880                              {pd product} {ergonomic}
   size_t OldSize                                  = 70254592                                  {product} {ergonomic}
    uintx ProfiledCodeHeapSize                     = 122027880                              {pd product} {ergonomic}
    uintx ReservedCodeCacheSize                    = 251658240                              {pd product} {ergonomic}
     bool SegmentedCodeCache                       = true                                      {product} {ergonomic}
   size_t SoftMaxHeapSize                          = 2147483648                             {manageable} {ergonomic}
     bool UseCompressedOops                        = true                           {product lp64_product} {ergonomic}
     bool UseLargePagesIndividualAllocation        = false                                  {pd product} {ergonomic}
     bool UseParallelGC                            = true                                      {product} {command line}

Logging:
Log output configuration:
 #0: stdout all=off uptime,level,tags foldmultilines=false
 #1: stderr all=off uptime,level,tags foldmultilines=false

Release file:
JAVA_VERSION="21.0.10" 
MODULES="java.base java.compiler java.datatransfer java.xml java.prefs java.desktop java.instrument java.logging java.management java.security.sasl java.naming java.rmi java.management.rmi java.net.http java.scripting java.security.jgss java.transaction.xa java.sql java.sql.rowset java.xml.crypto java.se java.smartcardio jdk.accessibility jdk.internal.jvmstat jdk.attach jdk.charsets jdk.internal.opt jdk.zipfs jdk.compiler jdk.crypto.ec jdk.crypto.cryptoki jdk.crypto.mscapi jdk.dynalink jdk.internal.ed jdk.editpad jdk.hotspot.agent jdk.httpserver jdk.internal.le jdk.internal.vm.ci jdk.internal.vm.compiler jdk.internal.vm.compiler.management jdk.jartool jdk.javadoc jdk.jcmd jdk.management jdk.management.agent jdk.jconsole jdk.jdeps jdk.jdwp.agent jdk.jdi jdk.jfr jdk.jshell jdk.jsobject jdk.jstatd jdk.localedata jdk.management.jfr jdk.naming.dns jdk.naming.rmi jdk.net jdk.nio.mapmode jdk.random jdk.sctp jdk.security.auth jdk.security.jgss jdk.unsupported jdk.unsupported.desktop jdk.xml.dom" 

Environment Variables:
PATH=C:\Program Files\Eclipse Adoptium\jdk-8.0.462.8-hotspot\bin;C:\Program Files\Common Files\Oracle\Java\javapath;C:\Windows\system32;C:\Windows;C:\Windows\System32\Wbem;C:\Windows\System32\WindowsPowerShell\v1.0\;C:\Windows\System32\OpenSSH\;C:\Program Files\dotnet\;C:\Program Files\NVIDIA Corporation\NVIDIA NvDLISR;C:\WINDOWS\system32;C:\WINDOWS;C:\WINDOWS\System32\Wbem;C:\WINDOWS\System32\WindowsPowerShell\v1.0\;C:\WINDOWS\System32\OpenSSH\;C:\Program Files\nodejs\;C:\ProgramData\chocolatey\bin;C:\apache-maven-3.9.10\bin;C:\Program Files\Git\cmd;C:\Program Files\Cloudflare\Cloudflare WARP\;C:\WINDOWS\system32\config\systemprofile\AppData\Roaming\npm;C:\Program Files\Microsoft SQL Server\Client SDK\ODBC\110\Tools\Binn\;C:\Program Files (x86)\Microsoft SQL Server\120\Tools\Binn\;C:\Program Files\Microsoft SQL Server\120\Tools\Binn\;C:\Program Files\Microsoft SQL Server\120\DTS\Binn\;C:\Program Files\Eclipse Adoptium\jdk-8.0.462.8-hotspot\bin;C:\Program Files\Common Files\Oracle\Java\javapath;C:\Windows\system32;C:\Windows;C:\Windows\System32\Wbem;C:\Windows\System32\WindowsPowerShell\v1.0\;C:\Windows\System32\OpenSSH\;C:\Program Files\dotnet\;C:\Program Files\NVIDIA Corporation\NVIDIA NvDLISR;C:\WINDOWS\system32;C:\WINDOWS;C:\WINDOWS\System32\Wbem;C:\WINDOWS\System32\WindowsPowerShell\v1.0\;C:\WINDOWS\System32\OpenSSH\;C:\Program Files\nodejs\;C:\ProgramData\chocolatey\bin;C:\apache-maven-3.9.10\bin;C:\Program Files\Git\cmd;C:\Program Files\Eclipse Adoptium\jdk-8.0.462.8-hotspot\bin;C:\Program Files\Common Files\Oracle\Java\javapath;C:\Windows\system32;C:\Windows;C:\Windows\System32\Wbem;C:\Windows\System32\WindowsPowerShell\v1.0\;C:\Windows\System32\OpenSSH\;C:\Program Files\dotnet\;C:\Program Files\NVIDIA Corporation\NVIDIA NvDLISR;C:\WINDOWS\system32;C:\WINDOWS;C:\WINDOWS\System32\Wbem;C:\WINDOWS\System32\WindowsPowerShell\v1.0\;C:\WINDOWS\System32\OpenSSH\;C:\Program Files\nodejs\;C:;C:\Users\DELL\AppData\Local\Programs\Microsoft VS Code\bin;C:\Users\DELL\AppData\Roaming\npm;D:\Program Files\Antigravity\bin;C:\Program Files (x86)\Nmap
USERNAME=DELL
OS=Windows_NT
PROCESSOR_IDENTIFIER=Intel64 Family 6 Model 154 Stepping 3, GenuineIntel
TMP=C:\Users\DELL\AppData\Local\Temp
TEMP=C:\Users\DELL\AppData\Local\Temp




Periodic native trim disabled

---------------  S Y S T E M  ---------------

OS:
 Windows 11 , 64 bit Build 26100 (10.0.26100.8246)
OS uptime: 0 days 0:43 hours
Hyper-V role detected

CPU: total 16 (initial active 16) (8 cores per cpu, 2 threads per core) family 6 model 154 stepping 3 microcode 0x43b, cx8, cmov, fxsr, ht, mmx, 3dnowpref, sse, sse2, sse3, ssse3, sse4.1, sse4.2, popcnt, lzcnt, tsc, tscinvbit, avx, avx2, aes, erms, clmul, bmi1, bmi2, adx, sha, fma, vzeroupper, clflush, clflushopt, clwb, hv, serialize, rdtscp, rdpid, fsrm, f16c, cet_ibt, cet_ss
Processor Information for processor 0
  Max Mhz: 2500, Current Mhz: 2500, Mhz Limit: 2500
Processor Information for processor 1
  Max Mhz: 2500, Current Mhz: 2500, Mhz Limit: 2500
Processor Information for processor 2
  Max Mhz: 2500, Current Mhz: 2500, Mhz Limit: 2500
Processor Information for processor 3
  Max Mhz: 2500, Current Mhz: 1532, Mhz Limit: 2500
Processor Information for processor 4
  Max Mhz: 2500, Current Mhz: 2500, Mhz Limit: 2500
Processor Information for processor 5
  Max Mhz: 2500, Current Mhz: 2500, Mhz Limit: 2500
Processor Information for processor 6
  Max Mhz: 2500, Current Mhz: 2500, Mhz Limit: 2500
Processor Information for processor 7
  Max Mhz: 2500, Current Mhz: 2500, Mhz Limit: 2500
Processor Information for processor 8
  Max Mhz: 2500, Current Mhz: 2500, Mhz Limit: 2500
Processor Information for processor 9
  Max Mhz: 2500, Current Mhz: 2500, Mhz Limit: 2500
Processor Information for processor 10
  Max Mhz: 2500, Current Mhz: 2500, Mhz Limit: 2500
Processor Information for processor 11
  Max Mhz: 2500, Current Mhz: 2500, Mhz Limit: 2500
Processor Information for processor 12
  Max Mhz: 2500, Current Mhz: 1527, Mhz Limit: 2500
Processor Information for processor 13
  Max Mhz: 2500, Current Mhz: 1527, Mhz Limit: 2500
Processor Information for processor 14
  Max Mhz: 2500, Current Mhz: 2500, Mhz Limit: 2500
Processor Information for processor 15
  Max Mhz: 2500, Current Mhz: 2500, Mhz Limit: 2500

Memory: 4k page, system-wide physical 7876M (557M free)
TotalPageFile size 24022M (AvailPageFile size 0M)
current process WorkingSet (physical memory assigned to process): 7M, peak: 1206M
current process commit charge ("private bytes"): 1582M, peak: 1602M

vm_info: OpenJDK 64-Bit Server VM (21.0.10+7-LTS) for windows-amd64 JRE (21.0.10+7-LTS), built on 2026-01-20T00:00:00Z by "admin" with MS VC++ 17.12 (VS2022)

END.
