#
# There is insufficient memory for the Java Runtime Environment to continue.
# Native memory allocation (malloc) failed to allocate 1224816 bytes for Chunk::new
# Possible reasons:
#   The system is out of physical RAM or swap space
#   The process is running with CompressedOops enabled, and the Java Heap may be blocking the growth of the native heap
# Possible solutions:
#   Reduce memory load on the system
#   Increase physical memory or swap space
#   Check if swap backing store is full
#   Decrease Java heap size (-Xmx/-Xms)
#   Decrease number of Java threads
#   Decrease Java thread stack sizes (-Xss)
#   Set larger code cache with -XX:ReservedCodeCacheSize=
#   JVM is running with Unscaled Compressed Oops mode in which the Java heap is
#     placed in the first 4GB address space. The Java Heap base address is the
#     maximum limit for the native heap growth. Please use -XX:HeapBaseMinAddress
#     to set the Java Heap base and to place the Java Heap above 4GB virtual address.
# This output file may be truncated or incomplete.
#
#  Out of Memory Error (arena.cpp:168), pid=26724, tid=20352
#
# JRE version: Java(TM) SE Runtime Environment (21.0.7+8) (build 21.0.7+8-LTS-245)
# Java VM: Java HotSpot(TM) 64-Bit Server VM (21.0.7+8-LTS-245, mixed mode, sharing, tiered, compressed oops, compressed class ptrs, g1 gc, windows-amd64)
# No core dump will be written. Minidumps are not enabled by default on client versions of Windows
#

---------------  S U M M A R Y ------------

Command Line: -Dclassworlds.conf=C:\Users\DELL\.m2\wrapper\dists\apache-maven-3.9.9\977a63e90f436cd6ade95b4c0e10c20c\bin\m2.conf -Dmaven.home=C:\Users\DELL\.m2\wrapper\dists\apache-maven-3.9.9\977a63e90f436cd6ade95b4c0e10c20c -Dlibrary.jansi.path=C:\Users\DELL\.m2\wrapper\dists\apache-maven-3.9.9\977a63e90f436cd6ade95b4c0e10c20c\lib\jansi-native -Dmaven.multiModuleProjectDirectory=D:\IWS_FINAL-develop\iws_backend org.codehaus.plexus.classworlds.launcher.Launcher spring-boot:run

Host: 12th Gen Intel(R) Core(TM) i5-12500H, 16 cores, 7G,  Windows 11 , 64 bit Build 26100 (10.0.26100.8246)
Time: Sun Apr 26 04:39:06 2026 SE Asia Standard Time elapsed time: 10.091089 seconds (0d 0h 0m 10s)

---------------  T H R E A D  ---------------

Current thread (0x000001d7d629ea10):  JavaThread "C2 CompilerThread1" daemon [_thread_in_native, id=20352, stack(0x000000189e700000,0x000000189e800000) (1024K)]


Current CompileTask:
C2:  10091 9657 %     4       lombok.javac.JavacAST::buildType @ 76 (203 bytes)

Stack: [0x000000189e700000,0x000000189e800000]
Native frames: (J=compiled Java code, j=interpreted, Vv=VM code, C=native code)
V  [jvm.dll+0x6cae19]
V  [jvm.dll+0x855741]
V  [jvm.dll+0x857c6e]
V  [jvm.dll+0x858343]
V  [jvm.dll+0x27e0b6]
V  [jvm.dll+0xc4ecd]
V  [jvm.dll+0xc5403]
V  [jvm.dll+0x3b5752]
V  [jvm.dll+0x381e25]
V  [jvm.dll+0x38129a]
V  [jvm.dll+0x246b30]
V  [jvm.dll+0x24610f]
V  [jvm.dll+0x1c6efe]
V  [jvm.dll+0x255819]
V  [jvm.dll+0x253daa]
V  [jvm.dll+0x3eebb6]
V  [jvm.dll+0x7ffa1b]
V  [jvm.dll+0x6c94fd]
C  [ucrtbase.dll+0x37b0]
C  [KERNEL32.DLL+0x2e8d7]
C  [ntdll.dll+0x8c3fc]


---------------  P R O C E S S  ---------------

Threads class SMR info:
_java_thread_list=0x000001d7d5044060, length=14, elements={
0x000001d7f230f920, 0x000001d78f739f60, 0x000001d78f73a9b0, 0x000001d78f73d810,
0x000001d78f73e260, 0x000001d78f73ecb0, 0x000001d78f73f700, 0x000001d78f742490,
0x000001d78f744f30, 0x000001d78f9093c0, 0x000001d78fa9bbd0, 0x000001d78fa9d5d0,
0x000001d7d5921ff0, 0x000001d7d629ea10
}

Java Threads: ( => current thread )
  0x000001d7f230f920 JavaThread "main"                              [_thread_in_Java, id=23844, stack(0x000000189d200000,0x000000189d300000) (1024K)]
  0x000001d78f739f60 JavaThread "Reference Handler"          daemon [_thread_blocked, id=13148, stack(0x000000189da00000,0x000000189db00000) (1024K)]
  0x000001d78f73a9b0 JavaThread "Finalizer"                  daemon [_thread_blocked, id=10408, stack(0x000000189db00000,0x000000189dc00000) (1024K)]
  0x000001d78f73d810 JavaThread "Signal Dispatcher"          daemon [_thread_blocked, id=15524, stack(0x000000189dc00000,0x000000189dd00000) (1024K)]
  0x000001d78f73e260 JavaThread "Attach Listener"            daemon [_thread_blocked, id=21364, stack(0x000000189dd00000,0x000000189de00000) (1024K)]
  0x000001d78f73ecb0 JavaThread "Service Thread"             daemon [_thread_blocked, id=22416, stack(0x000000189de00000,0x000000189df00000) (1024K)]
  0x000001d78f73f700 JavaThread "Monitor Deflation Thread"   daemon [_thread_blocked, id=2440, stack(0x000000189df00000,0x000000189e000000) (1024K)]
  0x000001d78f742490 JavaThread "C2 CompilerThread0"         daemon [_thread_in_native, id=22180, stack(0x000000189e000000,0x000000189e100000) (1024K)]
  0x000001d78f744f30 JavaThread "C1 CompilerThread0"         daemon [_thread_blocked, id=17692, stack(0x000000189e100000,0x000000189e200000) (1024K)]
  0x000001d78f9093c0 JavaThread "C1 CompilerThread1"         daemon [_thread_blocked, id=4920, stack(0x000000189e200000,0x000000189e300000) (1024K)]
  0x000001d78fa9bbd0 JavaThread "Notification Thread"        daemon [_thread_blocked, id=29632, stack(0x000000189e500000,0x000000189e600000) (1024K)]
  0x000001d78fa9d5d0 JavaThread "Common-Cleaner"             daemon [_thread_blocked, id=29636, stack(0x000000189e600000,0x000000189e700000) (1024K)]
  0x000001d7d5921ff0 JavaThread "Thread-1"                   daemon [_thread_blocked, id=19716, stack(0x000000189e800000,0x000000189e900000) (1024K)]
=>0x000001d7d629ea10 JavaThread "C2 CompilerThread1"         daemon [_thread_in_native, id=20352, stack(0x000000189e700000,0x000000189e800000) (1024K)]
Total: 14

Other Threads:
  0x000001d78f719e20 VMThread "VM Thread"                           [id=7648, stack(0x000000189d900000,0x000000189da00000) (1024K)]
  0x000001d78f7086c0 WatcherThread "VM Periodic Task Thread"        [id=13188, stack(0x000000189d800000,0x000000189d900000) (1024K)]
  0x000001d7f235e850 WorkerThread "GC Thread#0"                     [id=28508, stack(0x000000189d300000,0x000000189d400000) (1024K)]
  0x000001d7d5b80270 WorkerThread "GC Thread#1"                     [id=6172, stack(0x000000189e900000,0x000000189ea00000) (1024K)]
  0x000001d7d60a7480 WorkerThread "GC Thread#2"                     [id=28436, stack(0x000000189ea00000,0x000000189eb00000) (1024K)]
  0x000001d7d61f1b20 WorkerThread "GC Thread#3"                     [id=7012, stack(0x000000189eb00000,0x000000189ec00000) (1024K)]
  0x000001d7d61f1ec0 WorkerThread "GC Thread#4"                     [id=22560, stack(0x000000189ec00000,0x000000189ed00000) (1024K)]
  0x000001d7d61f2260 WorkerThread "GC Thread#5"                     [id=18160, stack(0x000000189ed00000,0x000000189ee00000) (1024K)]
  0x000001d7d61f2600 WorkerThread "GC Thread#6"                     [id=1920, stack(0x000000189ee00000,0x000000189ef00000) (1024K)]
  0x000001d7d61fb5e0 WorkerThread "GC Thread#7"                     [id=1852, stack(0x000000189ef00000,0x000000189f000000) (1024K)]
  0x000001d7d5d9a750 WorkerThread "GC Thread#8"                     [id=22176, stack(0x000000189f000000,0x000000189f100000) (1024K)]
  0x000001d7d5d9ae90 WorkerThread "GC Thread#9"                     [id=21248, stack(0x000000189f100000,0x000000189f200000) (1024K)]
  0x000001d7d5d9a010 WorkerThread "GC Thread#10"                    [id=14756, stack(0x000000189f300000,0x000000189f400000) (1024K)]
  0x000001d7d5d9a3b0 WorkerThread "GC Thread#11"                    [id=27904, stack(0x000000189f400000,0x000000189f500000) (1024K)]
  0x000001d7d5d9aaf0 WorkerThread "GC Thread#12"                    [id=27172, stack(0x000000189f500000,0x000000189f600000) (1024K)]
  0x000001d7f236f680 ConcurrentGCThread "G1 Main Marker"            [id=18180, stack(0x000000189d400000,0x000000189d500000) (1024K)]
  0x000001d7f2372010 WorkerThread "G1 Conc#0"                       [id=23668, stack(0x000000189d500000,0x000000189d600000) (1024K)]
  0x000001d7d71029c0 WorkerThread "G1 Conc#1"                       [id=24368, stack(0x000000189f200000,0x000000189f300000) (1024K)]
  0x000001d7d7101b40 WorkerThread "G1 Conc#2"                       [id=19612, stack(0x000000189f600000,0x000000189f700000) (1024K)]
  0x000001d78f5d6bc0 ConcurrentGCThread "G1 Refine#0"               [id=28144, stack(0x000000189d600000,0x000000189d700000) (1024K)]
  0x000001d78f5d94e0 ConcurrentGCThread "G1 Service"                [id=15784, stack(0x000000189d700000,0x000000189d800000) (1024K)]
Total: 21

Threads with active compile tasks:
C2 CompilerThread0    10158 9666       4       lombok.javac.JavacTransformer$AnnotationVisitor::visitAnnotationOnField (34 bytes)
C2 CompilerThread1    10158 9657 %     4       lombok.javac.JavacAST::buildType @ 76 (203 bytes)
Total: 2

VM state: not at safepoint (normal execution)

VM Mutex/Monitor currently owned by a thread: None

Heap address: 0x0000000084e00000, size: 1970 MB, Compressed Oops mode: 32-bit

CDS archive(s) mapped at: [0x000001d790000000-0x000001d790c90000-0x000001d790c90000), size 13172736, SharedBaseAddress: 0x000001d790000000, ArchiveRelocationMode: 1.
Compressed class space mapped at: 0x000001d791000000-0x000001d7d1000000, reserved size: 1073741824
Narrow klass base: 0x000001d790000000, Narrow klass shift: 0, Narrow klass range: 0x100000000

GC Precious Log:
 CardTable entry size: 512
 Card Set container configuration: InlinePtr #cards 5 size 8 Array Of Cards #cards 12 size 40 Howl #buckets 4 coarsen threshold 1843 Howl Bitmap #cards 512 size 80 coarsen threshold 460 Card regions per heap region 1 cards per card region 2048
 CPUs: 16 total, 16 available
 Memory: 7876M
 Large Page Support: Disabled
 NUMA Support: Disabled
 Compressed Oops: Enabled (32-bit)
 Heap Region Size: 1M
 Heap Min Capacity: 8M
 Heap Initial Capacity: 124M
 Heap Max Capacity: 1970M
 Pre-touch: Disabled
 Parallel Workers: 13
 Concurrent Workers: 3
 Concurrent Refinement Workers: 13
 Periodic GC: Disabled

Heap:
 garbage-first heap   total 245760K, used 102745K [0x0000000084e00000, 0x0000000100000000)
  region size 1024K, 11 young (11264K), 2 survivors (2048K)
 Metaspace       used 31395K, committed 32000K, reserved 1114112K
  class space    used 3381K, committed 3648K, reserved 1048576K

Heap Regions: E=young(eden), S=young(survivor), O=old, HS=humongous(starts), HC=humongous(continues), CS=collection set, F=free, TAMS=top-at-mark-start, PB=parsable bottom
|   0|0x0000000084e00000, 0x0000000084f00000, 0x0000000084f00000|100%| O|  |TAMS 0x0000000084e00000| PB 0x0000000084e00000| Untracked 
|   1|0x0000000084f00000, 0x0000000085000000, 0x0000000085000000|100%| O|  |TAMS 0x0000000084f00000| PB 0x0000000084f00000| Untracked 
|   2|0x0000000085000000, 0x0000000085100000, 0x0000000085100000|100%| O|  |TAMS 0x0000000085000000| PB 0x0000000085000000| Untracked 
|   3|0x0000000085100000, 0x0000000085200000, 0x0000000085200000|100%| O|  |TAMS 0x0000000085100000| PB 0x0000000085100000| Untracked 
|   4|0x0000000085200000, 0x0000000085300000, 0x0000000085300000|100%|HS|  |TAMS 0x0000000085200000| PB 0x0000000085200000| Complete 
|   5|0x0000000085300000, 0x0000000085400000, 0x0000000085400000|100%| O|  |TAMS 0x0000000085300000| PB 0x0000000085300000| Untracked 
|   6|0x0000000085400000, 0x0000000085500000, 0x0000000085500000|100%| O|  |TAMS 0x0000000085400000| PB 0x0000000085400000| Untracked 
|   7|0x0000000085500000, 0x0000000085600000, 0x0000000085600000|100%| O|  |TAMS 0x0000000085500000| PB 0x0000000085500000| Untracked 
|   8|0x0000000085600000, 0x0000000085700000, 0x0000000085700000|100%|HS|  |TAMS 0x0000000085600000| PB 0x0000000085600000| Complete 
|   9|0x0000000085700000, 0x0000000085800000, 0x0000000085800000|100%|HC|  |TAMS 0x0000000085700000| PB 0x0000000085700000| Complete 
|  10|0x0000000085800000, 0x0000000085900000, 0x0000000085900000|100%|HC|  |TAMS 0x0000000085800000| PB 0x0000000085800000| Complete 
|  11|0x0000000085900000, 0x0000000085a00000, 0x0000000085a00000|100%|HS|  |TAMS 0x0000000085900000| PB 0x0000000085900000| Complete 
|  12|0x0000000085a00000, 0x0000000085b00000, 0x0000000085b00000|100%| O|  |TAMS 0x0000000085a00000| PB 0x0000000085a00000| Untracked 
|  13|0x0000000085b00000, 0x0000000085c00000, 0x0000000085c00000|100%|HS|  |TAMS 0x0000000085b00000| PB 0x0000000085b00000| Complete 
|  14|0x0000000085c00000, 0x0000000085d00000, 0x0000000085d00000|100%| O|  |TAMS 0x0000000085c00000| PB 0x0000000085c00000| Untracked 
|  15|0x0000000085d00000, 0x0000000085e00000, 0x0000000085e00000|100%| O|  |TAMS 0x0000000085d00000| PB 0x0000000085d00000| Untracked 
|  16|0x0000000085e00000, 0x0000000085f00000, 0x0000000085f00000|100%| O|  |TAMS 0x0000000085e00000| PB 0x0000000085e00000| Untracked 
|  17|0x0000000085f00000, 0x0000000086000000, 0x0000000086000000|100%| O|  |TAMS 0x0000000085f00000| PB 0x0000000085f00000| Untracked 
|  18|0x0000000086000000, 0x0000000086100000, 0x0000000086100000|100%| O|  |TAMS 0x0000000086000000| PB 0x0000000086000000| Untracked 
|  19|0x0000000086100000, 0x0000000086200000, 0x0000000086200000|100%| O|  |TAMS 0x0000000086100000| PB 0x0000000086100000| Untracked 
|  20|0x0000000086200000, 0x0000000086300000, 0x0000000086300000|100%| O|  |TAMS 0x0000000086200000| PB 0x0000000086200000| Untracked 
|  21|0x0000000086300000, 0x0000000086400000, 0x0000000086400000|100%| O|  |TAMS 0x0000000086300000| PB 0x0000000086300000| Untracked 
|  22|0x0000000086400000, 0x0000000086500000, 0x0000000086500000|100%| O|  |TAMS 0x0000000086400000| PB 0x0000000086400000| Untracked 
|  23|0x0000000086500000, 0x0000000086600000, 0x0000000086600000|100%| O|  |TAMS 0x0000000086500000| PB 0x0000000086500000| Untracked 
|  24|0x0000000086600000, 0x0000000086700000, 0x0000000086700000|100%| O|  |TAMS 0x0000000086600000| PB 0x0000000086600000| Untracked 
|  25|0x0000000086700000, 0x0000000086800000, 0x0000000086800000|100%| O|  |TAMS 0x0000000086700000| PB 0x0000000086700000| Untracked 
|  26|0x0000000086800000, 0x0000000086900000, 0x0000000086900000|100%| O|  |TAMS 0x0000000086800000| PB 0x0000000086800000| Untracked 
|  27|0x0000000086900000, 0x0000000086a00000, 0x0000000086a00000|100%| O|  |TAMS 0x0000000086900000| PB 0x0000000086900000| Untracked 
|  28|0x0000000086a00000, 0x0000000086b00000, 0x0000000086b00000|100%| O|  |TAMS 0x0000000086a00000| PB 0x0000000086a00000| Untracked 
|  29|0x0000000086b00000, 0x0000000086c00000, 0x0000000086c00000|100%| O|  |TAMS 0x0000000086b00000| PB 0x0000000086b00000| Untracked 
|  30|0x0000000086c00000, 0x0000000086d00000, 0x0000000086d00000|100%| O|  |TAMS 0x0000000086c00000| PB 0x0000000086c00000| Untracked 
|  31|0x0000000086d00000, 0x0000000086e00000, 0x0000000086e00000|100%| O|  |TAMS 0x0000000086d00000| PB 0x0000000086d00000| Untracked 
|  32|0x0000000086e00000, 0x0000000086f00000, 0x0000000086f00000|100%|HS|  |TAMS 0x0000000086e00000| PB 0x0000000086e00000| Complete 
|  33|0x0000000086f00000, 0x0000000087000000, 0x0000000087000000|100%| O|  |TAMS 0x0000000086f00000| PB 0x0000000086f00000| Untracked 
|  34|0x0000000087000000, 0x0000000087100000, 0x0000000087100000|100%| O|  |TAMS 0x0000000087000000| PB 0x0000000087000000| Untracked 
|  35|0x0000000087100000, 0x0000000087200000, 0x0000000087200000|100%| O|  |TAMS 0x0000000087100000| PB 0x0000000087100000| Untracked 
|  36|0x0000000087200000, 0x0000000087300000, 0x0000000087300000|100%| O|  |TAMS 0x0000000087200000| PB 0x0000000087200000| Untracked 
|  37|0x0000000087300000, 0x0000000087400000, 0x0000000087400000|100%| O|  |TAMS 0x0000000087300000| PB 0x0000000087300000| Untracked 
|  38|0x0000000087400000, 0x0000000087500000, 0x0000000087500000|100%| O|  |TAMS 0x0000000087400000| PB 0x0000000087400000| Untracked 
|  39|0x0000000087500000, 0x0000000087600000, 0x0000000087600000|100%| O|  |TAMS 0x0000000087500000| PB 0x0000000087500000| Untracked 
|  40|0x0000000087600000, 0x0000000087700000, 0x0000000087700000|100%| O|  |TAMS 0x0000000087600000| PB 0x0000000087600000| Untracked 
|  41|0x0000000087700000, 0x0000000087800000, 0x0000000087800000|100%| O|  |TAMS 0x0000000087700000| PB 0x0000000087700000| Untracked 
|  42|0x0000000087800000, 0x0000000087900000, 0x0000000087900000|100%| O|  |TAMS 0x0000000087800000| PB 0x0000000087800000| Untracked 
|  43|0x0000000087900000, 0x0000000087a00000, 0x0000000087a00000|100%| O|  |TAMS 0x0000000087900000| PB 0x0000000087900000| Untracked 
|  44|0x0000000087a00000, 0x0000000087b00000, 0x0000000087b00000|100%| O|  |TAMS 0x0000000087a00000| PB 0x0000000087a00000| Untracked 
|  45|0x0000000087b00000, 0x0000000087c00000, 0x0000000087c00000|100%| O|  |TAMS 0x0000000087b00000| PB 0x0000000087b00000| Untracked 
|  46|0x0000000087c00000, 0x0000000087d00000, 0x0000000087d00000|100%|HS|  |TAMS 0x0000000087c00000| PB 0x0000000087c00000| Complete 
|  47|0x0000000087d00000, 0x0000000087e00000, 0x0000000087e00000|100%|HC|  |TAMS 0x0000000087d00000| PB 0x0000000087d00000| Complete 
|  48|0x0000000087e00000, 0x0000000087f00000, 0x0000000087f00000|100%| O|  |TAMS 0x0000000087e00000| PB 0x0000000087e00000| Untracked 
|  49|0x0000000087f00000, 0x0000000088000000, 0x0000000088000000|100%| O|  |TAMS 0x0000000087f00000| PB 0x0000000087f00000| Untracked 
|  50|0x0000000088000000, 0x0000000088100000, 0x0000000088100000|100%| O|  |TAMS 0x0000000088000000| PB 0x0000000088000000| Untracked 
|  51|0x0000000088100000, 0x0000000088200000, 0x0000000088200000|100%| O|  |TAMS 0x0000000088100000| PB 0x0000000088100000| Untracked 
|  52|0x0000000088200000, 0x0000000088300000, 0x0000000088300000|100%| O|  |TAMS 0x0000000088200000| PB 0x0000000088200000| Untracked 
|  53|0x0000000088300000, 0x0000000088400000, 0x0000000088400000|100%| O|  |TAMS 0x0000000088300000| PB 0x0000000088300000| Untracked 
|  54|0x0000000088400000, 0x0000000088500000, 0x0000000088500000|100%| O|  |TAMS 0x0000000088400000| PB 0x0000000088400000| Untracked 
|  55|0x0000000088500000, 0x0000000088600000, 0x0000000088600000|100%| O|  |TAMS 0x0000000088500000| PB 0x0000000088500000| Untracked 
|  56|0x0000000088600000, 0x0000000088700000, 0x0000000088700000|100%| O|  |TAMS 0x0000000088600000| PB 0x0000000088600000| Untracked 
|  57|0x0000000088700000, 0x0000000088800000, 0x0000000088800000|100%| O|  |TAMS 0x0000000088700000| PB 0x0000000088700000| Untracked 
|  58|0x0000000088800000, 0x0000000088900000, 0x0000000088900000|100%| O|  |TAMS 0x0000000088800000| PB 0x0000000088800000| Untracked 
|  59|0x0000000088900000, 0x0000000088a00000, 0x0000000088a00000|100%| O|  |TAMS 0x0000000088900000| PB 0x0000000088900000| Untracked 
|  60|0x0000000088a00000, 0x0000000088b00000, 0x0000000088b00000|100%| O|  |TAMS 0x0000000088a00000| PB 0x0000000088a00000| Untracked 
|  61|0x0000000088b00000, 0x0000000088c00000, 0x0000000088c00000|100%| O|  |TAMS 0x0000000088b00000| PB 0x0000000088b00000| Untracked 
|  62|0x0000000088c00000, 0x0000000088d00000, 0x0000000088d00000|100%| O|  |TAMS 0x0000000088c00000| PB 0x0000000088c00000| Untracked 
|  63|0x0000000088d00000, 0x0000000088e00000, 0x0000000088e00000|100%| O|  |TAMS 0x0000000088d00000| PB 0x0000000088d00000| Untracked 
|  64|0x0000000088e00000, 0x0000000088f00000, 0x0000000088f00000|100%| O|  |TAMS 0x0000000088e00000| PB 0x0000000088e00000| Untracked 
|  65|0x0000000088f00000, 0x0000000089000000, 0x0000000089000000|100%| O|  |TAMS 0x0000000088f00000| PB 0x0000000088f00000| Untracked 
|  66|0x0000000089000000, 0x0000000089100000, 0x0000000089100000|100%| O|  |TAMS 0x0000000089000000| PB 0x0000000089000000| Untracked 
|  67|0x0000000089100000, 0x0000000089200000, 0x0000000089200000|100%| O|  |TAMS 0x0000000089100000| PB 0x0000000089100000| Untracked 
|  68|0x0000000089200000, 0x0000000089300000, 0x0000000089300000|100%| O|  |TAMS 0x0000000089200000| PB 0x0000000089200000| Untracked 
|  69|0x0000000089300000, 0x0000000089400000, 0x0000000089400000|100%| O|  |TAMS 0x0000000089300000| PB 0x0000000089300000| Untracked 
|  70|0x0000000089400000, 0x0000000089500000, 0x0000000089500000|100%| O|  |TAMS 0x0000000089400000| PB 0x0000000089400000| Untracked 
|  71|0x0000000089500000, 0x0000000089600000, 0x0000000089600000|100%| O|  |TAMS 0x0000000089500000| PB 0x0000000089500000| Untracked 
|  72|0x0000000089600000, 0x0000000089700000, 0x0000000089700000|100%| O|  |TAMS 0x0000000089600000| PB 0x0000000089600000| Untracked 
|  73|0x0000000089700000, 0x0000000089798070, 0x0000000089800000| 59%| O|  |TAMS 0x0000000089700000| PB 0x0000000089700000| Untracked 
|  74|0x0000000089800000, 0x0000000089800000, 0x0000000089900000|  0%| F|  |TAMS 0x0000000089800000| PB 0x0000000089800000| Untracked 
|  75|0x0000000089900000, 0x0000000089900000, 0x0000000089a00000|  0%| F|  |TAMS 0x0000000089900000| PB 0x0000000089900000| Untracked 
|  76|0x0000000089a00000, 0x0000000089a00000, 0x0000000089b00000|  0%| F|  |TAMS 0x0000000089a00000| PB 0x0000000089a00000| Untracked 
|  77|0x0000000089b00000, 0x0000000089b00000, 0x0000000089c00000|  0%| F|  |TAMS 0x0000000089b00000| PB 0x0000000089b00000| Untracked 
|  78|0x0000000089c00000, 0x0000000089c00000, 0x0000000089d00000|  0%| F|  |TAMS 0x0000000089c00000| PB 0x0000000089c00000| Untracked 
|  79|0x0000000089d00000, 0x0000000089d00000, 0x0000000089e00000|  0%| F|  |TAMS 0x0000000089d00000| PB 0x0000000089d00000| Untracked 
|  80|0x0000000089e00000, 0x0000000089e00000, 0x0000000089f00000|  0%| F|  |TAMS 0x0000000089e00000| PB 0x0000000089e00000| Untracked 
|  81|0x0000000089f00000, 0x0000000089f00000, 0x000000008a000000|  0%| F|  |TAMS 0x0000000089f00000| PB 0x0000000089f00000| Untracked 
|  82|0x000000008a000000, 0x000000008a000000, 0x000000008a100000|  0%| F|  |TAMS 0x000000008a000000| PB 0x000000008a000000| Untracked 
|  83|0x000000008a100000, 0x000000008a100000, 0x000000008a200000|  0%| F|  |TAMS 0x000000008a100000| PB 0x000000008a100000| Untracked 
|  84|0x000000008a200000, 0x000000008a200000, 0x000000008a300000|  0%| F|  |TAMS 0x000000008a200000| PB 0x000000008a200000| Untracked 
|  85|0x000000008a300000, 0x000000008a300000, 0x000000008a400000|  0%| F|  |TAMS 0x000000008a300000| PB 0x000000008a300000| Untracked 
|  86|0x000000008a400000, 0x000000008a400000, 0x000000008a500000|  0%| F|  |TAMS 0x000000008a400000| PB 0x000000008a400000| Untracked 
|  87|0x000000008a500000, 0x000000008a500000, 0x000000008a600000|  0%| F|  |TAMS 0x000000008a500000| PB 0x000000008a500000| Untracked 
|  88|0x000000008a600000, 0x000000008a600000, 0x000000008a700000|  0%| F|  |TAMS 0x000000008a600000| PB 0x000000008a600000| Untracked 
|  89|0x000000008a700000, 0x000000008a700000, 0x000000008a800000|  0%| F|  |TAMS 0x000000008a700000| PB 0x000000008a700000| Untracked 
|  90|0x000000008a800000, 0x000000008a800000, 0x000000008a900000|  0%| F|  |TAMS 0x000000008a800000| PB 0x000000008a800000| Untracked 
|  91|0x000000008a900000, 0x000000008a900000, 0x000000008aa00000|  0%| F|  |TAMS 0x000000008a900000| PB 0x000000008a900000| Untracked 
|  92|0x000000008aa00000, 0x000000008aa00000, 0x000000008ab00000|  0%| F|  |TAMS 0x000000008aa00000| PB 0x000000008aa00000| Untracked 
|  93|0x000000008ab00000, 0x000000008ab00000, 0x000000008ac00000|  0%| F|  |TAMS 0x000000008ab00000| PB 0x000000008ab00000| Untracked 
|  94|0x000000008ac00000, 0x000000008ac00000, 0x000000008ad00000|  0%| F|  |TAMS 0x000000008ac00000| PB 0x000000008ac00000| Untracked 
|  95|0x000000008ad00000, 0x000000008ad00000, 0x000000008ae00000|  0%| F|  |TAMS 0x000000008ad00000| PB 0x000000008ad00000| Untracked 
|  96|0x000000008ae00000, 0x000000008ae00000, 0x000000008af00000|  0%| F|  |TAMS 0x000000008ae00000| PB 0x000000008ae00000| Untracked 
|  97|0x000000008af00000, 0x000000008af00000, 0x000000008b000000|  0%| F|  |TAMS 0x000000008af00000| PB 0x000000008af00000| Untracked 
|  98|0x000000008b000000, 0x000000008b000000, 0x000000008b100000|  0%| F|  |TAMS 0x000000008b000000| PB 0x000000008b000000| Untracked 
|  99|0x000000008b100000, 0x000000008b100000, 0x000000008b200000|  0%| F|  |TAMS 0x000000008b100000| PB 0x000000008b100000| Untracked 
| 100|0x000000008b200000, 0x000000008b200000, 0x000000008b300000|  0%| F|  |TAMS 0x000000008b200000| PB 0x000000008b200000| Untracked 
| 101|0x000000008b300000, 0x000000008b300000, 0x000000008b400000|  0%| F|  |TAMS 0x000000008b300000| PB 0x000000008b300000| Untracked 
| 102|0x000000008b400000, 0x000000008b400000, 0x000000008b500000|  0%| F|  |TAMS 0x000000008b400000| PB 0x000000008b400000| Untracked 
| 103|0x000000008b500000, 0x000000008b500000, 0x000000008b600000|  0%| F|  |TAMS 0x000000008b500000| PB 0x000000008b500000| Untracked 
| 104|0x000000008b600000, 0x000000008b600000, 0x000000008b700000|  0%| F|  |TAMS 0x000000008b600000| PB 0x000000008b600000| Untracked 
| 105|0x000000008b700000, 0x000000008b700000, 0x000000008b800000|  0%| F|  |TAMS 0x000000008b700000| PB 0x000000008b700000| Untracked 
| 106|0x000000008b800000, 0x000000008b800000, 0x000000008b900000|  0%| F|  |TAMS 0x000000008b800000| PB 0x000000008b800000| Untracked 
| 107|0x000000008b900000, 0x000000008b900000, 0x000000008ba00000|  0%| F|  |TAMS 0x000000008b900000| PB 0x000000008b900000| Untracked 
| 108|0x000000008ba00000, 0x000000008ba00000, 0x000000008bb00000|  0%| F|  |TAMS 0x000000008ba00000| PB 0x000000008ba00000| Untracked 
| 109|0x000000008bb00000, 0x000000008bb00000, 0x000000008bc00000|  0%| F|  |TAMS 0x000000008bb00000| PB 0x000000008bb00000| Untracked 
| 110|0x000000008bc00000, 0x000000008bc00000, 0x000000008bd00000|  0%| F|  |TAMS 0x000000008bc00000| PB 0x000000008bc00000| Untracked 
| 111|0x000000008bd00000, 0x000000008bd00000, 0x000000008be00000|  0%| F|  |TAMS 0x000000008bd00000| PB 0x000000008bd00000| Untracked 
| 112|0x000000008be00000, 0x000000008be00000, 0x000000008bf00000|  0%| F|  |TAMS 0x000000008be00000| PB 0x000000008be00000| Untracked 
| 113|0x000000008bf00000, 0x000000008bf00000, 0x000000008c000000|  0%| F|  |TAMS 0x000000008bf00000| PB 0x000000008bf00000| Untracked 
| 114|0x000000008c000000, 0x000000008c000000, 0x000000008c100000|  0%| F|  |TAMS 0x000000008c000000| PB 0x000000008c000000| Untracked 
| 115|0x000000008c100000, 0x000000008c100000, 0x000000008c200000|  0%| F|  |TAMS 0x000000008c100000| PB 0x000000008c100000| Untracked 
| 116|0x000000008c200000, 0x000000008c200000, 0x000000008c300000|  0%| F|  |TAMS 0x000000008c200000| PB 0x000000008c200000| Untracked 
| 117|0x000000008c300000, 0x000000008c300000, 0x000000008c400000|  0%| F|  |TAMS 0x000000008c300000| PB 0x000000008c300000| Untracked 
| 118|0x000000008c400000, 0x000000008c400000, 0x000000008c500000|  0%| F|  |TAMS 0x000000008c400000| PB 0x000000008c400000| Untracked 
| 119|0x000000008c500000, 0x000000008c500000, 0x000000008c600000|  0%| F|  |TAMS 0x000000008c500000| PB 0x000000008c500000| Untracked 
| 120|0x000000008c600000, 0x000000008c600000, 0x000000008c700000|  0%| F|  |TAMS 0x000000008c600000| PB 0x000000008c600000| Untracked 
| 121|0x000000008c700000, 0x000000008c700000, 0x000000008c800000|  0%| F|  |TAMS 0x000000008c700000| PB 0x000000008c700000| Untracked 
| 122|0x000000008c800000, 0x000000008c800000, 0x000000008c900000|  0%| F|  |TAMS 0x000000008c800000| PB 0x000000008c800000| Untracked 
| 123|0x000000008c900000, 0x000000008c900000, 0x000000008ca00000|  0%| F|  |TAMS 0x000000008c900000| PB 0x000000008c900000| Untracked 
| 124|0x000000008ca00000, 0x000000008ca00000, 0x000000008cb00000|  0%| F|  |TAMS 0x000000008ca00000| PB 0x000000008ca00000| Untracked 
| 125|0x000000008cb00000, 0x000000008cb00000, 0x000000008cc00000|  0%| F|  |TAMS 0x000000008cb00000| PB 0x000000008cb00000| Untracked 
| 126|0x000000008cc00000, 0x000000008cc00000, 0x000000008cd00000|  0%| F|  |TAMS 0x000000008cc00000| PB 0x000000008cc00000| Untracked 
| 127|0x000000008cd00000, 0x000000008cd00000, 0x000000008ce00000|  0%| F|  |TAMS 0x000000008cd00000| PB 0x000000008cd00000| Untracked 
| 128|0x000000008ce00000, 0x000000008ce00000, 0x000000008cf00000|  0%| F|  |TAMS 0x000000008ce00000| PB 0x000000008ce00000| Untracked 
| 129|0x000000008cf00000, 0x000000008cf00000, 0x000000008d000000|  0%| F|  |TAMS 0x000000008cf00000| PB 0x000000008cf00000| Untracked 
| 130|0x000000008d000000, 0x000000008d000000, 0x000000008d100000|  0%| F|  |TAMS 0x000000008d000000| PB 0x000000008d000000| Untracked 
| 131|0x000000008d100000, 0x000000008d100000, 0x000000008d200000|  0%| F|  |TAMS 0x000000008d100000| PB 0x000000008d100000| Untracked 
| 132|0x000000008d200000, 0x000000008d200000, 0x000000008d300000|  0%| F|  |TAMS 0x000000008d200000| PB 0x000000008d200000| Untracked 
| 133|0x000000008d300000, 0x000000008d300000, 0x000000008d400000|  0%| F|  |TAMS 0x000000008d300000| PB 0x000000008d300000| Untracked 
| 134|0x000000008d400000, 0x000000008d400000, 0x000000008d500000|  0%| F|  |TAMS 0x000000008d400000| PB 0x000000008d400000| Untracked 
| 135|0x000000008d500000, 0x000000008d500000, 0x000000008d600000|  0%| F|  |TAMS 0x000000008d500000| PB 0x000000008d500000| Untracked 
| 136|0x000000008d600000, 0x000000008d600000, 0x000000008d700000|  0%| F|  |TAMS 0x000000008d600000| PB 0x000000008d600000| Untracked 
| 137|0x000000008d700000, 0x000000008d700000, 0x000000008d800000|  0%| F|  |TAMS 0x000000008d700000| PB 0x000000008d700000| Untracked 
| 138|0x000000008d800000, 0x000000008d800000, 0x000000008d900000|  0%| F|  |TAMS 0x000000008d800000| PB 0x000000008d800000| Untracked 
| 139|0x000000008d900000, 0x000000008d900000, 0x000000008da00000|  0%| F|  |TAMS 0x000000008d900000| PB 0x000000008d900000| Untracked 
| 140|0x000000008da00000, 0x000000008da00000, 0x000000008db00000|  0%| F|  |TAMS 0x000000008da00000| PB 0x000000008da00000| Untracked 
| 141|0x000000008db00000, 0x000000008db00000, 0x000000008dc00000|  0%| F|  |TAMS 0x000000008db00000| PB 0x000000008db00000| Untracked 
| 142|0x000000008dc00000, 0x000000008dc00000, 0x000000008dd00000|  0%| F|  |TAMS 0x000000008dc00000| PB 0x000000008dc00000| Untracked 
| 143|0x000000008dd00000, 0x000000008dd00000, 0x000000008de00000|  0%| F|  |TAMS 0x000000008dd00000| PB 0x000000008dd00000| Untracked 
| 144|0x000000008de00000, 0x000000008de00000, 0x000000008df00000|  0%| F|  |TAMS 0x000000008de00000| PB 0x000000008de00000| Untracked 
| 145|0x000000008df00000, 0x000000008df00000, 0x000000008e000000|  0%| F|  |TAMS 0x000000008df00000| PB 0x000000008df00000| Untracked 
| 146|0x000000008e000000, 0x000000008e000000, 0x000000008e100000|  0%| F|  |TAMS 0x000000008e000000| PB 0x000000008e000000| Untracked 
| 147|0x000000008e100000, 0x000000008e100000, 0x000000008e200000|  0%| F|  |TAMS 0x000000008e100000| PB 0x000000008e100000| Untracked 
| 148|0x000000008e200000, 0x000000008e200000, 0x000000008e300000|  0%| F|  |TAMS 0x000000008e200000| PB 0x000000008e200000| Untracked 
| 149|0x000000008e300000, 0x000000008e300000, 0x000000008e400000|  0%| F|  |TAMS 0x000000008e300000| PB 0x000000008e300000| Untracked 
| 150|0x000000008e400000, 0x000000008e400000, 0x000000008e500000|  0%| F|  |TAMS 0x000000008e400000| PB 0x000000008e400000| Untracked 
| 151|0x000000008e500000, 0x000000008e500000, 0x000000008e600000|  0%| F|  |TAMS 0x000000008e500000| PB 0x000000008e500000| Untracked 
| 152|0x000000008e600000, 0x000000008e600000, 0x000000008e700000|  0%| F|  |TAMS 0x000000008e600000| PB 0x000000008e600000| Untracked 
| 153|0x000000008e700000, 0x000000008e700000, 0x000000008e800000|  0%| F|  |TAMS 0x000000008e700000| PB 0x000000008e700000| Untracked 
| 154|0x000000008e800000, 0x000000008e800000, 0x000000008e900000|  0%| F|  |TAMS 0x000000008e800000| PB 0x000000008e800000| Untracked 
| 155|0x000000008e900000, 0x000000008e900000, 0x000000008ea00000|  0%| F|  |TAMS 0x000000008e900000| PB 0x000000008e900000| Untracked 
| 156|0x000000008ea00000, 0x000000008ea00000, 0x000000008eb00000|  0%| F|  |TAMS 0x000000008ea00000| PB 0x000000008ea00000| Untracked 
| 157|0x000000008eb00000, 0x000000008eb00000, 0x000000008ec00000|  0%| F|  |TAMS 0x000000008eb00000| PB 0x000000008eb00000| Untracked 
| 158|0x000000008ec00000, 0x000000008ec00000, 0x000000008ed00000|  0%| F|  |TAMS 0x000000008ec00000| PB 0x000000008ec00000| Untracked 
| 159|0x000000008ed00000, 0x000000008ed00000, 0x000000008ee00000|  0%| F|  |TAMS 0x000000008ed00000| PB 0x000000008ed00000| Untracked 
| 160|0x000000008ee00000, 0x000000008ee00000, 0x000000008ef00000|  0%| F|  |TAMS 0x000000008ee00000| PB 0x000000008ee00000| Untracked 
| 161|0x000000008ef00000, 0x000000008ef00000, 0x000000008f000000|  0%| F|  |TAMS 0x000000008ef00000| PB 0x000000008ef00000| Untracked 
| 162|0x000000008f000000, 0x000000008f000000, 0x000000008f100000|  0%| F|  |TAMS 0x000000008f000000| PB 0x000000008f000000| Untracked 
| 163|0x000000008f100000, 0x000000008f100000, 0x000000008f200000|  0%| F|  |TAMS 0x000000008f100000| PB 0x000000008f100000| Untracked 
| 164|0x000000008f200000, 0x000000008f200000, 0x000000008f300000|  0%| F|  |TAMS 0x000000008f200000| PB 0x000000008f200000| Untracked 
| 165|0x000000008f300000, 0x000000008f300000, 0x000000008f400000|  0%| F|  |TAMS 0x000000008f300000| PB 0x000000008f300000| Untracked 
| 166|0x000000008f400000, 0x000000008f400000, 0x000000008f500000|  0%| F|  |TAMS 0x000000008f400000| PB 0x000000008f400000| Untracked 
| 167|0x000000008f500000, 0x000000008f500000, 0x000000008f600000|  0%| F|  |TAMS 0x000000008f500000| PB 0x000000008f500000| Untracked 
| 168|0x000000008f600000, 0x000000008f600000, 0x000000008f700000|  0%| F|  |TAMS 0x000000008f600000| PB 0x000000008f600000| Untracked 
| 169|0x000000008f700000, 0x000000008f700000, 0x000000008f800000|  0%| F|  |TAMS 0x000000008f700000| PB 0x000000008f700000| Untracked 
| 170|0x000000008f800000, 0x000000008f800000, 0x000000008f900000|  0%| F|  |TAMS 0x000000008f800000| PB 0x000000008f800000| Untracked 
| 171|0x000000008f900000, 0x000000008f900000, 0x000000008fa00000|  0%| F|  |TAMS 0x000000008f900000| PB 0x000000008f900000| Untracked 
| 172|0x000000008fa00000, 0x000000008fa00000, 0x000000008fb00000|  0%| F|  |TAMS 0x000000008fa00000| PB 0x000000008fa00000| Untracked 
| 173|0x000000008fb00000, 0x000000008fb00000, 0x000000008fc00000|  0%| F|  |TAMS 0x000000008fb00000| PB 0x000000008fb00000| Untracked 
| 174|0x000000008fc00000, 0x000000008fc00000, 0x000000008fd00000|  0%| F|  |TAMS 0x000000008fc00000| PB 0x000000008fc00000| Untracked 
| 175|0x000000008fd00000, 0x000000008fd00000, 0x000000008fe00000|  0%| F|  |TAMS 0x000000008fd00000| PB 0x000000008fd00000| Untracked 
| 176|0x000000008fe00000, 0x000000008fe00000, 0x000000008ff00000|  0%| F|  |TAMS 0x000000008fe00000| PB 0x000000008fe00000| Untracked 
| 177|0x000000008ff00000, 0x000000008ff00000, 0x0000000090000000|  0%| F|  |TAMS 0x000000008ff00000| PB 0x000000008ff00000| Untracked 
| 178|0x0000000090000000, 0x0000000090000000, 0x0000000090100000|  0%| F|  |TAMS 0x0000000090000000| PB 0x0000000090000000| Untracked 
| 179|0x0000000090100000, 0x0000000090100000, 0x0000000090200000|  0%| F|  |TAMS 0x0000000090100000| PB 0x0000000090100000| Untracked 
| 180|0x0000000090200000, 0x0000000090200000, 0x0000000090300000|  0%| F|  |TAMS 0x0000000090200000| PB 0x0000000090200000| Untracked 
| 181|0x0000000090300000, 0x0000000090300000, 0x0000000090400000|  0%| F|  |TAMS 0x0000000090300000| PB 0x0000000090300000| Untracked 
| 182|0x0000000090400000, 0x0000000090400000, 0x0000000090500000|  0%| F|  |TAMS 0x0000000090400000| PB 0x0000000090400000| Untracked 
| 183|0x0000000090500000, 0x0000000090500000, 0x0000000090600000|  0%| F|  |TAMS 0x0000000090500000| PB 0x0000000090500000| Untracked 
| 184|0x0000000090600000, 0x0000000090600000, 0x0000000090700000|  0%| F|  |TAMS 0x0000000090600000| PB 0x0000000090600000| Untracked 
| 185|0x0000000090700000, 0x0000000090700000, 0x0000000090800000|  0%| F|  |TAMS 0x0000000090700000| PB 0x0000000090700000| Untracked 
| 186|0x0000000090800000, 0x0000000090800000, 0x0000000090900000|  0%| F|  |TAMS 0x0000000090800000| PB 0x0000000090800000| Untracked 
| 187|0x0000000090900000, 0x0000000090900000, 0x0000000090a00000|  0%| F|  |TAMS 0x0000000090900000| PB 0x0000000090900000| Untracked 
| 188|0x0000000090a00000, 0x0000000090a00000, 0x0000000090b00000|  0%| F|  |TAMS 0x0000000090a00000| PB 0x0000000090a00000| Untracked 
| 189|0x0000000090b00000, 0x0000000090b00000, 0x0000000090c00000|  0%| F|  |TAMS 0x0000000090b00000| PB 0x0000000090b00000| Untracked 
| 190|0x0000000090c00000, 0x0000000090c00000, 0x0000000090d00000|  0%| F|  |TAMS 0x0000000090c00000| PB 0x0000000090c00000| Untracked 
| 191|0x0000000090d00000, 0x0000000090d00000, 0x0000000090e00000|  0%| F|  |TAMS 0x0000000090d00000| PB 0x0000000090d00000| Untracked 
| 192|0x0000000090e00000, 0x0000000090e00000, 0x0000000090f00000|  0%| F|  |TAMS 0x0000000090e00000| PB 0x0000000090e00000| Untracked 
| 193|0x0000000090f00000, 0x0000000090f00000, 0x0000000091000000|  0%| F|  |TAMS 0x0000000090f00000| PB 0x0000000090f00000| Untracked 
| 194|0x0000000091000000, 0x0000000091000000, 0x0000000091100000|  0%| F|  |TAMS 0x0000000091000000| PB 0x0000000091000000| Untracked 
| 195|0x0000000091100000, 0x0000000091100000, 0x0000000091200000|  0%| F|  |TAMS 0x0000000091100000| PB 0x0000000091100000| Untracked 
| 196|0x0000000091200000, 0x0000000091200000, 0x0000000091300000|  0%| F|  |TAMS 0x0000000091200000| PB 0x0000000091200000| Untracked 
| 197|0x0000000091300000, 0x0000000091300000, 0x0000000091400000|  0%| F|  |TAMS 0x0000000091300000| PB 0x0000000091300000| Untracked 
| 198|0x0000000091400000, 0x0000000091400000, 0x0000000091500000|  0%| F|  |TAMS 0x0000000091400000| PB 0x0000000091400000| Untracked 
| 199|0x0000000091500000, 0x0000000091500000, 0x0000000091600000|  0%| F|  |TAMS 0x0000000091500000| PB 0x0000000091500000| Untracked 
| 200|0x0000000091600000, 0x0000000091600000, 0x0000000091700000|  0%| F|  |TAMS 0x0000000091600000| PB 0x0000000091600000| Untracked 
| 201|0x0000000091700000, 0x0000000091700000, 0x0000000091800000|  0%| F|  |TAMS 0x0000000091700000| PB 0x0000000091700000| Untracked 
| 202|0x0000000091800000, 0x0000000091800000, 0x0000000091900000|  0%| F|  |TAMS 0x0000000091800000| PB 0x0000000091800000| Untracked 
| 203|0x0000000091900000, 0x0000000091900000, 0x0000000091a00000|  0%| F|  |TAMS 0x0000000091900000| PB 0x0000000091900000| Untracked 
| 204|0x0000000091a00000, 0x0000000091a00000, 0x0000000091b00000|  0%| F|  |TAMS 0x0000000091a00000| PB 0x0000000091a00000| Untracked 
| 205|0x0000000091b00000, 0x0000000091b00000, 0x0000000091c00000|  0%| F|  |TAMS 0x0000000091b00000| PB 0x0000000091b00000| Untracked 
| 206|0x0000000091c00000, 0x0000000091c00000, 0x0000000091d00000|  0%| F|  |TAMS 0x0000000091c00000| PB 0x0000000091c00000| Untracked 
| 207|0x0000000091d00000, 0x0000000091d00000, 0x0000000091e00000|  0%| F|  |TAMS 0x0000000091d00000| PB 0x0000000091d00000| Untracked 
| 208|0x0000000091e00000, 0x0000000091e00000, 0x0000000091f00000|  0%| F|  |TAMS 0x0000000091e00000| PB 0x0000000091e00000| Untracked 
| 209|0x0000000091f00000, 0x0000000091f00000, 0x0000000092000000|  0%| F|  |TAMS 0x0000000091f00000| PB 0x0000000091f00000| Untracked 
| 210|0x0000000092000000, 0x0000000092000000, 0x0000000092100000|  0%| F|  |TAMS 0x0000000092000000| PB 0x0000000092000000| Untracked 
| 211|0x0000000092100000, 0x0000000092100000, 0x0000000092200000|  0%| F|  |TAMS 0x0000000092100000| PB 0x0000000092100000| Untracked 
| 212|0x0000000092200000, 0x00000000922ff930, 0x0000000092300000| 99%| E|  |TAMS 0x0000000092200000| PB 0x0000000092200000| Complete 
| 213|0x0000000092300000, 0x0000000092400000, 0x0000000092400000|100%| E|CS|TAMS 0x0000000092300000| PB 0x0000000092300000| Complete 
| 214|0x0000000092400000, 0x0000000092500000, 0x0000000092500000|100%| E|CS|TAMS 0x0000000092400000| PB 0x0000000092400000| Complete 
| 215|0x0000000092500000, 0x0000000092600000, 0x0000000092600000|100%| E|CS|TAMS 0x0000000092500000| PB 0x0000000092500000| Complete 
| 216|0x0000000092600000, 0x0000000092700000, 0x0000000092700000|100%| E|CS|TAMS 0x0000000092600000| PB 0x0000000092600000| Complete 
| 217|0x0000000092700000, 0x0000000092800000, 0x0000000092800000|100%| E|CS|TAMS 0x0000000092700000| PB 0x0000000092700000| Complete 
| 218|0x0000000092800000, 0x0000000092900000, 0x0000000092900000|100%| E|CS|TAMS 0x0000000092800000| PB 0x0000000092800000| Complete 
| 219|0x0000000092900000, 0x00000000929be4d0, 0x0000000092a00000| 74%| S|CS|TAMS 0x0000000092900000| PB 0x0000000092900000| Complete 
| 220|0x0000000092a00000, 0x0000000092b00000, 0x0000000092b00000|100%| S|CS|TAMS 0x0000000092a00000| PB 0x0000000092a00000| Complete 
| 221|0x0000000092b00000, 0x0000000092c00000, 0x0000000092c00000|100%| E|CS|TAMS 0x0000000092b00000| PB 0x0000000092b00000| Complete 
| 222|0x0000000092c00000, 0x0000000092d00000, 0x0000000092d00000|100%| E|CS|TAMS 0x0000000092c00000| PB 0x0000000092c00000| Complete 
|1953|0x00000000fef00000, 0x00000000ff000000, 0x00000000ff000000|100%| O|  |TAMS 0x00000000fef00000| PB 0x00000000fef00000| Untracked 
|1954|0x00000000ff000000, 0x00000000ff100000, 0x00000000ff100000|100%| O|  |TAMS 0x00000000ff000000| PB 0x00000000ff000000| Untracked 
|1955|0x00000000ff100000, 0x00000000ff200000, 0x00000000ff200000|100%| O|  |TAMS 0x00000000ff100000| PB 0x00000000ff100000| Untracked 
|1956|0x00000000ff200000, 0x00000000ff300000, 0x00000000ff300000|100%| O|  |TAMS 0x00000000ff200000| PB 0x00000000ff200000| Untracked 
|1957|0x00000000ff300000, 0x00000000ff400000, 0x00000000ff400000|100%| O|  |TAMS 0x00000000ff300000| PB 0x00000000ff300000| Untracked 
|1958|0x00000000ff400000, 0x00000000ff500000, 0x00000000ff500000|100%| O|  |TAMS 0x00000000ff400000| PB 0x00000000ff400000| Untracked 
|1959|0x00000000ff500000, 0x00000000ff600000, 0x00000000ff600000|100%| O|  |TAMS 0x00000000ff500000| PB 0x00000000ff500000| Untracked 
|1960|0x00000000ff600000, 0x00000000ff700000, 0x00000000ff700000|100%| O|  |TAMS 0x00000000ff600000| PB 0x00000000ff600000| Untracked 
|1961|0x00000000ff700000, 0x00000000ff800000, 0x00000000ff800000|100%| O|  |TAMS 0x00000000ff700000| PB 0x00000000ff700000| Untracked 
|1962|0x00000000ff800000, 0x00000000ff900000, 0x00000000ff900000|100%| O|  |TAMS 0x00000000ff800000| PB 0x00000000ff800000| Untracked 
|1963|0x00000000ff900000, 0x00000000ffa00000, 0x00000000ffa00000|100%| O|  |TAMS 0x00000000ff900000| PB 0x00000000ff900000| Untracked 
|1964|0x00000000ffa00000, 0x00000000ffb00000, 0x00000000ffb00000|100%| O|  |TAMS 0x00000000ffa00000| PB 0x00000000ffa00000| Untracked 
|1965|0x00000000ffb00000, 0x00000000ffc00000, 0x00000000ffc00000|100%| O|  |TAMS 0x00000000ffb00000| PB 0x00000000ffb00000| Untracked 
|1966|0x00000000ffc00000, 0x00000000ffd00000, 0x00000000ffd00000|100%| O|  |TAMS 0x00000000ffc00000| PB 0x00000000ffc00000| Untracked 
|1967|0x00000000ffd00000, 0x00000000ffe00000, 0x00000000ffe00000|100%| O|  |TAMS 0x00000000ffd00000| PB 0x00000000ffd00000| Untracked 
|1968|0x00000000ffe00000, 0x00000000fff00000, 0x00000000fff00000|100%| O|  |TAMS 0x00000000ffe00000| PB 0x00000000ffe00000| Untracked 
|1969|0x00000000fff00000, 0x0000000100000000, 0x0000000100000000|100%| O|  |TAMS 0x00000000fff00000| PB 0x00000000fff00000| Untracked 

Card table byte_map: [0x000001d7fb400000,0x000001d7fb7e0000] _byte_map_base: 0x000001d7fafd9000

Marking Bits: (CMBitMap*) 0x000001d7f235f760
 Bits: [0x000001d7fb7e0000, 0x000001d7fd6a8000)

Polling page: 0x000001d7f0480000

Metaspace:

Usage:
  Non-class:     27.36 MB used.
      Class:      3.30 MB used.
       Both:     30.66 MB used.

Virtual space:
  Non-class space:       64.00 MB reserved,      27.69 MB ( 43%) committed,  1 nodes.
      Class space:        1.00 GB reserved,       3.56 MB ( <1%) committed,  1 nodes.
             Both:        1.06 GB reserved,      31.25 MB (  3%) committed. 

Chunk freelists:
   Non-Class:  4.12 MB
       Class:  12.41 MB
        Both:  16.53 MB

MaxMetaspaceSize: unlimited
CompressedClassSpaceSize: 1.00 GB
Initial GC threshold: 21.00 MB
Current GC threshold: 35.25 MB
CDS: on
 - commit_granule_bytes: 65536.
 - commit_granule_words: 8192.
 - virtual_space_node_default_size: 8388608.
 - enlarge_chunks_in_place: 1.
 - use_allocation_guard: 0.


Internal statistics:

num_allocs_failed_limit: 3.
num_arena_births: 580.
num_arena_deaths: 0.
num_vsnodes_births: 2.
num_vsnodes_deaths: 0.
num_space_committed: 500.
num_space_uncommitted: 0.
num_chunks_returned_to_freelist: 3.
num_chunks_taken_from_freelist: 1823.
num_chunk_merges: 3.
num_chunk_splits: 1240.
num_chunks_enlarged: 874.
num_inconsistent_stats: 0.

CodeHeap 'non-profiled nmethods': size=119168Kb used=6017Kb max_used=6017Kb free=113150Kb
 bounds [0x000001d787ba0000, 0x000001d788190000, 0x000001d78f000000]
CodeHeap 'profiled nmethods': size=119104Kb used=22793Kb max_used=22793Kb free=96310Kb
 bounds [0x000001d780000000, 0x000001d781650000, 0x000001d787450000]
CodeHeap 'non-nmethods': size=7488Kb used=2024Kb max_used=3217Kb free=5463Kb
 bounds [0x000001d787450000, 0x000001d787790000, 0x000001d787ba0000]
 total_blobs=10197 nmethods=9654 adapters=446
 compilation: enabled
              stopped_count=0, restarted_count=0
 full_count=0

Compilation events (20 events):
Event: 9.032 Thread 0x000001d7d629ea10 nmethod 9169 0x000001d788174090 code [0x000001d788174220, 0x000001d7881742d8]
Event: 9.032 Thread 0x000001d7d629ea10 9198       4       com.sun.tools.javac.comp.Check$NestedCheckContext::compatible (13 bytes)
Event: 9.033 Thread 0x000001d7d629ea10 nmethod 9198 0x000001d788174390 code [0x000001d788174520, 0x000001d7881745d0]
Event: 9.033 Thread 0x000001d7d629ea10 9373       4       com.sun.tools.javac.tree.JCTree$JCReturn::accept (6 bytes)
Event: 9.033 Thread 0x000001d7d629ea10 nmethod 9373 0x000001d788174690 code [0x000001d788174820, 0x000001d7881748d8]
Event: 9.033 Thread 0x000001d7d629ea10 9374       4       com.sun.tools.javac.tree.TreeScanner::visitReturn (9 bytes)
Event: 9.033 Thread 0x000001d7d629ea10 nmethod 9374 0x000001d788174990 code [0x000001d788174b20, 0x000001d788174be8]
Event: 9.033 Thread 0x000001d7d629ea10 9450       4       lombok.javac.handlers.JavacHandlerUtil::createFieldAccessor (8 bytes)
Event: 9.034 Thread 0x000001d7d629ea10 nmethod 9450 0x000001d788174c90 code [0x000001d788174e20, 0x000001d788174eb8]
Event: 9.034 Thread 0x000001d7d629ea10 9126       4       com.sun.tools.javac.code.DeferredCompletionFailureHandler::classSymbolCompleteFailed (12 bytes)
Event: 9.037 Thread 0x000001d7d629ea10 nmethod 9126 0x000001d788174f90 code [0x000001d788175160, 0x000001d788175770]
Event: 9.037 Thread 0x000001d7d629ea10 9451       4       com.sun.tools.javac.code.Type$JCVoidType::getTag (4 bytes)
Event: 9.037 Thread 0x000001d7d629ea10 nmethod 9451 0x000001d788175990 code [0x000001d788175b20, 0x000001d788175bb0]
Event: 9.037 Thread 0x000001d7d629ea10 9120       4       com.sun.tools.javac.code.DeferredCompletionFailureHandler$1::classSymbolRemoved (12 bytes)
Event: 9.037 Thread 0x000001d7d629ea10 nmethod 9120 0x000001d788175c90 code [0x000001d788175e20, 0x000001d788175ed0]
Event: 9.037 Thread 0x000001d7d629ea10 9607       4       com.sun.tools.javac.tree.JCTree$JCConditional::accept (6 bytes)
Event: 9.038 Thread 0x000001d7d629ea10 nmethod 9607 0x000001d788175f90 code [0x000001d788176120, 0x000001d7881761d8]
Event: 9.038 Thread 0x000001d7d629ea10 9608       4       com.sun.tools.javac.tree.TreeScanner::visitConditional (25 bytes)
Event: 9.038 Thread 0x000001d7d629ea10 nmethod 9608 0x000001d788176290 code [0x000001d788176420, 0x000001d788176540]
Event: 9.038 Thread 0x000001d7d629ea10 9657 %     4       lombok.javac.JavacAST::buildType @ 76 (203 bytes)

GC Heap History (20 events):
Event: 6.341 GC heap after
{Heap after GC invocations=8 (full 0):
 garbage-first heap   total 152576K, used 57856K [0x0000000084e00000, 0x0000000100000000)
  region size 1024K, 8 young (8192K), 8 survivors (8192K)
 Metaspace       used 27715K, committed 28096K, reserved 1114112K
  class space    used 3024K, committed 3200K, reserved 1048576K
}
Event: 6.874 GC heap before
{Heap before GC invocations=8 (full 0):
 garbage-first heap   total 152576K, used 119296K [0x0000000084e00000, 0x0000000100000000)
  region size 1024K, 69 young (70656K), 8 survivors (8192K)
 Metaspace       used 29038K, committed 29440K, reserved 1114112K
  class space    used 3133K, committed 3328K, reserved 1048576K
}
Event: 6.884 GC heap after
{Heap after GC invocations=9 (full 0):
 garbage-first heap   total 152576K, used 62976K [0x0000000084e00000, 0x0000000100000000)
  region size 1024K, 5 young (5120K), 5 survivors (5120K)
 Metaspace       used 29038K, committed 29440K, reserved 1114112K
  class space    used 3133K, committed 3328K, reserved 1048576K
}
Event: 7.244 GC heap before
{Heap before GC invocations=9 (full 0):
 garbage-first heap   total 152576K, used 125440K [0x0000000084e00000, 0x0000000100000000)
  region size 1024K, 66 young (67584K), 5 survivors (5120K)
 Metaspace       used 30288K, committed 30720K, reserved 1114112K
  class space    used 3261K, committed 3456K, reserved 1048576K
}
Event: 7.250 GC heap after
{Heap after GC invocations=10 (full 0):
 garbage-first heap   total 152576K, used 63693K [0x0000000084e00000, 0x0000000100000000)
  region size 1024K, 6 young (6144K), 6 survivors (6144K)
 Metaspace       used 30288K, committed 30720K, reserved 1114112K
  class space    used 3261K, committed 3456K, reserved 1048576K
}
Event: 7.516 GC heap before
{Heap before GC invocations=10 (full 0):
 garbage-first heap   total 152576K, used 129229K [0x0000000084e00000, 0x0000000100000000)
  region size 1024K, 70 young (71680K), 6 survivors (6144K)
 Metaspace       used 30800K, committed 31296K, reserved 1114112K
  class space    used 3339K, committed 3584K, reserved 1048576K
}
Event: 7.522 GC heap after
{Heap after GC invocations=11 (full 0):
 garbage-first heap   total 152576K, used 64803K [0x0000000084e00000, 0x0000000100000000)
  region size 1024K, 2 young (2048K), 2 survivors (2048K)
 Metaspace       used 30800K, committed 31296K, reserved 1114112K
  class space    used 3339K, committed 3584K, reserved 1048576K
}
Event: 7.869 GC heap before
{Heap before GC invocations=11 (full 0):
 garbage-first heap   total 152576K, used 132387K [0x0000000084e00000, 0x0000000100000000)
  region size 1024K, 68 young (69632K), 2 survivors (2048K)
 Metaspace       used 31020K, committed 31488K, reserved 1114112K
  class space    used 3346K, committed 3584K, reserved 1048576K
}
Event: 7.876 GC heap after
{Heap after GC invocations=12 (full 0):
 garbage-first heap   total 183296K, used 68555K [0x0000000084e00000, 0x0000000100000000)
  region size 1024K, 6 young (6144K), 6 survivors (6144K)
 Metaspace       used 31020K, committed 31488K, reserved 1114112K
  class space    used 3346K, committed 3584K, reserved 1048576K
}
Event: 8.151 GC heap before
{Heap before GC invocations=12 (full 0):
 garbage-first heap   total 183296K, used 158667K [0x0000000084e00000, 0x0000000100000000)
  region size 1024K, 95 young (97280K), 6 survivors (6144K)
 Metaspace       used 31175K, committed 31680K, reserved 1114112K
  class space    used 3366K, committed 3584K, reserved 1048576K
}
Event: 8.159 GC heap after
{Heap after GC invocations=13 (full 0):
 garbage-first heap   total 183296K, used 71820K [0x0000000084e00000, 0x0000000100000000)
  region size 1024K, 9 young (9216K), 9 survivors (9216K)
 Metaspace       used 31175K, committed 31680K, reserved 1114112K
  class space    used 3366K, committed 3584K, reserved 1048576K
}
Event: 8.377 GC heap before
{Heap before GC invocations=13 (full 0):
 garbage-first heap   total 183296K, used 161932K [0x0000000084e00000, 0x0000000100000000)
  region size 1024K, 96 young (98304K), 9 survivors (9216K)
 Metaspace       used 31304K, committed 31872K, reserved 1114112K
  class space    used 3378K, committed 3648K, reserved 1048576K
}
Event: 8.390 GC heap after
{Heap after GC invocations=14 (full 0):
 garbage-first heap   total 183296K, used 76800K [0x0000000084e00000, 0x0000000100000000)
  region size 1024K, 8 young (8192K), 8 survivors (8192K)
 Metaspace       used 31304K, committed 31872K, reserved 1114112K
  class space    used 3378K, committed 3648K, reserved 1048576K
}
Event: 8.600 GC heap before
{Heap before GC invocations=14 (full 0):
 garbage-first heap   total 183296K, used 165888K [0x0000000084e00000, 0x0000000100000000)
  region size 1024K, 93 young (95232K), 8 survivors (8192K)
 Metaspace       used 31348K, committed 31936K, reserved 1114112K
  class space    used 3380K, committed 3648K, reserved 1048576K
}
Event: 8.613 GC heap after
{Heap after GC invocations=15 (full 0):
 garbage-first heap   total 183296K, used 83968K [0x0000000084e00000, 0x0000000100000000)
  region size 1024K, 10 young (10240K), 10 survivors (10240K)
 Metaspace       used 31348K, committed 31936K, reserved 1114112K
  class space    used 3380K, committed 3648K, reserved 1048576K
}
Event: 8.742 GC heap before
{Heap before GC invocations=15 (full 0):
 garbage-first heap   total 183296K, used 162816K [0x0000000084e00000, 0x0000000100000000)
  region size 1024K, 87 young (89088K), 10 survivors (10240K)
 Metaspace       used 31369K, committed 31936K, reserved 1114112K
  class space    used 3380K, committed 3648K, reserved 1048576K
}
Event: 8.755 GC heap after
{Heap after GC invocations=16 (full 0):
 garbage-first heap   total 245760K, used 88921K [0x0000000084e00000, 0x0000000100000000)
  region size 1024K, 10 young (10240K), 10 survivors (10240K)
 Metaspace       used 31369K, committed 31936K, reserved 1114112K
  class space    used 3380K, committed 3648K, reserved 1048576K
}
Event: 8.937 GC heap before
{Heap before GC invocations=16 (full 0):
 garbage-first heap   total 245760K, used 223065K [0x0000000084e00000, 0x0000000100000000)
  region size 1024K, 141 young (144384K), 10 survivors (10240K)
 Metaspace       used 31388K, committed 32000K, reserved 1114112K
  class space    used 3381K, committed 3648K, reserved 1048576K
}
Event: 8.948 GC heap after
{Heap after GC invocations=17 (full 0):
 garbage-first heap   total 245760K, used 93141K [0x0000000084e00000, 0x0000000100000000)
  region size 1024K, 14 young (14336K), 14 survivors (14336K)
 Metaspace       used 31388K, committed 32000K, reserved 1114112K
  class space    used 3381K, committed 3648K, reserved 1048576K
}
Event: 9.078 GC heap before
{Heap before GC invocations=17 (full 0):
 garbage-first heap   total 245760K, used 219093K [0x0000000084e00000, 0x0000000100000000)
  region size 1024K, 137 young (140288K), 14 survivors (14336K)
 Metaspace       used 31395K, committed 32000K, reserved 1114112K
  class space    used 3381K, committed 3648K, reserved 1048576K
}

Dll operation events (8 events):
Event: 0.014 Loaded shared library C:\Program Files\Java\jdk-21\bin\java.dll
Event: 0.056 Loaded shared library C:\Program Files\Java\jdk-21\bin\jsvml.dll
Event: 0.074 Loaded shared library C:\Program Files\Java\jdk-21\bin\net.dll
Event: 0.080 Loaded shared library C:\Program Files\Java\jdk-21\bin\nio.dll
Event: 0.088 Loaded shared library C:\Program Files\Java\jdk-21\bin\zip.dll
Event: 0.422 Loaded shared library C:\Program Files\Java\jdk-21\bin\jimage.dll
Event: 0.427 Loaded shared library C:\Users\DELL\.m2\wrapper\dists\apache-maven-3.9.9\977a63e90f436cd6ade95b4c0e10c20c\lib\jansi-native\Windows\x86_64\jansi.dll
Event: 0.444 Loaded shared library C:\Program Files\Java\jdk-21\bin\verify.dll

Deoptimization events (20 events):
Event: 9.019 Thread 0x000001d7f230f920 Uncommon trap: trap_request=0xffffff45 fr.pc=0x000001d7880f86a0 relative=0x00000000000006e0
Event: 9.019 Thread 0x000001d7f230f920 Uncommon trap: reason=unstable_if action=reinterpret pc=0x000001d7880f86a0 method=lombok.core.FieldAugment$MapFieldAugment.read(Ljava/lang/Object;)Ljava/lang/Object; @ 12 c2
Event: 9.019 Thread 0x000001d7f230f920 DEOPT PACKING pc=0x000001d7880f86a0 sp=0x000000189d2fcbf0
Event: 9.019 Thread 0x000001d7f230f920 DEOPT UNPACKING pc=0x000001d7874a46a2 sp=0x000000189d2fcb48 mode 2
Event: 9.019 Thread 0x000001d7f230f920 Uncommon trap: trap_request=0xffffff45 fr.pc=0x000001d78806d6b4 relative=0x00000000000010b4
Event: 9.019 Thread 0x000001d7f230f920 Uncommon trap: reason=unstable_if action=reinterpret pc=0x000001d78806d6b4 method=java.util.WeakHashMap.put(Ljava/lang/Object;Ljava/lang/Object;)Ljava/lang/Object; @ 70 c2
Event: 9.019 Thread 0x000001d7f230f920 DEOPT PACKING pc=0x000001d78806d6b4 sp=0x000000189d2fcac0
Event: 9.019 Thread 0x000001d7f230f920 DEOPT UNPACKING pc=0x000001d7874a46a2 sp=0x000000189d2fca98 mode 2
Event: 9.019 Thread 0x000001d7f230f920 Uncommon trap: trap_request=0xffffff45 fr.pc=0x000001d78814af50 relative=0x0000000000000530
Event: 9.019 Thread 0x000001d7f230f920 Uncommon trap: reason=unstable_if action=reinterpret pc=0x000001d78814af50 method=lombok.javac.HandlerLibrary.handleAnnotation(Lcom/sun/tools/javac/tree/JCTree$JCCompilationUnit;Llombok/javac/JavacNode;Lcom/sun/tools/javac/tree/JCTree$JCAnnotation;J)V @ 1
Event: 9.019 Thread 0x000001d7f230f920 DEOPT PACKING pc=0x000001d78814af50 sp=0x000000189d2fcc80
Event: 9.019 Thread 0x000001d7f230f920 DEOPT UNPACKING pc=0x000001d7874a46a2 sp=0x000000189d2fcc20 mode 2
Event: 9.073 Thread 0x000001d7f230f920 Uncommon trap: trap_request=0xffffff45 fr.pc=0x000001d788071648 relative=0x0000000000001ba8
Event: 9.073 Thread 0x000001d7f230f920 Uncommon trap: reason=unstable_if action=reinterpret pc=0x000001d788071648 method=lombok.core.configuration.FileSystemSourceCache.parseIfNeccesary(Llombok/core/configuration/ConfigurationFile;Llombok/core/configuration/ConfigurationParser;)Llombok/core/co
Event: 9.073 Thread 0x000001d7f230f920 DEOPT PACKING pc=0x000001d788071648 sp=0x000000189d2fcfe0
Event: 9.073 Thread 0x000001d7f230f920 DEOPT UNPACKING pc=0x000001d7874a46a2 sp=0x000000189d2fce28 mode 2
Event: 9.074 Thread 0x000001d7f230f920 Uncommon trap: trap_request=0xffffff45 fr.pc=0x000001d7880b3e3c relative=0x0000000000000a9c
Event: 9.074 Thread 0x000001d7f230f920 Uncommon trap: reason=unstable_if action=reinterpret pc=0x000001d7880b3e3c method=lombok.core.configuration.FileSystemSourceCache.parseIfNeccesary(Llombok/core/configuration/ConfigurationFile;Llombok/core/configuration/ConfigurationParser;)Llombok/core/co
Event: 9.074 Thread 0x000001d7f230f920 DEOPT PACKING pc=0x000001d7880b3e3c sp=0x000000189d2fcee0
Event: 9.074 Thread 0x000001d7f230f920 DEOPT UNPACKING pc=0x000001d7874a46a2 sp=0x000000189d2fce88 mode 2

Classes loaded (20 events):
Event: 7.039 Loading class java/util/Collections$UnmodifiableSortedSet
Event: 7.039 Loading class java/util/Collections$UnmodifiableSortedSet done
Event: 7.048 Loading class java/util/IdentityHashMap$EntrySet
Event: 7.049 Loading class java/util/IdentityHashMap$EntrySet done
Event: 7.049 Loading class java/util/IdentityHashMap$EntryIterator
Event: 7.049 Loading class java/util/IdentityHashMap$EntryIterator done
Event: 7.049 Loading class java/util/IdentityHashMap$EntryIterator$Entry
Event: 7.050 Loading class java/util/IdentityHashMap$EntryIterator$Entry done
Event: 7.055 Loading class java/util/function/UnaryOperator
Event: 7.055 Loading class java/util/function/UnaryOperator done
Event: 7.063 Loading class java/util/regex/Pattern$Caret
Event: 7.067 Loading class java/util/regex/Pattern$Caret done
Event: 7.405 Loading class java/util/regex/Pattern$SliceI
Event: 7.406 Loading class java/util/regex/Pattern$SliceI done
Event: 7.407 Loading class java/util/regex/Pattern$Loop
Event: 7.407 Loading class java/util/regex/Pattern$Loop done
Event: 7.407 Loading class java/util/regex/Pattern$Prolog
Event: 7.408 Loading class java/util/regex/Pattern$Prolog done
Event: 7.471 Loading class java/util/regex/Pattern$LazyLoop
Event: 7.472 Loading class java/util/regex/Pattern$LazyLoop done

Classes unloaded (0 events):
No events

Classes redefined (0 events):
No events

Internal exceptions (20 events):
Event: 6.700 Thread 0x000001d7f230f920 Implicit null exception at 0x000001d787d15278 to 0x000001d787d156d8
Event: 7.173 Thread 0x000001d7f230f920 Implicit null exception at 0x000001d787dee8cb to 0x000001d787deef30
Event: 7.415 Thread 0x000001d7f230f920 Exception <a 'java/lang/NoSuchMethodError'{0x0000000089b906f8}: 'java.lang.Object java.lang.invoke.DirectMethodHandle$Holder.invokeVirtual(java.lang.Object, java.lang.Object, long)'> (0x0000000089b906f8) 
thrown [s\open\src\hotspot\share\interpreter\linkResolver.cpp, line 773]
Event: 7.415 Thread 0x000001d7f230f920 Exception <a 'java/lang/NoSuchMethodError'{0x0000000089b9dc60}: 'java.lang.Object java.lang.invoke.DirectMethodHandle$Holder.invokeVirtual(java.lang.Object, java.lang.Object, java.lang.Object, java.lang.Object, java.lang.Object, java.lang.Object, java.lang.Object, java.lang.Object)'> (0x0000000089b9dc60) 
thrown [s\open\src\hotspot\share\interpreter\linkResolver.cpp, line 773]
Event: 7.419 Thread 0x000001d7f230f920 Exception <a 'java/lang/NoSuchMethodError'{0x0000000089bb74a0}: 'java.lang.Object java.lang.invoke.DirectMethodHandle$Holder.invokeStatic(java.lang.Object, java.lang.Object, int)'> (0x0000000089bb74a0) 
thrown [s\open\src\hotspot\share\interpreter\linkResolver.cpp, line 773]
Event: 7.420 Thread 0x000001d7f230f920 Exception <a 'java/lang/NoSuchMethodError'{0x0000000089bbb920}: 'void java.lang.invoke.DirectMethodHandle$Holder.invokeStatic(java.lang.Object, java.lang.Object, int, java.lang.Object)'> (0x0000000089bbb920) 
thrown [s\open\src\hotspot\share\interpreter\linkResolver.cpp, line 773]
Event: 7.420 Thread 0x000001d7f230f920 Exception <a 'java/lang/NoSuchMethodError'{0x0000000089bc2cd0}: 'void java.lang.invoke.DelegatingMethodHandle$Holder.delegate(java.lang.Object, java.lang.Object, int, java.lang.Object)'> (0x0000000089bc2cd0) 
thrown [s\open\src\hotspot\share\interpreter\linkResolver.cpp, line 773]
Event: 7.423 Thread 0x000001d7f230f920 Exception <a 'java/lang/NoSuchMethodError'{0x0000000089bded88}: 'void java.lang.invoke.DirectMethodHandle$Holder.invokeInterface(java.lang.Object, java.lang.Object, java.lang.Object, int)'> (0x0000000089bded88) 
thrown [s\open\src\hotspot\share\interpreter\linkResolver.cpp, line 773]
Event: 7.423 Thread 0x000001d7f230f920 Exception <a 'java/lang/NoSuchMethodError'{0x0000000089be6328}: 'void java.lang.invoke.DelegatingMethodHandle$Holder.reinvoke_L(java.lang.Object, java.lang.Object, java.lang.Object, int)'> (0x0000000089be6328) 
thrown [s\open\src\hotspot\share\interpreter\linkResolver.cpp, line 773]
Event: 7.435 Thread 0x000001d7f230f920 Exception <a 'java/lang/NoSuchMethodError'{0x0000000089aceba8}: 'java.lang.Object java.lang.invoke.DirectMethodHandle$Holder.invokeVirtual(java.lang.Object, java.lang.Object, java.lang.Object, java.lang.Object)'> (0x0000000089aceba8) 
thrown [s\open\src\hotspot\share\interpreter\linkResolver.cpp, line 773]
Event: 7.443 Thread 0x000001d7f230f920 Exception <a 'java/lang/NoSuchMethodError'{0x0000000089968670}: 'java.lang.Object java.lang.invoke.DirectMethodHandle$Holder.invokeVirtual(java.lang.Object, java.lang.Object, java.lang.Object, java.lang.Object, java.lang.Object, java.lang.Object)'> (0x0000000089968670) 
thrown [s\open\src\hotspot\share\interpreter\linkResolver.cpp, line 773]
Event: 7.444 Thread 0x000001d7f230f920 Implicit null exception at 0x000001d787debc7d to 0x000001d787debde8
Event: 7.445 Thread 0x000001d7f230f920 Exception <a 'java/lang/NoSuchMethodError'{0x000000008998ae08}: 'void java.lang.invoke.DirectMethodHandle$Holder.invokeVirtual(java.lang.Object, java.lang.Object, java.lang.Object, java.lang.Object)'> (0x000000008998ae08) 
thrown [s\open\src\hotspot\share\interpreter\linkResolver.cpp, line 773]
Event: 7.454 Thread 0x000001d7f230f920 Exception <a 'java/lang/NoSuchMethodError'{0x0000000089844a58}: 'java.lang.Object java.lang.invoke.DirectMethodHandle$Holder.invokeSpecial(java.lang.Object, java.lang.Object, java.lang.Object, long, java.lang.Object)'> (0x0000000089844a58) 
thrown [s\open\src\hotspot\share\interpreter\linkResolver.cpp, line 773]
Event: 7.454 Thread 0x000001d7f230f920 Exception <a 'java/lang/NoSuchMethodError'{0x00000000898489d8}: 'java.lang.Object java.lang.invoke.DelegatingMethodHandle$Holder.reinvoke_L(java.lang.Object, java.lang.Object, long, java.lang.Object)'> (0x00000000898489d8) 
thrown [s\open\src\hotspot\share\interpreter\linkResolver.cpp, line 773]
Event: 7.455 Thread 0x000001d7f230f920 Exception <a 'java/lang/NoSuchMethodError'{0x000000008985d228}: 'java.lang.Object java.lang.invoke.DirectMethodHandle$Holder.invokeVirtual(java.lang.Object, java.lang.Object, java.lang.Object, java.lang.Object, java.lang.Object, java.lang.Object, java.lang.Object, java.lang.Object, java.lang.Object, java.lang.Object)'> (0x000000008985d228) 
thrown [s\open\src\hotspot\share\interpreter\linkResolver.cpp, line 773]
Event: 7.489 Thread 0x000001d7f230f920 Exception <a 'java/lang/NoSuchMethodError'{0x0000000089542258}: 'java.lang.Object java.lang.invoke.DirectMethodHandle$Holder.invokeVirtual(java.lang.Object, java.lang.Object, java.lang.Object, java.lang.Object, java.lang.Object, java.lang.Object, java.lang.Object)'> (0x0000000089542258) 
thrown [s\open\src\hotspot\share\interpreter\linkResolver.cpp, line 773]
Event: 7.495 Thread 0x000001d7f230f920 Exception <a 'java/lang/NoSuchMethodError'{0x0000000089598318}: 'java.lang.Object java.lang.invoke.DirectMethodHandle$Holder.invokeVirtual(java.lang.Object, java.lang.Object, java.lang.Object, java.lang.Object, java.lang.Object)'> (0x0000000089598318) 
thrown [s\open\src\hotspot\share\interpreter\linkResolver.cpp, line 773]
Event: 7.924 Thread 0x000001d7f230f920 Exception <a 'java/lang/NoSuchMethodError'{0x000000008e5cb090}: 'int java.lang.invoke.Invokers$Holder.invokeExact_MT(java.lang.Object, java.lang.Object, java.lang.Object)'> (0x000000008e5cb090) 
thrown [s\open\src\hotspot\share\interpreter\linkResolver.cpp, line 773]
Event: 8.108 Thread 0x000001d7f230f920 Implicit null exception at 0x000001d787fa3f6d to 0x000001d787fa458d

ZGC Phase Switch (0 events):
No events

VM Operations (20 events):
Event: 7.426 Executing VM operation: HandshakeAllThreads (Deoptimize) done
Event: 7.443 Executing VM operation: ICBufferFull
Event: 7.443 Executing VM operation: ICBufferFull done
Event: 7.477 Executing VM operation: HandshakeAllThreads (Deoptimize)
Event: 7.477 Executing VM operation: HandshakeAllThreads (Deoptimize) done
Event: 7.516 Executing VM operation: G1CollectForAllocation (G1 Evacuation Pause)
Event: 7.522 Executing VM operation: G1CollectForAllocation (G1 Evacuation Pause) done
Event: 7.869 Executing VM operation: G1CollectForAllocation (G1 Evacuation Pause)
Event: 7.876 Executing VM operation: G1CollectForAllocation (G1 Evacuation Pause) done
Event: 8.151 Executing VM operation: G1CollectForAllocation (G1 Evacuation Pause)
Event: 8.159 Executing VM operation: G1CollectForAllocation (G1 Evacuation Pause) done
Event: 8.377 Executing VM operation: G1CollectForAllocation (G1 Evacuation Pause)
Event: 8.390 Executing VM operation: G1CollectForAllocation (G1 Evacuation Pause) done
Event: 8.599 Executing VM operation: G1CollectForAllocation (G1 Evacuation Pause)
Event: 8.613 Executing VM operation: G1CollectForAllocation (G1 Evacuation Pause) done
Event: 8.742 Executing VM operation: G1CollectForAllocation (G1 Evacuation Pause)
Event: 8.755 Executing VM operation: G1CollectForAllocation (G1 Evacuation Pause) done
Event: 8.937 Executing VM operation: G1CollectForAllocation (G1 Evacuation Pause)
Event: 8.948 Executing VM operation: G1CollectForAllocation (G1 Evacuation Pause) done
Event: 9.078 Executing VM operation: G1CollectForAllocation (G1 Evacuation Pause)

Events (20 events):
Event: 0.054 Thread 0x000001d78f73f700 Thread added: 0x000001d78f73f700
Event: 0.054 Thread 0x000001d78f742490 Thread added: 0x000001d78f742490
Event: 0.054 Thread 0x000001d78f744f30 Thread added: 0x000001d78f744f30
Event: 0.056 Thread 0x000001d78f9093c0 Thread added: 0x000001d78f9093c0
Event: 0.057 Thread 0x000001d78f9480a0 Thread added: 0x000001d78f9480a0
Event: 0.066 Thread 0x000001d78fa94a00 Thread added: 0x000001d78fa94a00
Event: 0.067 Thread 0x000001d78fa9bbd0 Thread added: 0x000001d78fa9bbd0
Event: 0.071 Thread 0x000001d78fa9d5d0 Thread added: 0x000001d78fa9d5d0
Event: 0.421 Thread 0x000001d78fbc5570 Thread added: 0x000001d78fbc5570
Event: 0.524 Thread 0x000001d78fbc5570 Thread exited: 0x000001d78fbc5570
Event: 0.530 Thread 0x000001d7d5216090 Thread added: 0x000001d7d5216090
Event: 0.842 Thread 0x000001d7d5a33010 Thread added: 0x000001d7d5a33010
Event: 2.078 Thread 0x000001d7d5a33010 Thread exited: 0x000001d7d5a33010
Event: 2.087 Thread 0x000001d7d5216090 Thread exited: 0x000001d7d5216090
Event: 2.182 Thread 0x000001d7d629ea10 Thread added: 0x000001d7d629ea10
Event: 2.216 Thread 0x000001d7d5921ff0 Thread added: 0x000001d7d5921ff0
Event: 2.314 Thread 0x000001d7d5b4a5d0 Thread added: 0x000001d7d5b4a5d0
Event: 4.928 Thread 0x000001d7d5b4a5d0 Thread exited: 0x000001d7d5b4a5d0
Event: 4.939 Thread 0x000001d7d629ea10 Thread exited: 0x000001d7d629ea10
Event: 4.977 Thread 0x000001d7d629ea10 Thread added: 0x000001d7d629ea10


Dynamic libraries:
0x00007ff6605e0000 - 0x00007ff6605f0000 	C:\Program Files\Java\jdk-21\bin\java.exe
0x00007ffc019a0000 - 0x00007ffc01c07000 	C:\WINDOWS\SYSTEM32\ntdll.dll
0x00007ffc005c0000 - 0x00007ffc00689000 	C:\WINDOWS\System32\KERNEL32.DLL
0x00007ffbfe270000 - 0x00007ffbfe664000 	C:\WINDOWS\System32\KERNELBASE.dll
0x00007ffbfecc0000 - 0x00007ffbfee0b000 	C:\WINDOWS\System32\ucrtbase.dll
0x00007ffbca350000 - 0x00007ffbca369000 	C:\Program Files\Java\jdk-21\bin\jli.dll
0x00007ffbca310000 - 0x00007ffbca32b000 	C:\Program Files\Java\jdk-21\bin\VCRUNTIME140.dll
0x00007ffbff730000 - 0x00007ffbff7e6000 	C:\WINDOWS\System32\ADVAPI32.dll
0x00007ffc018b0000 - 0x00007ffc01959000 	C:\WINDOWS\System32\msvcrt.dll
0x00007ffc01000000 - 0x00007ffc010a7000 	C:\WINDOWS\System32\sechost.dll
0x00007ffc01450000 - 0x00007ffc01568000 	C:\WINDOWS\System32\RPCRT4.dll
0x00007ffc00060000 - 0x00007ffc00225000 	C:\WINDOWS\System32\USER32.dll
0x00007ffbfead0000 - 0x00007ffbfeaf7000 	C:\WINDOWS\System32\win32u.dll
0x00007ffc00230000 - 0x00007ffc0025b000 	C:\WINDOWS\System32\GDI32.dll
0x00007ffbfeb00000 - 0x00007ffbfec2b000 	C:\WINDOWS\System32\gdi32full.dll
0x00007ffbdbf30000 - 0x00007ffbdc1c3000 	C:\WINDOWS\WinSxS\amd64_microsoft.windows.common-controls_6595b64144ccf1df_6.0.26100.8115_none_3e075c82e3354f9c\COMCTL32.dll
0x00007ffbfe7e0000 - 0x00007ffbfe883000 	C:\WINDOWS\System32\msvcp_win.dll
0x00007ffbee720000 - 0x00007ffbee72b000 	C:\WINDOWS\SYSTEM32\VERSION.dll
0x00007ffc004a0000 - 0x00007ffc004d2000 	C:\WINDOWS\System32\IMM32.DLL
0x00007ffbe20d0000 - 0x00007ffbe20dc000 	C:\Program Files\Java\jdk-21\bin\vcruntime140_1.dll
0x00007ffbc7fd0000 - 0x00007ffbc805e000 	C:\Program Files\Java\jdk-21\bin\msvcp140.dll
0x00007ffb51f20000 - 0x00007ffb52c3a000 	C:\Program Files\Java\jdk-21\bin\server\jvm.dll
0x00007ffc00410000 - 0x00007ffc00490000 	C:\WINDOWS\System32\WS2_32.dll
0x00007ffbfe0d0000 - 0x00007ffbfe12e000 	C:\WINDOWS\SYSTEM32\POWRPROF.dll
0x00007ffbf43f0000 - 0x00007ffbf4426000 	C:\WINDOWS\SYSTEM32\WINMM.dll
0x00007ffbfe0b0000 - 0x00007ffbfe0c4000 	C:\WINDOWS\SYSTEM32\UMPDC.dll
0x00007ffbfd000000 - 0x00007ffbfd01b000 	C:\WINDOWS\SYSTEM32\kernel.appcore.dll
0x00007ffbe06e0000 - 0x00007ffbe06ea000 	C:\Program Files\Java\jdk-21\bin\jimage.dll
0x00007ffbfbfb0000 - 0x00007ffbfc1f2000 	C:\WINDOWS\SYSTEM32\DBGHELP.DLL
0x00007ffc010b0000 - 0x00007ffc01432000 	C:\WINDOWS\System32\combase.dll
0x00007ffc004e0000 - 0x00007ffc005b8000 	C:\WINDOWS\System32\OLEAUT32.dll
0x00007ffbd7780000 - 0x00007ffbd77bb000 	C:\WINDOWS\SYSTEM32\dbgcore.DLL
0x00007ffbfee10000 - 0x00007ffbfeeb5000 	C:\WINDOWS\System32\bcryptPrimitives.dll
0x00007ffbca1c0000 - 0x00007ffbca1df000 	C:\Program Files\Java\jdk-21\bin\java.dll
0x00007ffc00690000 - 0x00007ffc00df7000 	C:\WINDOWS\System32\SHELL32.dll
0x00007ffbfe670000 - 0x00007ffbfe7da000 	C:\WINDOWS\System32\wintypes.dll
0x00007ffbfeec0000 - 0x00007ffbff728000 	C:\WINDOWS\System32\windows.storage.dll
0x00007ffc00f00000 - 0x00007ffc00ff8000 	C:\WINDOWS\System32\SHCORE.dll
0x00007ffc00280000 - 0x00007ffc002e6000 	C:\WINDOWS\System32\shlwapi.dll
0x00007ffbfe190000 - 0x00007ffbfe1b9000 	C:\WINDOWS\SYSTEM32\profapi.dll
0x00007ffbc73a0000 - 0x00007ffbc7477000 	C:\Program Files\Java\jdk-21\bin\jsvml.dll
0x00007ffbcb480000 - 0x00007ffbcb490000 	C:\Program Files\Java\jdk-21\bin\net.dll
0x00007ffbf4180000 - 0x00007ffbf42ad000 	C:\WINDOWS\SYSTEM32\WINHTTP.dll
0x00007ffbfd570000 - 0x00007ffbfd5dc000 	C:\WINDOWS\system32\mswsock.dll
0x00007ffbc9eb0000 - 0x00007ffbc9ec6000 	C:\Program Files\Java\jdk-21\bin\nio.dll
0x00007ffbc9e90000 - 0x00007ffbc9ea8000 	C:\Program Files\Java\jdk-21\bin\zip.dll
0x00007ffbba4b0000 - 0x00007ffbba4d4000 	C:\Users\DELL\.m2\wrapper\dists\apache-maven-3.9.9\977a63e90f436cd6ade95b4c0e10c20c\lib\jansi-native\Windows\x86_64\jansi.dll
0x00007ffbca820000 - 0x00007ffbca830000 	C:\Program Files\Java\jdk-21\bin\verify.dll

dbghelp: loaded successfully - version: 4.0.5 - missing functions: none
symbol engine: initialized successfully - sym options: 0x614 - pdb path: .;C:\Program Files\Java\jdk-21\bin;C:\WINDOWS\SYSTEM32;C:\WINDOWS\WinSxS\amd64_microsoft.windows.common-controls_6595b64144ccf1df_6.0.26100.8115_none_3e075c82e3354f9c;C:\Program Files\Java\jdk-21\bin\server;C:\Users\DELL\.m2\wrapper\dists\apache-maven-3.9.9\977a63e90f436cd6ade95b4c0e10c20c\lib\jansi-native\Windows\x86_64

VM Arguments:
jvm_args: -Dclassworlds.conf=C:\Users\DELL\.m2\wrapper\dists\apache-maven-3.9.9\977a63e90f436cd6ade95b4c0e10c20c\bin\m2.conf -Dmaven.home=C:\Users\DELL\.m2\wrapper\dists\apache-maven-3.9.9\977a63e90f436cd6ade95b4c0e10c20c -Dlibrary.jansi.path=C:\Users\DELL\.m2\wrapper\dists\apache-maven-3.9.9\977a63e90f436cd6ade95b4c0e10c20c\lib\jansi-native -Dmaven.multiModuleProjectDirectory=D:\IWS_FINAL-develop\iws_backend 
java_command: org.codehaus.plexus.classworlds.launcher.Launcher spring-boot:run
java_class_path (initial): C:\Users\DELL\.m2\wrapper\dists\apache-maven-3.9.9\977a63e90f436cd6ade95b4c0e10c20c\boot\plexus-classworlds-2.8.0.jar
Launcher Type: SUN_STANDARD

[Global flags]
     intx CICompilerCount                          = 12                                        {product} {ergonomic}
     uint ConcGCThreads                            = 3                                         {product} {ergonomic}
     uint G1ConcRefinementThreads                  = 13                                        {product} {ergonomic}
   size_t G1HeapRegionSize                         = 1048576                                   {product} {ergonomic}
    uintx GCDrainStackTargetSize                   = 64                                        {product} {ergonomic}
   size_t InitialHeapSize                          = 130023424                                 {product} {ergonomic}
   size_t MarkStackSize                            = 4194304                                   {product} {ergonomic}
   size_t MaxHeapSize                              = 2065694720                                {product} {ergonomic}
   size_t MaxNewSize                               = 1239416832                                {product} {ergonomic}
   size_t MinHeapDeltaBytes                        = 1048576                                   {product} {ergonomic}
   size_t MinHeapSize                              = 8388608                                   {product} {ergonomic}
    uintx NonNMethodCodeHeapSize                   = 7602480                                {pd product} {ergonomic}
    uintx NonProfiledCodeHeapSize                  = 122027880                              {pd product} {ergonomic}
    uintx ProfiledCodeHeapSize                     = 122027880                              {pd product} {ergonomic}
    uintx ReservedCodeCacheSize                    = 251658240                              {pd product} {ergonomic}
     bool SegmentedCodeCache                       = true                                      {product} {ergonomic}
   size_t SoftMaxHeapSize                          = 2065694720                             {manageable} {ergonomic}
     bool UseCompressedOops                        = true                           {product lp64_product} {ergonomic}
     bool UseG1GC                                  = true                                      {product} {ergonomic}
     bool UseLargePagesIndividualAllocation        = false                                  {pd product} {ergonomic}

Logging:
Log output configuration:
 #0: stdout all=warning uptime,level,tags foldmultilines=false
 #1: stderr all=off uptime,level,tags foldmultilines=false

Environment Variables:
JAVA_HOME=C:\Program Files\Java\jdk-21
PATH=C:\Program Files\Java\jdk-21\bin;C:\Program Files\Eclipse Adoptium\jdk-8.0.462.8-hotspot\bin;C:\Program Files\Common Files\Oracle\Java\javapath;C:\Windows\system32;C:\Windows;C:\Windows\System32\Wbem;C:\Windows\System32\WindowsPowerShell\v1.0\;C:\Windows\System32\OpenSSH\;C:\Program Files\dotnet\;C:\Program Files\NVIDIA Corporation\NVIDIA NvDLISR;C:\WINDOWS\system32;C:\WINDOWS;C:\WINDOWS\System32\Wbem;C:\WINDOWS\System32\WindowsPowerShell\v1.0\;C:\WINDOWS\System32\OpenSSH\;C:\Program Files\nodejs\;C:\ProgramData\chocolatey\bin;C:\apache-maven-3.9.10\bin;C:\Program Files\Git\cmd;C:\Program Files\Cloudflare\Cloudflare WARP\;C:\WINDOWS\system32\config\systemprofile\AppData\Roaming\npm;C:\Program Files\Microsoft SQL Server\Client SDK\ODBC\110\Tools\Binn\;C:\Program Files (x86)\Microsoft SQL Server\120\Tools\Binn\;C:\Program Files\Microsoft SQL Server\120\Tools\Binn\;C:\Program Files\Microsoft SQL Server\120\DTS\Binn\;C:\Program Files\Eclipse Adoptium\jdk-8.0.462.8-hotspot\bin;C:\Program Files\Common Files\Oracle\Java\javapath;C:\Windows\system32;C:\Windows;C:\Windows\System32\Wbem;C:\Windows\System32\WindowsPowerShell\v1.0\;C:\Windows\System32\OpenSSH\;C:\Program Files\dotnet\;C:\Program Files\NVIDIA Corporation\NVIDIA NvDLISR;C:\WINDOWS\system32;C:\WINDOWS;C:\WINDOWS\System32\Wbem;C:\WINDOWS\System32\WindowsPowerShell\v1.0\;C:\WINDOWS\System32\OpenSSH\;C:\Program Files\nodejs\;C:\ProgramData\chocolatey\bin;C:\apache-maven-3.9.10\bin;C:\Program Files\Git\cmd;C:\Program Files\Eclipse Adoptium\jdk-8.0.462.8-hotspot\bin;C:\Program Files\Common Files\Oracle\Java\javapath;C:\Windows\system32;C:\Windows;C:\Windows\System32\Wbem;C:\Windows\System32\WindowsPowerShell\v1.0\;C:\Windows\System32\OpenSSH\;C:\Program Files\dotnet\;C:\Program Files\NVIDIA Corporation\NVIDIA NvDLISR;C:\WINDOWS\system32;C:\WINDOWS;C:\WINDOWS\System32\Wbem;C:\WINDOWS\System32\WindowsPowerShell\v1.0\;C:\WINDOWS\System32\OpenSSH\;C:\Program Files\nodejs\;C:;C:\Users\DELL\AppData\Local\Programs\Microsoft VS Code\bin;C:\Users\DELL\AppData\Roaming\npm;D:\Program Files\Antigravity\bin;C:\Program Files (x86)\Nmap
USERNAME=DELL
OS=Windows_NT
PROCESSOR_IDENTIFIER=Intel64 Family 6 Model 154 Stepping 3, GenuineIntel
TMP=C:\Users\DELL\AppData\Local\Temp
TEMP=C:\Users\DELL\AppData\Local\Temp




Periodic native trim disabled

---------------  S Y S T E M  ---------------

OS:
 Windows 11 , 64 bit Build 26100 (10.0.26100.8246)
OS uptime: 0 days 0:48 hours
Hyper-V role detected

CPU: total 16 (initial active 16) (8 cores per cpu, 2 threads per core) family 6 model 154 stepping 3 microcode 0x43b, cx8, cmov, fxsr, ht, mmx, 3dnowpref, sse, sse2, sse3, ssse3, sse4.1, sse4.2, popcnt, lzcnt, tsc, tscinvbit, avx, avx2, aes, erms, clmul, bmi1, bmi2, adx, sha, fma, vzeroupper, clflush, clflushopt, clwb, hv, serialize, rdtscp, rdpid, fsrm, f16c, cet_ibt, cet_ss
Processor Information for all 16 processors :
  Max Mhz: 2500, Current Mhz: 2500, Mhz Limit: 2500

Memory: 4k page, system-wide physical 7876M (533M free)
TotalPageFile size 24022M (AvailPageFile size 12M)
current process WorkingSet (physical memory assigned to process): 412M, peak: 417M
current process commit charge ("private bytes"): 462M, peak: 463M

vm_info: Java HotSpot(TM) 64-Bit Server VM (21.0.7+8-LTS-245) for windows-amd64 JRE (21.0.7+8-LTS-245), built on 2025-02-21T05:11:27Z by "mach5one" with MS VC++ 17.6 (VS2022)

END.
