#
# There is insufficient memory for the Java Runtime Environment to continue.
# Native memory allocation (malloc) failed to allocate 1186576 bytes for Chunk::new
# Possible reasons:
#   The system is out of physical RAM or swap space
#   The process is running with CompressedOops enabled, and the Java Heap may be blocking the growth of the native heap
# Possible solutions:
#   Reduce memory load on the system
#   Increase physical memory or swap space
#   Check if swap backing store is full
#   Decrease Java heap size (-Xmx/-Xms)
#   Decrease number of Java threads
#   Decrease Java thread stack sizes (-Xss)
#   Set larger code cache with -XX:ReservedCodeCacheSize=
#   JVM is running with Unscaled Compressed Oops mode in which the Java heap is
#     placed in the first 4GB address space. The Java Heap base address is the
#     maximum limit for the native heap growth. Please use -XX:HeapBaseMinAddress
#     to set the Java Heap base and to place the Java Heap above 4GB virtual address.
# This output file may be truncated or incomplete.
#
#  Out of Memory Error (arena.cpp:168), pid=15228, tid=29168
#
# JRE version: Java(TM) SE Runtime Environment (21.0.7+8) (build 21.0.7+8-LTS-245)
# Java VM: Java HotSpot(TM) 64-Bit Server VM (21.0.7+8-LTS-245, mixed mode, sharing, tiered, compressed oops, compressed class ptrs, g1 gc, windows-amd64)
# No core dump will be written. Minidumps are not enabled by default on client versions of Windows
#

---------------  S U M M A R Y ------------

Command Line: -Xms256m -Xmx1024m -XX:+UseG1GC -Dclassworlds.conf=C:\Users\DELL\.m2\wrapper\dists\apache-maven-3.9.9\977a63e90f436cd6ade95b4c0e10c20c\bin\m2.conf -Dmaven.home=C:\Users\DELL\.m2\wrapper\dists\apache-maven-3.9.9\977a63e90f436cd6ade95b4c0e10c20c -Dlibrary.jansi.path=C:\Users\DELL\.m2\wrapper\dists\apache-maven-3.9.9\977a63e90f436cd6ade95b4c0e10c20c\lib\jansi-native -Dmaven.multiModuleProjectDirectory=D:\IWS_FINAL-develop\iws_backend org.codehaus.plexus.classworlds.launcher.Launcher spring-boot:run

Host: 12th Gen Intel(R) Core(TM) i5-12500H, 16 cores, 7G,  Windows 11 , 64 bit Build 26100 (10.0.26100.8246)
Time: Sun Apr 26 04:40:13 2026 SE Asia Standard Time elapsed time: 12.503456 seconds (0d 0h 0m 12s)

---------------  T H R E A D  ---------------

Current thread (0x000002b85898ea80):  JavaThread "C2 CompilerThread0" daemon [_thread_in_native, id=29168, stack(0x000000ce8c300000,0x000000ce8c400000) (1024K)]


Current CompileTask:
C2:  12513 9125       4       lombok.javac.JavacNode::traverse (774 bytes)

Stack: [0x000000ce8c300000,0x000000ce8c400000]
Native frames: (J=compiled Java code, j=interpreted, Vv=VM code, C=native code)
V  [jvm.dll+0x6cae19]
V  [jvm.dll+0x855741]
V  [jvm.dll+0x857c6e]
V  [jvm.dll+0x858343]
V  [jvm.dll+0x27e0b6]
V  [jvm.dll+0xc4ecd]
V  [jvm.dll+0xc5403]
V  [jvm.dll+0x3b5752]
V  [jvm.dll+0x1df823]
V  [jvm.dll+0x246c82]
V  [jvm.dll+0x24610f]
V  [jvm.dll+0x1c6efe]
V  [jvm.dll+0x255819]
V  [jvm.dll+0x253daa]
V  [jvm.dll+0x3eebb6]
V  [jvm.dll+0x7ffa1b]
V  [jvm.dll+0x6c94fd]
C  [ucrtbase.dll+0x37b0]
C  [KERNEL32.DLL+0x2e8d7]
C  [ntdll.dll+0x8c3fc]


---------------  P R O C E S S  ---------------

Threads class SMR info:
_java_thread_list=0x000002b8a105c510, length=15, elements={
0x000002b83a728d90, 0x000002b858985cc0, 0x000002b858988720, 0x000002b8589893d0,
0x000002b85898a080, 0x000002b85898ad30, 0x000002b85898bae0, 0x000002b85898ea80,
0x000002b85899e030, 0x000002b858bf0460, 0x000002b858bf1090, 0x000002b89eb47a00,
0x000002b85899a9b0, 0x000002b85899c4f0, 0x000002b85899d290
}

Java Threads: ( => current thread )
  0x000002b83a728d90 JavaThread "main"                              [_thread_blocked, id=27660, stack(0x000000ce8b500000,0x000000ce8b600000) (1024K)]
  0x000002b858985cc0 JavaThread "Reference Handler"          daemon [_thread_blocked, id=26664, stack(0x000000ce8bd00000,0x000000ce8be00000) (1024K)]
  0x000002b858988720 JavaThread "Finalizer"                  daemon [_thread_blocked, id=4552, stack(0x000000ce8be00000,0x000000ce8bf00000) (1024K)]
  0x000002b8589893d0 JavaThread "Signal Dispatcher"          daemon [_thread_blocked, id=27812, stack(0x000000ce8bf00000,0x000000ce8c000000) (1024K)]
  0x000002b85898a080 JavaThread "Attach Listener"            daemon [_thread_blocked, id=29084, stack(0x000000ce8c000000,0x000000ce8c100000) (1024K)]
  0x000002b85898ad30 JavaThread "Service Thread"             daemon [_thread_blocked, id=3056, stack(0x000000ce8c100000,0x000000ce8c200000) (1024K)]
  0x000002b85898bae0 JavaThread "Monitor Deflation Thread"   daemon [_thread_blocked, id=29164, stack(0x000000ce8c200000,0x000000ce8c300000) (1024K)]
=>0x000002b85898ea80 JavaThread "C2 CompilerThread0"         daemon [_thread_in_native, id=29168, stack(0x000000ce8c300000,0x000000ce8c400000) (1024K)]
  0x000002b85899e030 JavaThread "C1 CompilerThread0"         daemon [_thread_blocked, id=29176, stack(0x000000ce8c400000,0x000000ce8c500000) (1024K)]
  0x000002b858bf0460 JavaThread "Notification Thread"        daemon [_thread_blocked, id=29228, stack(0x000000ce8c700000,0x000000ce8c800000) (1024K)]
  0x000002b858bf1090 JavaThread "Common-Cleaner"             daemon [_thread_blocked, id=25864, stack(0x000000ce8c800000,0x000000ce8c900000) (1024K)]
  0x000002b89eb47a00 JavaThread "Thread-1"                   daemon [_thread_blocked, id=25688, stack(0x000000ce8d400000,0x000000ce8d500000) (1024K)]
  0x000002b85899a9b0 JavaThread "C1 CompilerThread1"         daemon [_thread_blocked, id=10504, stack(0x000000ce8d300000,0x000000ce8d400000) (1024K)]
  0x000002b85899c4f0 JavaThread "C1 CompilerThread2"         daemon [_thread_in_vm, id=29284, stack(0x000000ce8d500000,0x000000ce8d600000) (1024K)]
  0x000002b85899d290 JavaThread "C2 CompilerThread1"         daemon [_thread_in_native, id=28572, stack(0x000000ce8d600000,0x000000ce8d700000) (1024K)]
Total: 15

Other Threads:
  0x000002b858968e60 VMThread "VM Thread"                           [id=20036, stack(0x000000ce8bc00000,0x000000ce8bd00000) (1024K)]
  0x000002b858a50270 WatcherThread "VM Periodic Task Thread"        [id=27784, stack(0x000000ce8bb00000,0x000000ce8bc00000) (1024K)]
  0x000002b83ab45400 WorkerThread "GC Thread#0"                     [id=29360, stack(0x000000ce8b600000,0x000000ce8b700000) (1024K)]
  0x000002b89e954d80 WorkerThread "GC Thread#1"                     [id=28256, stack(0x000000ce8cb00000,0x000000ce8cc00000) (1024K)]
  0x000002b89e99d5e0 WorkerThread "GC Thread#2"                     [id=13324, stack(0x000000ce8cc00000,0x000000ce8cd00000) (1024K)]
  0x000002b89e99dd20 WorkerThread "GC Thread#3"                     [id=27356, stack(0x000000ce8cd00000,0x000000ce8ce00000) (1024K)]
  0x000002b89e99e0c0 WorkerThread "GC Thread#4"                     [id=18232, stack(0x000000ce8ce00000,0x000000ce8cf00000) (1024K)]
  0x000002b89e99e460 WorkerThread "GC Thread#5"                     [id=18236, stack(0x000000ce8cf00000,0x000000ce8d000000) (1024K)]
  0x000002b89e99eba0 WorkerThread "GC Thread#6"                     [id=18224, stack(0x000000ce8d000000,0x000000ce8d100000) (1024K)]
  0x000002b89e99e800 WorkerThread "GC Thread#7"                     [id=29244, stack(0x000000ce8d100000,0x000000ce8d200000) (1024K)]
  0x000002b89f2dcae0 WorkerThread "GC Thread#8"                     [id=18936, stack(0x000000ce8ca00000,0x000000ce8cb00000) (1024K)]
  0x000002b89f2dc3a0 WorkerThread "GC Thread#9"                     [id=12692, stack(0x000000ce8d200000,0x000000ce8d300000) (1024K)]
  0x000002b89f2dce80 WorkerThread "GC Thread#10"                    [id=29140, stack(0x000000ce8c500000,0x000000ce8c600000) (1024K)]
  0x000002b89f2de0a0 WorkerThread "GC Thread#11"                    [id=29120, stack(0x000000ce8c600000,0x000000ce8c700000) (1024K)]
  0x000002b89f2de7e0 WorkerThread "GC Thread#12"                    [id=6120, stack(0x000000ce8c900000,0x000000ce8ca00000) (1024K)]
  0x000002b83ab4f3f0 ConcurrentGCThread "G1 Main Marker"            [id=29372, stack(0x000000ce8b700000,0x000000ce8b800000) (1024K)]
  0x000002b83ab4fef0 WorkerThread "G1 Conc#0"                       [id=29368, stack(0x000000ce8b800000,0x000000ce8b900000) (1024K)]
  0x000002b89f2dd220 WorkerThread "G1 Conc#1"                       [id=28620, stack(0x000000ce8d700000,0x000000ce8d800000) (1024K)]
  0x000002b89f2dd5c0 WorkerThread "G1 Conc#2"                       [id=23112, stack(0x000000ce8d800000,0x000000ce8d900000) (1024K)]
  0x000002b8588ac6f0 ConcurrentGCThread "G1 Refine#0"               [id=25668, stack(0x000000ce8b900000,0x000000ce8ba00000) (1024K)]
  0x000002b8588acf10 ConcurrentGCThread "G1 Service"                [id=24340, stack(0x000000ce8ba00000,0x000000ce8bb00000) (1024K)]
Total: 21

Threads with active compile tasks:
C2 CompilerThread0    13096 9125       4       lombok.javac.JavacNode::traverse (774 bytes)
C1 CompilerThread2    13096 9327       3       lombok.core.handlers.HandlerUtil::toAllAccessorNames (338 bytes)
C2 CompilerThread1    13096 9164       4       lombok.javac.handlers.JavacHandlerUtil::findCopyableAnnotations (221 bytes)
Total: 3

VM state: not at safepoint (normal execution)

VM Mutex/Monitor currently owned by a thread:  ([mutex/lock_event])
[0x00007ffb52b5c9d0] MethodCompileQueue_lock - owner thread: 0x000002b85899c4f0
[0x00007ffb52b5dd50] CodeCache_lock - owner thread: 0x000002b85899c4f0
[0x00007ffb52b5ded0] Compile_lock - owner thread: 0x000002b85899c4f0

Heap address: 0x00000000c0000000, size: 1024 MB, Compressed Oops mode: 32-bit

CDS archive(s) mapped at: [0x000002b859000000-0x000002b859c90000-0x000002b859c90000), size 13172736, SharedBaseAddress: 0x000002b859000000, ArchiveRelocationMode: 1.
Compressed class space mapped at: 0x000002b85a000000-0x000002b89a000000, reserved size: 1073741824
Narrow klass base: 0x000002b859000000, Narrow klass shift: 0, Narrow klass range: 0x100000000

GC Precious Log:
 CardTable entry size: 512
 Card Set container configuration: InlinePtr #cards 5 size 8 Array Of Cards #cards 12 size 40 Howl #buckets 4 coarsen threshold 1843 Howl Bitmap #cards 512 size 80 coarsen threshold 460 Card regions per heap region 1 cards per card region 2048
 CPUs: 16 total, 16 available
 Memory: 7876M
 Large Page Support: Disabled
 NUMA Support: Disabled
 Compressed Oops: Enabled (32-bit)
 Heap Region Size: 1M
 Heap Min Capacity: 256M
 Heap Initial Capacity: 256M
 Heap Max Capacity: 1G
 Pre-touch: Disabled
 Parallel Workers: 13
 Concurrent Workers: 3
 Concurrent Refinement Workers: 13
 Periodic GC: Disabled

Heap:
 garbage-first heap   total 262144K, used 173418K [0x00000000c0000000, 0x0000000100000000)
  region size 1024K, 108 young (110592K), 11 survivors (11264K)
 Metaspace       used 31242K, committed 31808K, reserved 1114112K
  class space    used 3370K, committed 3648K, reserved 1048576K

Heap Regions: E=young(eden), S=young(survivor), O=old, HS=humongous(starts), HC=humongous(continues), CS=collection set, F=free, TAMS=top-at-mark-start, PB=parsable bottom
|   0|0x00000000c0000000, 0x00000000c0100000, 0x00000000c0100000|100%| O|  |TAMS 0x00000000c0000000| PB 0x00000000c0000000| Untracked 
|   1|0x00000000c0100000, 0x00000000c0200000, 0x00000000c0200000|100%| O|  |TAMS 0x00000000c0100000| PB 0x00000000c0100000| Untracked 
|   2|0x00000000c0200000, 0x00000000c0300000, 0x00000000c0300000|100%| O|  |TAMS 0x00000000c0200000| PB 0x00000000c0200000| Untracked 
|   3|0x00000000c0300000, 0x00000000c0400000, 0x00000000c0400000|100%| O|  |TAMS 0x00000000c0300000| PB 0x00000000c0300000| Untracked 
|   4|0x00000000c0400000, 0x00000000c0500000, 0x00000000c0500000|100%|HS|  |TAMS 0x00000000c0400000| PB 0x00000000c0400000| Complete 
|   5|0x00000000c0500000, 0x00000000c0600000, 0x00000000c0600000|100%| O|  |TAMS 0x00000000c0500000| PB 0x00000000c0500000| Untracked 
|   6|0x00000000c0600000, 0x00000000c0700000, 0x00000000c0700000|100%| O|  |TAMS 0x00000000c0600000| PB 0x00000000c0600000| Untracked 
|   7|0x00000000c0700000, 0x00000000c0800000, 0x00000000c0800000|100%| O|  |TAMS 0x00000000c0700000| PB 0x00000000c0700000| Untracked 
|   8|0x00000000c0800000, 0x00000000c0900000, 0x00000000c0900000|100%|HS|  |TAMS 0x00000000c0800000| PB 0x00000000c0800000| Complete 
|   9|0x00000000c0900000, 0x00000000c0a00000, 0x00000000c0a00000|100%|HC|  |TAMS 0x00000000c0900000| PB 0x00000000c0900000| Complete 
|  10|0x00000000c0a00000, 0x00000000c0b00000, 0x00000000c0b00000|100%|HC|  |TAMS 0x00000000c0a00000| PB 0x00000000c0a00000| Complete 
|  11|0x00000000c0b00000, 0x00000000c0c00000, 0x00000000c0c00000|100%| O|  |TAMS 0x00000000c0b00000| PB 0x00000000c0b00000| Untracked 
|  12|0x00000000c0c00000, 0x00000000c0d00000, 0x00000000c0d00000|100%| O|  |TAMS 0x00000000c0c00000| PB 0x00000000c0c00000| Untracked 
|  13|0x00000000c0d00000, 0x00000000c0e00000, 0x00000000c0e00000|100%| O|  |TAMS 0x00000000c0d00000| PB 0x00000000c0d00000| Untracked 
|  14|0x00000000c0e00000, 0x00000000c0f00000, 0x00000000c0f00000|100%| O|  |TAMS 0x00000000c0e00000| PB 0x00000000c0e00000| Untracked 
|  15|0x00000000c0f00000, 0x00000000c1000000, 0x00000000c1000000|100%| O|  |TAMS 0x00000000c0f00000| PB 0x00000000c0f00000| Untracked 
|  16|0x00000000c1000000, 0x00000000c1100000, 0x00000000c1100000|100%| O|  |TAMS 0x00000000c1000000| PB 0x00000000c1000000| Untracked 
|  17|0x00000000c1100000, 0x00000000c1200000, 0x00000000c1200000|100%| O|  |TAMS 0x00000000c1100000| PB 0x00000000c1100000| Untracked 
|  18|0x00000000c1200000, 0x00000000c1300000, 0x00000000c1300000|100%| O|  |TAMS 0x00000000c1200000| PB 0x00000000c1200000| Untracked 
|  19|0x00000000c1300000, 0x00000000c1400000, 0x00000000c1400000|100%| O|  |TAMS 0x00000000c1300000| PB 0x00000000c1300000| Untracked 
|  20|0x00000000c1400000, 0x00000000c1500000, 0x00000000c1500000|100%| O|  |TAMS 0x00000000c1400000| PB 0x00000000c1400000| Untracked 
|  21|0x00000000c1500000, 0x00000000c1600000, 0x00000000c1600000|100%| O|  |TAMS 0x00000000c1500000| PB 0x00000000c1500000| Untracked 
|  22|0x00000000c1600000, 0x00000000c1700000, 0x00000000c1700000|100%| O|  |TAMS 0x00000000c1600000| PB 0x00000000c1600000| Untracked 
|  23|0x00000000c1700000, 0x00000000c1800000, 0x00000000c1800000|100%| O|  |TAMS 0x00000000c1700000| PB 0x00000000c1700000| Untracked 
|  24|0x00000000c1800000, 0x00000000c1900000, 0x00000000c1900000|100%|HS|  |TAMS 0x00000000c1800000| PB 0x00000000c1800000| Complete 
|  25|0x00000000c1900000, 0x00000000c1a00000, 0x00000000c1a00000|100%| O|  |TAMS 0x00000000c1900000| PB 0x00000000c1900000| Untracked 
|  26|0x00000000c1a00000, 0x00000000c1b00000, 0x00000000c1b00000|100%|HS|  |TAMS 0x00000000c1a00000| PB 0x00000000c1a00000| Complete 
|  27|0x00000000c1b00000, 0x00000000c1c00000, 0x00000000c1c00000|100%| O|  |TAMS 0x00000000c1b00000| PB 0x00000000c1b00000| Untracked 
|  28|0x00000000c1c00000, 0x00000000c1d00000, 0x00000000c1d00000|100%| O|  |TAMS 0x00000000c1c00000| PB 0x00000000c1c00000| Untracked 
|  29|0x00000000c1d00000, 0x00000000c1e00000, 0x00000000c1e00000|100%| O|  |TAMS 0x00000000c1d00000| PB 0x00000000c1d00000| Untracked 
|  30|0x00000000c1e00000, 0x00000000c1f00000, 0x00000000c1f00000|100%| O|  |TAMS 0x00000000c1e00000| PB 0x00000000c1e00000| Untracked 
|  31|0x00000000c1f00000, 0x00000000c2000000, 0x00000000c2000000|100%| O|  |TAMS 0x00000000c1f00000| PB 0x00000000c1f00000| Untracked 
|  32|0x00000000c2000000, 0x00000000c2100000, 0x00000000c2100000|100%| O|  |TAMS 0x00000000c2000000| PB 0x00000000c2000000| Untracked 
|  33|0x00000000c2100000, 0x00000000c2200000, 0x00000000c2200000|100%| O|  |TAMS 0x00000000c2100000| PB 0x00000000c2100000| Untracked 
|  34|0x00000000c2200000, 0x00000000c2300000, 0x00000000c2300000|100%| O|  |TAMS 0x00000000c2200000| PB 0x00000000c2200000| Untracked 
|  35|0x00000000c2300000, 0x00000000c2400000, 0x00000000c2400000|100%| O|  |TAMS 0x00000000c2300000| PB 0x00000000c2300000| Untracked 
|  36|0x00000000c2400000, 0x00000000c2500000, 0x00000000c2500000|100%| O|  |TAMS 0x00000000c2400000| PB 0x00000000c2400000| Untracked 
|  37|0x00000000c2500000, 0x00000000c2600000, 0x00000000c2600000|100%| O|  |TAMS 0x00000000c2500000| PB 0x00000000c2500000| Untracked 
|  38|0x00000000c2600000, 0x00000000c2700000, 0x00000000c2700000|100%| O|  |TAMS 0x00000000c2600000| PB 0x00000000c2600000| Untracked 
|  39|0x00000000c2700000, 0x00000000c2800000, 0x00000000c2800000|100%| O|  |TAMS 0x00000000c2700000| PB 0x00000000c2700000| Untracked 
|  40|0x00000000c2800000, 0x00000000c2900000, 0x00000000c2900000|100%| O|  |TAMS 0x00000000c2800000| PB 0x00000000c2800000| Untracked 
|  41|0x00000000c2900000, 0x00000000c2a00000, 0x00000000c2a00000|100%| O|  |TAMS 0x00000000c2900000| PB 0x00000000c2900000| Untracked 
|  42|0x00000000c2a00000, 0x00000000c2b00000, 0x00000000c2b00000|100%| O|  |TAMS 0x00000000c2a00000| PB 0x00000000c2a00000| Untracked 
|  43|0x00000000c2b00000, 0x00000000c2c00000, 0x00000000c2c00000|100%| O|  |TAMS 0x00000000c2b00000| PB 0x00000000c2b00000| Untracked 
|  44|0x00000000c2c00000, 0x00000000c2d00000, 0x00000000c2d00000|100%| O|  |TAMS 0x00000000c2c00000| PB 0x00000000c2c00000| Untracked 
|  45|0x00000000c2d00000, 0x00000000c2e00000, 0x00000000c2e00000|100%| O|  |TAMS 0x00000000c2d00000| PB 0x00000000c2d00000| Untracked 
|  46|0x00000000c2e00000, 0x00000000c2f00000, 0x00000000c2f00000|100%| O|  |TAMS 0x00000000c2e00000| PB 0x00000000c2e00000| Untracked 
|  47|0x00000000c2f00000, 0x00000000c3000000, 0x00000000c3000000|100%| O|  |TAMS 0x00000000c2f00000| PB 0x00000000c2f00000| Untracked 
|  48|0x00000000c3000000, 0x00000000c3100000, 0x00000000c3100000|100%| O|  |TAMS 0x00000000c3000000| PB 0x00000000c3000000| Untracked 
|  49|0x00000000c3100000, 0x00000000c3200000, 0x00000000c3200000|100%| O|  |TAMS 0x00000000c3100000| PB 0x00000000c3100000| Untracked 
|  50|0x00000000c3200000, 0x00000000c3300000, 0x00000000c3300000|100%| O|  |TAMS 0x00000000c3200000| PB 0x00000000c3200000| Untracked 
|  51|0x00000000c3300000, 0x00000000c3400000, 0x00000000c3400000|100%| O|  |TAMS 0x00000000c3300000| PB 0x00000000c3300000| Untracked 
|  52|0x00000000c3400000, 0x00000000c3500000, 0x00000000c3500000|100%| O|  |TAMS 0x00000000c3400000| PB 0x00000000c3400000| Untracked 
|  53|0x00000000c3500000, 0x00000000c3600000, 0x00000000c3600000|100%| O|  |TAMS 0x00000000c3500000| PB 0x00000000c3500000| Untracked 
|  54|0x00000000c3600000, 0x00000000c3700000, 0x00000000c3700000|100%| O|  |TAMS 0x00000000c3600000| PB 0x00000000c3600000| Untracked 
|  55|0x00000000c3700000, 0x00000000c3800000, 0x00000000c3800000|100%| O|  |TAMS 0x00000000c3700000| PB 0x00000000c3700000| Untracked 
|  56|0x00000000c3800000, 0x00000000c3900000, 0x00000000c3900000|100%| O|  |TAMS 0x00000000c3800000| PB 0x00000000c3800000| Untracked 
|  57|0x00000000c3900000, 0x00000000c3a00000, 0x00000000c3a00000|100%| O|  |TAMS 0x00000000c3900000| PB 0x00000000c3900000| Untracked 
|  58|0x00000000c3a00000, 0x00000000c3b00000, 0x00000000c3b00000|100%| O|  |TAMS 0x00000000c3a00000| PB 0x00000000c3a00000| Untracked 
|  59|0x00000000c3b00000, 0x00000000c3c00000, 0x00000000c3c00000|100%| O|  |TAMS 0x00000000c3b00000| PB 0x00000000c3b00000| Untracked 
|  60|0x00000000c3c00000, 0x00000000c3d00000, 0x00000000c3d00000|100%| O|  |TAMS 0x00000000c3c00000| PB 0x00000000c3c00000| Untracked 
|  61|0x00000000c3d00000, 0x00000000c3dfd638, 0x00000000c3e00000| 98%| O|  |TAMS 0x00000000c3d00000| PB 0x00000000c3d00000| Untracked 
|  62|0x00000000c3e00000, 0x00000000c3f00000, 0x00000000c3f00000|100%|HS|  |TAMS 0x00000000c3e00000| PB 0x00000000c3e00000| Complete 
|  63|0x00000000c3f00000, 0x00000000c3f00000, 0x00000000c4000000|  0%| F|  |TAMS 0x00000000c3f00000| PB 0x00000000c3f00000| Untracked 
|  64|0x00000000c4000000, 0x00000000c4000000, 0x00000000c4100000|  0%| F|  |TAMS 0x00000000c4000000| PB 0x00000000c4000000| Untracked 
|  65|0x00000000c4100000, 0x00000000c4100000, 0x00000000c4200000|  0%| F|  |TAMS 0x00000000c4100000| PB 0x00000000c4100000| Untracked 
|  66|0x00000000c4200000, 0x00000000c4200000, 0x00000000c4300000|  0%| F|  |TAMS 0x00000000c4200000| PB 0x00000000c4200000| Untracked 
|  67|0x00000000c4300000, 0x00000000c4300000, 0x00000000c4400000|  0%| F|  |TAMS 0x00000000c4300000| PB 0x00000000c4300000| Untracked 
|  68|0x00000000c4400000, 0x00000000c4400000, 0x00000000c4500000|  0%| F|  |TAMS 0x00000000c4400000| PB 0x00000000c4400000| Untracked 
|  69|0x00000000c4500000, 0x00000000c4500000, 0x00000000c4600000|  0%| F|  |TAMS 0x00000000c4500000| PB 0x00000000c4500000| Untracked 
|  70|0x00000000c4600000, 0x00000000c4600000, 0x00000000c4700000|  0%| F|  |TAMS 0x00000000c4600000| PB 0x00000000c4600000| Untracked 
|  71|0x00000000c4700000, 0x00000000c4700000, 0x00000000c4800000|  0%| F|  |TAMS 0x00000000c4700000| PB 0x00000000c4700000| Untracked 
|  72|0x00000000c4800000, 0x00000000c4800000, 0x00000000c4900000|  0%| F|  |TAMS 0x00000000c4800000| PB 0x00000000c4800000| Untracked 
|  73|0x00000000c4900000, 0x00000000c4900000, 0x00000000c4a00000|  0%| F|  |TAMS 0x00000000c4900000| PB 0x00000000c4900000| Untracked 
|  74|0x00000000c4a00000, 0x00000000c4a00000, 0x00000000c4b00000|  0%| F|  |TAMS 0x00000000c4a00000| PB 0x00000000c4a00000| Untracked 
|  75|0x00000000c4b00000, 0x00000000c4b00000, 0x00000000c4c00000|  0%| F|  |TAMS 0x00000000c4b00000| PB 0x00000000c4b00000| Untracked 
|  76|0x00000000c4c00000, 0x00000000c4c00000, 0x00000000c4d00000|  0%| F|  |TAMS 0x00000000c4c00000| PB 0x00000000c4c00000| Untracked 
|  77|0x00000000c4d00000, 0x00000000c4d00000, 0x00000000c4e00000|  0%| F|  |TAMS 0x00000000c4d00000| PB 0x00000000c4d00000| Untracked 
|  78|0x00000000c4e00000, 0x00000000c4e00000, 0x00000000c4f00000|  0%| F|  |TAMS 0x00000000c4e00000| PB 0x00000000c4e00000| Untracked 
|  79|0x00000000c4f00000, 0x00000000c4f00000, 0x00000000c5000000|  0%| F|  |TAMS 0x00000000c4f00000| PB 0x00000000c4f00000| Untracked 
|  80|0x00000000c5000000, 0x00000000c5000000, 0x00000000c5100000|  0%| F|  |TAMS 0x00000000c5000000| PB 0x00000000c5000000| Untracked 
|  81|0x00000000c5100000, 0x00000000c5100000, 0x00000000c5200000|  0%| F|  |TAMS 0x00000000c5100000| PB 0x00000000c5100000| Untracked 
|  82|0x00000000c5200000, 0x00000000c5200000, 0x00000000c5300000|  0%| F|  |TAMS 0x00000000c5200000| PB 0x00000000c5200000| Untracked 
|  83|0x00000000c5300000, 0x00000000c5300000, 0x00000000c5400000|  0%| F|  |TAMS 0x00000000c5300000| PB 0x00000000c5300000| Untracked 
|  84|0x00000000c5400000, 0x00000000c5400000, 0x00000000c5500000|  0%| F|  |TAMS 0x00000000c5400000| PB 0x00000000c5400000| Untracked 
|  85|0x00000000c5500000, 0x00000000c5500000, 0x00000000c5600000|  0%| F|  |TAMS 0x00000000c5500000| PB 0x00000000c5500000| Untracked 
|  86|0x00000000c5600000, 0x00000000c5600000, 0x00000000c5700000|  0%| F|  |TAMS 0x00000000c5600000| PB 0x00000000c5600000| Untracked 
|  87|0x00000000c5700000, 0x00000000c5700000, 0x00000000c5800000|  0%| F|  |TAMS 0x00000000c5700000| PB 0x00000000c5700000| Untracked 
|  88|0x00000000c5800000, 0x00000000c5800000, 0x00000000c5900000|  0%| F|  |TAMS 0x00000000c5800000| PB 0x00000000c5800000| Untracked 
|  89|0x00000000c5900000, 0x00000000c5900000, 0x00000000c5a00000|  0%| F|  |TAMS 0x00000000c5900000| PB 0x00000000c5900000| Untracked 
|  90|0x00000000c5a00000, 0x00000000c5a00000, 0x00000000c5b00000|  0%| F|  |TAMS 0x00000000c5a00000| PB 0x00000000c5a00000| Untracked 
|  91|0x00000000c5b00000, 0x00000000c5b00000, 0x00000000c5c00000|  0%| F|  |TAMS 0x00000000c5b00000| PB 0x00000000c5b00000| Untracked 
|  92|0x00000000c5c00000, 0x00000000c5c00000, 0x00000000c5d00000|  0%| F|  |TAMS 0x00000000c5c00000| PB 0x00000000c5c00000| Untracked 
|  93|0x00000000c5d00000, 0x00000000c5d00000, 0x00000000c5e00000|  0%| F|  |TAMS 0x00000000c5d00000| PB 0x00000000c5d00000| Untracked 
|  94|0x00000000c5e00000, 0x00000000c5e00000, 0x00000000c5f00000|  0%| F|  |TAMS 0x00000000c5e00000| PB 0x00000000c5e00000| Untracked 
|  95|0x00000000c5f00000, 0x00000000c5f5d2f0, 0x00000000c6000000| 36%| S|CS|TAMS 0x00000000c5f00000| PB 0x00000000c5f00000| Complete 
|  96|0x00000000c6000000, 0x00000000c6100000, 0x00000000c6100000|100%| S|CS|TAMS 0x00000000c6000000| PB 0x00000000c6000000| Complete 
|  97|0x00000000c6100000, 0x00000000c6200000, 0x00000000c6200000|100%| S|CS|TAMS 0x00000000c6100000| PB 0x00000000c6100000| Complete 
|  98|0x00000000c6200000, 0x00000000c6300000, 0x00000000c6300000|100%| S|CS|TAMS 0x00000000c6200000| PB 0x00000000c6200000| Complete 
|  99|0x00000000c6300000, 0x00000000c6400000, 0x00000000c6400000|100%| S|CS|TAMS 0x00000000c6300000| PB 0x00000000c6300000| Complete 
| 100|0x00000000c6400000, 0x00000000c6500000, 0x00000000c6500000|100%| S|CS|TAMS 0x00000000c6400000| PB 0x00000000c6400000| Complete 
| 101|0x00000000c6500000, 0x00000000c6600000, 0x00000000c6600000|100%| S|CS|TAMS 0x00000000c6500000| PB 0x00000000c6500000| Complete 
| 102|0x00000000c6600000, 0x00000000c6700000, 0x00000000c6700000|100%| S|CS|TAMS 0x00000000c6600000| PB 0x00000000c6600000| Complete 
| 103|0x00000000c6700000, 0x00000000c6800000, 0x00000000c6800000|100%| S|CS|TAMS 0x00000000c6700000| PB 0x00000000c6700000| Complete 
| 104|0x00000000c6800000, 0x00000000c6900000, 0x00000000c6900000|100%| S|CS|TAMS 0x00000000c6800000| PB 0x00000000c6800000| Complete 
| 105|0x00000000c6900000, 0x00000000c6a00000, 0x00000000c6a00000|100%| S|CS|TAMS 0x00000000c6900000| PB 0x00000000c6900000| Complete 
| 106|0x00000000c6a00000, 0x00000000c6a00000, 0x00000000c6b00000|  0%| F|  |TAMS 0x00000000c6a00000| PB 0x00000000c6a00000| Untracked 
| 107|0x00000000c6b00000, 0x00000000c6b00000, 0x00000000c6c00000|  0%| F|  |TAMS 0x00000000c6b00000| PB 0x00000000c6b00000| Untracked 
| 108|0x00000000c6c00000, 0x00000000c6c00000, 0x00000000c6d00000|  0%| F|  |TAMS 0x00000000c6c00000| PB 0x00000000c6c00000| Untracked 
| 109|0x00000000c6d00000, 0x00000000c6d00000, 0x00000000c6e00000|  0%| F|  |TAMS 0x00000000c6d00000| PB 0x00000000c6d00000| Untracked 
| 110|0x00000000c6e00000, 0x00000000c6e00000, 0x00000000c6f00000|  0%| F|  |TAMS 0x00000000c6e00000| PB 0x00000000c6e00000| Untracked 
| 111|0x00000000c6f00000, 0x00000000c6f00000, 0x00000000c7000000|  0%| F|  |TAMS 0x00000000c6f00000| PB 0x00000000c6f00000| Untracked 
| 112|0x00000000c7000000, 0x00000000c7000000, 0x00000000c7100000|  0%| F|  |TAMS 0x00000000c7000000| PB 0x00000000c7000000| Untracked 
| 113|0x00000000c7100000, 0x00000000c7100000, 0x00000000c7200000|  0%| F|  |TAMS 0x00000000c7100000| PB 0x00000000c7100000| Untracked 
| 114|0x00000000c7200000, 0x00000000c7200000, 0x00000000c7300000|  0%| F|  |TAMS 0x00000000c7200000| PB 0x00000000c7200000| Untracked 
| 115|0x00000000c7300000, 0x00000000c7300000, 0x00000000c7400000|  0%| F|  |TAMS 0x00000000c7300000| PB 0x00000000c7300000| Untracked 
| 116|0x00000000c7400000, 0x00000000c7400000, 0x00000000c7500000|  0%| F|  |TAMS 0x00000000c7400000| PB 0x00000000c7400000| Untracked 
| 117|0x00000000c7500000, 0x00000000c7500000, 0x00000000c7600000|  0%| F|  |TAMS 0x00000000c7500000| PB 0x00000000c7500000| Untracked 
| 118|0x00000000c7600000, 0x00000000c7600000, 0x00000000c7700000|  0%| F|  |TAMS 0x00000000c7600000| PB 0x00000000c7600000| Untracked 
| 119|0x00000000c7700000, 0x00000000c7700000, 0x00000000c7800000|  0%| F|  |TAMS 0x00000000c7700000| PB 0x00000000c7700000| Untracked 
| 120|0x00000000c7800000, 0x00000000c7800000, 0x00000000c7900000|  0%| F|  |TAMS 0x00000000c7800000| PB 0x00000000c7800000| Untracked 
| 121|0x00000000c7900000, 0x00000000c7900000, 0x00000000c7a00000|  0%| F|  |TAMS 0x00000000c7900000| PB 0x00000000c7900000| Untracked 
| 122|0x00000000c7a00000, 0x00000000c7a00000, 0x00000000c7b00000|  0%| F|  |TAMS 0x00000000c7a00000| PB 0x00000000c7a00000| Untracked 
| 123|0x00000000c7b00000, 0x00000000c7b00000, 0x00000000c7c00000|  0%| F|  |TAMS 0x00000000c7b00000| PB 0x00000000c7b00000| Untracked 
| 124|0x00000000c7c00000, 0x00000000c7c00000, 0x00000000c7d00000|  0%| F|  |TAMS 0x00000000c7c00000| PB 0x00000000c7c00000| Untracked 
| 125|0x00000000c7d00000, 0x00000000c7d00000, 0x00000000c7e00000|  0%| F|  |TAMS 0x00000000c7d00000| PB 0x00000000c7d00000| Untracked 
| 126|0x00000000c7e00000, 0x00000000c7e00000, 0x00000000c7f00000|  0%| F|  |TAMS 0x00000000c7e00000| PB 0x00000000c7e00000| Untracked 
| 127|0x00000000c7f00000, 0x00000000c7f00000, 0x00000000c8000000|  0%| F|  |TAMS 0x00000000c7f00000| PB 0x00000000c7f00000| Untracked 
| 128|0x00000000c8000000, 0x00000000c8000000, 0x00000000c8100000|  0%| F|  |TAMS 0x00000000c8000000| PB 0x00000000c8000000| Untracked 
| 129|0x00000000c8100000, 0x00000000c8100000, 0x00000000c8200000|  0%| F|  |TAMS 0x00000000c8100000| PB 0x00000000c8100000| Untracked 
| 130|0x00000000c8200000, 0x00000000c8200000, 0x00000000c8300000|  0%| F|  |TAMS 0x00000000c8200000| PB 0x00000000c8200000| Untracked 
| 131|0x00000000c8300000, 0x00000000c8300000, 0x00000000c8400000|  0%| F|  |TAMS 0x00000000c8300000| PB 0x00000000c8300000| Untracked 
| 132|0x00000000c8400000, 0x00000000c8400000, 0x00000000c8500000|  0%| F|  |TAMS 0x00000000c8400000| PB 0x00000000c8400000| Untracked 
| 133|0x00000000c8500000, 0x00000000c8500000, 0x00000000c8600000|  0%| F|  |TAMS 0x00000000c8500000| PB 0x00000000c8500000| Untracked 
| 134|0x00000000c8600000, 0x00000000c8600000, 0x00000000c8700000|  0%| F|  |TAMS 0x00000000c8600000| PB 0x00000000c8600000| Untracked 
| 135|0x00000000c8700000, 0x00000000c8700000, 0x00000000c8800000|  0%| F|  |TAMS 0x00000000c8700000| PB 0x00000000c8700000| Untracked 
| 136|0x00000000c8800000, 0x00000000c8800000, 0x00000000c8900000|  0%| F|  |TAMS 0x00000000c8800000| PB 0x00000000c8800000| Untracked 
| 137|0x00000000c8900000, 0x00000000c8900000, 0x00000000c8a00000|  0%| F|  |TAMS 0x00000000c8900000| PB 0x00000000c8900000| Untracked 
| 138|0x00000000c8a00000, 0x00000000c8a00000, 0x00000000c8b00000|  0%| F|  |TAMS 0x00000000c8a00000| PB 0x00000000c8a00000| Untracked 
| 139|0x00000000c8b00000, 0x00000000c8b00000, 0x00000000c8c00000|  0%| F|  |TAMS 0x00000000c8b00000| PB 0x00000000c8b00000| Untracked 
| 140|0x00000000c8c00000, 0x00000000c8c00000, 0x00000000c8d00000|  0%| F|  |TAMS 0x00000000c8c00000| PB 0x00000000c8c00000| Untracked 
| 141|0x00000000c8d00000, 0x00000000c8d00000, 0x00000000c8e00000|  0%| F|  |TAMS 0x00000000c8d00000| PB 0x00000000c8d00000| Untracked 
| 142|0x00000000c8e00000, 0x00000000c8e00000, 0x00000000c8f00000|  0%| F|  |TAMS 0x00000000c8e00000| PB 0x00000000c8e00000| Untracked 
| 143|0x00000000c8f00000, 0x00000000c8f00000, 0x00000000c9000000|  0%| F|  |TAMS 0x00000000c8f00000| PB 0x00000000c8f00000| Untracked 
| 144|0x00000000c9000000, 0x00000000c9000000, 0x00000000c9100000|  0%| F|  |TAMS 0x00000000c9000000| PB 0x00000000c9000000| Untracked 
| 145|0x00000000c9100000, 0x00000000c9100000, 0x00000000c9200000|  0%| F|  |TAMS 0x00000000c9100000| PB 0x00000000c9100000| Untracked 
| 146|0x00000000c9200000, 0x00000000c9200000, 0x00000000c9300000|  0%| F|  |TAMS 0x00000000c9200000| PB 0x00000000c9200000| Untracked 
| 147|0x00000000c9300000, 0x00000000c9300000, 0x00000000c9400000|  0%| F|  |TAMS 0x00000000c9300000| PB 0x00000000c9300000| Untracked 
| 148|0x00000000c9400000, 0x00000000c9400000, 0x00000000c9500000|  0%| F|  |TAMS 0x00000000c9400000| PB 0x00000000c9400000| Untracked 
| 149|0x00000000c9500000, 0x00000000c9500000, 0x00000000c9600000|  0%| F|  |TAMS 0x00000000c9500000| PB 0x00000000c9500000| Untracked 
| 150|0x00000000c9600000, 0x00000000c9600000, 0x00000000c9700000|  0%| F|  |TAMS 0x00000000c9600000| PB 0x00000000c9600000| Untracked 
| 151|0x00000000c9700000, 0x00000000c9700000, 0x00000000c9800000|  0%| F|  |TAMS 0x00000000c9700000| PB 0x00000000c9700000| Untracked 
| 152|0x00000000c9800000, 0x00000000c9800000, 0x00000000c9900000|  0%| F|  |TAMS 0x00000000c9800000| PB 0x00000000c9800000| Untracked 
| 153|0x00000000c9900000, 0x00000000c9900000, 0x00000000c9a00000|  0%| F|  |TAMS 0x00000000c9900000| PB 0x00000000c9900000| Untracked 
| 154|0x00000000c9a00000, 0x00000000c9a00000, 0x00000000c9b00000|  0%| F|  |TAMS 0x00000000c9a00000| PB 0x00000000c9a00000| Untracked 
| 155|0x00000000c9b00000, 0x00000000c9b00000, 0x00000000c9c00000|  0%| F|  |TAMS 0x00000000c9b00000| PB 0x00000000c9b00000| Untracked 
| 156|0x00000000c9c00000, 0x00000000c9c00000, 0x00000000c9d00000|  0%| F|  |TAMS 0x00000000c9c00000| PB 0x00000000c9c00000| Untracked 
| 157|0x00000000c9d00000, 0x00000000c9d00000, 0x00000000c9e00000|  0%| F|  |TAMS 0x00000000c9d00000| PB 0x00000000c9d00000| Untracked 
| 158|0x00000000c9e00000, 0x00000000c9e00000, 0x00000000c9f00000|  0%| F|  |TAMS 0x00000000c9e00000| PB 0x00000000c9e00000| Untracked 
| 159|0x00000000c9f00000, 0x00000000c9f80000, 0x00000000ca000000| 50%| E|  |TAMS 0x00000000c9f00000| PB 0x00000000c9f00000| Complete 
| 160|0x00000000ca000000, 0x00000000ca100000, 0x00000000ca100000|100%| E|CS|TAMS 0x00000000ca000000| PB 0x00000000ca000000| Complete 
| 161|0x00000000ca100000, 0x00000000ca200000, 0x00000000ca200000|100%| E|CS|TAMS 0x00000000ca100000| PB 0x00000000ca100000| Complete 
| 162|0x00000000ca200000, 0x00000000ca300000, 0x00000000ca300000|100%| E|CS|TAMS 0x00000000ca200000| PB 0x00000000ca200000| Complete 
| 163|0x00000000ca300000, 0x00000000ca400000, 0x00000000ca400000|100%| E|CS|TAMS 0x00000000ca300000| PB 0x00000000ca300000| Complete 
| 164|0x00000000ca400000, 0x00000000ca500000, 0x00000000ca500000|100%| E|CS|TAMS 0x00000000ca400000| PB 0x00000000ca400000| Complete 
| 165|0x00000000ca500000, 0x00000000ca600000, 0x00000000ca600000|100%| E|CS|TAMS 0x00000000ca500000| PB 0x00000000ca500000| Complete 
| 166|0x00000000ca600000, 0x00000000ca700000, 0x00000000ca700000|100%| E|CS|TAMS 0x00000000ca600000| PB 0x00000000ca600000| Complete 
| 167|0x00000000ca700000, 0x00000000ca800000, 0x00000000ca800000|100%| E|CS|TAMS 0x00000000ca700000| PB 0x00000000ca700000| Complete 
| 168|0x00000000ca800000, 0x00000000ca900000, 0x00000000ca900000|100%| E|CS|TAMS 0x00000000ca800000| PB 0x00000000ca800000| Complete 
| 169|0x00000000ca900000, 0x00000000caa00000, 0x00000000caa00000|100%| E|CS|TAMS 0x00000000ca900000| PB 0x00000000ca900000| Complete 
| 170|0x00000000caa00000, 0x00000000cab00000, 0x00000000cab00000|100%| E|CS|TAMS 0x00000000caa00000| PB 0x00000000caa00000| Complete 
| 171|0x00000000cab00000, 0x00000000cac00000, 0x00000000cac00000|100%| E|CS|TAMS 0x00000000cab00000| PB 0x00000000cab00000| Complete 
| 172|0x00000000cac00000, 0x00000000cad00000, 0x00000000cad00000|100%| E|CS|TAMS 0x00000000cac00000| PB 0x00000000cac00000| Complete 
| 173|0x00000000cad00000, 0x00000000cae00000, 0x00000000cae00000|100%| E|CS|TAMS 0x00000000cad00000| PB 0x00000000cad00000| Complete 
| 174|0x00000000cae00000, 0x00000000caf00000, 0x00000000caf00000|100%| E|CS|TAMS 0x00000000cae00000| PB 0x00000000cae00000| Complete 
| 175|0x00000000caf00000, 0x00000000cb000000, 0x00000000cb000000|100%| E|CS|TAMS 0x00000000caf00000| PB 0x00000000caf00000| Complete 
| 176|0x00000000cb000000, 0x00000000cb100000, 0x00000000cb100000|100%| E|CS|TAMS 0x00000000cb000000| PB 0x00000000cb000000| Complete 
| 177|0x00000000cb100000, 0x00000000cb200000, 0x00000000cb200000|100%| E|CS|TAMS 0x00000000cb100000| PB 0x00000000cb100000| Complete 
| 178|0x00000000cb200000, 0x00000000cb300000, 0x00000000cb300000|100%| E|CS|TAMS 0x00000000cb200000| PB 0x00000000cb200000| Complete 
| 179|0x00000000cb300000, 0x00000000cb400000, 0x00000000cb400000|100%| E|CS|TAMS 0x00000000cb300000| PB 0x00000000cb300000| Complete 
| 180|0x00000000cb400000, 0x00000000cb500000, 0x00000000cb500000|100%| E|CS|TAMS 0x00000000cb400000| PB 0x00000000cb400000| Complete 
| 181|0x00000000cb500000, 0x00000000cb600000, 0x00000000cb600000|100%| E|CS|TAMS 0x00000000cb500000| PB 0x00000000cb500000| Complete 
| 182|0x00000000cb600000, 0x00000000cb700000, 0x00000000cb700000|100%| E|CS|TAMS 0x00000000cb600000| PB 0x00000000cb600000| Complete 
| 183|0x00000000cb700000, 0x00000000cb800000, 0x00000000cb800000|100%| E|CS|TAMS 0x00000000cb700000| PB 0x00000000cb700000| Complete 
| 184|0x00000000cb800000, 0x00000000cb900000, 0x00000000cb900000|100%| E|CS|TAMS 0x00000000cb800000| PB 0x00000000cb800000| Complete 
| 185|0x00000000cb900000, 0x00000000cba00000, 0x00000000cba00000|100%| E|CS|TAMS 0x00000000cb900000| PB 0x00000000cb900000| Complete 
| 186|0x00000000cba00000, 0x00000000cbb00000, 0x00000000cbb00000|100%| E|CS|TAMS 0x00000000cba00000| PB 0x00000000cba00000| Complete 
| 187|0x00000000cbb00000, 0x00000000cbc00000, 0x00000000cbc00000|100%| E|CS|TAMS 0x00000000cbb00000| PB 0x00000000cbb00000| Complete 
| 188|0x00000000cbc00000, 0x00000000cbd00000, 0x00000000cbd00000|100%| E|CS|TAMS 0x00000000cbc00000| PB 0x00000000cbc00000| Complete 
| 189|0x00000000cbd00000, 0x00000000cbe00000, 0x00000000cbe00000|100%| E|CS|TAMS 0x00000000cbd00000| PB 0x00000000cbd00000| Complete 
| 190|0x00000000cbe00000, 0x00000000cbf00000, 0x00000000cbf00000|100%| E|CS|TAMS 0x00000000cbe00000| PB 0x00000000cbe00000| Complete 
| 191|0x00000000cbf00000, 0x00000000cc000000, 0x00000000cc000000|100%| E|CS|TAMS 0x00000000cbf00000| PB 0x00000000cbf00000| Complete 
| 192|0x00000000cc000000, 0x00000000cc100000, 0x00000000cc100000|100%| E|CS|TAMS 0x00000000cc000000| PB 0x00000000cc000000| Complete 
| 193|0x00000000cc100000, 0x00000000cc200000, 0x00000000cc200000|100%| E|CS|TAMS 0x00000000cc100000| PB 0x00000000cc100000| Complete 
| 194|0x00000000cc200000, 0x00000000cc300000, 0x00000000cc300000|100%| E|CS|TAMS 0x00000000cc200000| PB 0x00000000cc200000| Complete 
| 195|0x00000000cc300000, 0x00000000cc400000, 0x00000000cc400000|100%| E|CS|TAMS 0x00000000cc300000| PB 0x00000000cc300000| Complete 
| 196|0x00000000cc400000, 0x00000000cc500000, 0x00000000cc500000|100%| E|CS|TAMS 0x00000000cc400000| PB 0x00000000cc400000| Complete 
| 197|0x00000000cc500000, 0x00000000cc600000, 0x00000000cc600000|100%| E|CS|TAMS 0x00000000cc500000| PB 0x00000000cc500000| Complete 
| 198|0x00000000cc600000, 0x00000000cc700000, 0x00000000cc700000|100%| E|CS|TAMS 0x00000000cc600000| PB 0x00000000cc600000| Complete 
| 199|0x00000000cc700000, 0x00000000cc800000, 0x00000000cc800000|100%| E|CS|TAMS 0x00000000cc700000| PB 0x00000000cc700000| Complete 
| 200|0x00000000cc800000, 0x00000000cc900000, 0x00000000cc900000|100%| E|CS|TAMS 0x00000000cc800000| PB 0x00000000cc800000| Complete 
| 201|0x00000000cc900000, 0x00000000cca00000, 0x00000000cca00000|100%| E|CS|TAMS 0x00000000cc900000| PB 0x00000000cc900000| Complete 
| 202|0x00000000cca00000, 0x00000000ccb00000, 0x00000000ccb00000|100%| E|CS|TAMS 0x00000000cca00000| PB 0x00000000cca00000| Complete 
| 203|0x00000000ccb00000, 0x00000000ccc00000, 0x00000000ccc00000|100%| E|CS|TAMS 0x00000000ccb00000| PB 0x00000000ccb00000| Complete 
| 204|0x00000000ccc00000, 0x00000000ccd00000, 0x00000000ccd00000|100%| E|CS|TAMS 0x00000000ccc00000| PB 0x00000000ccc00000| Complete 
| 205|0x00000000ccd00000, 0x00000000cce00000, 0x00000000cce00000|100%| E|CS|TAMS 0x00000000ccd00000| PB 0x00000000ccd00000| Complete 
| 206|0x00000000cce00000, 0x00000000ccf00000, 0x00000000ccf00000|100%| E|CS|TAMS 0x00000000cce00000| PB 0x00000000cce00000| Complete 
| 207|0x00000000ccf00000, 0x00000000cd000000, 0x00000000cd000000|100%| E|CS|TAMS 0x00000000ccf00000| PB 0x00000000ccf00000| Complete 
| 208|0x00000000cd000000, 0x00000000cd100000, 0x00000000cd100000|100%| E|CS|TAMS 0x00000000cd000000| PB 0x00000000cd000000| Complete 
| 209|0x00000000cd100000, 0x00000000cd200000, 0x00000000cd200000|100%| E|CS|TAMS 0x00000000cd100000| PB 0x00000000cd100000| Complete 
| 210|0x00000000cd200000, 0x00000000cd300000, 0x00000000cd300000|100%| E|CS|TAMS 0x00000000cd200000| PB 0x00000000cd200000| Complete 
| 211|0x00000000cd300000, 0x00000000cd400000, 0x00000000cd400000|100%| E|CS|TAMS 0x00000000cd300000| PB 0x00000000cd300000| Complete 
| 212|0x00000000cd400000, 0x00000000cd500000, 0x00000000cd500000|100%| E|CS|TAMS 0x00000000cd400000| PB 0x00000000cd400000| Complete 
| 213|0x00000000cd500000, 0x00000000cd600000, 0x00000000cd600000|100%| E|CS|TAMS 0x00000000cd500000| PB 0x00000000cd500000| Complete 
| 214|0x00000000cd600000, 0x00000000cd700000, 0x00000000cd700000|100%| E|CS|TAMS 0x00000000cd600000| PB 0x00000000cd600000| Complete 
| 215|0x00000000cd700000, 0x00000000cd800000, 0x00000000cd800000|100%| E|CS|TAMS 0x00000000cd700000| PB 0x00000000cd700000| Complete 
| 216|0x00000000cd800000, 0x00000000cd900000, 0x00000000cd900000|100%| E|CS|TAMS 0x00000000cd800000| PB 0x00000000cd800000| Complete 
| 217|0x00000000cd900000, 0x00000000cda00000, 0x00000000cda00000|100%| E|CS|TAMS 0x00000000cd900000| PB 0x00000000cd900000| Complete 
| 218|0x00000000cda00000, 0x00000000cdb00000, 0x00000000cdb00000|100%| E|CS|TAMS 0x00000000cda00000| PB 0x00000000cda00000| Complete 
| 219|0x00000000cdb00000, 0x00000000cdc00000, 0x00000000cdc00000|100%| E|CS|TAMS 0x00000000cdb00000| PB 0x00000000cdb00000| Complete 
| 220|0x00000000cdc00000, 0x00000000cdd00000, 0x00000000cdd00000|100%| E|CS|TAMS 0x00000000cdc00000| PB 0x00000000cdc00000| Complete 
| 221|0x00000000cdd00000, 0x00000000cde00000, 0x00000000cde00000|100%| E|CS|TAMS 0x00000000cdd00000| PB 0x00000000cdd00000| Complete 
| 222|0x00000000cde00000, 0x00000000cdf00000, 0x00000000cdf00000|100%| E|CS|TAMS 0x00000000cde00000| PB 0x00000000cde00000| Complete 
| 223|0x00000000cdf00000, 0x00000000ce000000, 0x00000000ce000000|100%| E|CS|TAMS 0x00000000cdf00000| PB 0x00000000cdf00000| Complete 
| 224|0x00000000ce000000, 0x00000000ce100000, 0x00000000ce100000|100%| E|CS|TAMS 0x00000000ce000000| PB 0x00000000ce000000| Complete 
| 225|0x00000000ce100000, 0x00000000ce200000, 0x00000000ce200000|100%| E|CS|TAMS 0x00000000ce100000| PB 0x00000000ce100000| Complete 
| 226|0x00000000ce200000, 0x00000000ce300000, 0x00000000ce300000|100%| E|CS|TAMS 0x00000000ce200000| PB 0x00000000ce200000| Complete 
| 227|0x00000000ce300000, 0x00000000ce400000, 0x00000000ce400000|100%| E|CS|TAMS 0x00000000ce300000| PB 0x00000000ce300000| Complete 
| 228|0x00000000ce400000, 0x00000000ce500000, 0x00000000ce500000|100%| E|CS|TAMS 0x00000000ce400000| PB 0x00000000ce400000| Complete 
| 229|0x00000000ce500000, 0x00000000ce600000, 0x00000000ce600000|100%| E|CS|TAMS 0x00000000ce500000| PB 0x00000000ce500000| Complete 
| 230|0x00000000ce600000, 0x00000000ce700000, 0x00000000ce700000|100%| E|CS|TAMS 0x00000000ce600000| PB 0x00000000ce600000| Complete 
| 231|0x00000000ce700000, 0x00000000ce800000, 0x00000000ce800000|100%| E|CS|TAMS 0x00000000ce700000| PB 0x00000000ce700000| Complete 
| 232|0x00000000ce800000, 0x00000000ce900000, 0x00000000ce900000|100%| E|CS|TAMS 0x00000000ce800000| PB 0x00000000ce800000| Complete 
| 233|0x00000000ce900000, 0x00000000cea00000, 0x00000000cea00000|100%| E|CS|TAMS 0x00000000ce900000| PB 0x00000000ce900000| Complete 
| 234|0x00000000cea00000, 0x00000000ceb00000, 0x00000000ceb00000|100%| E|CS|TAMS 0x00000000cea00000| PB 0x00000000cea00000| Complete 
| 235|0x00000000ceb00000, 0x00000000cec00000, 0x00000000cec00000|100%| E|CS|TAMS 0x00000000ceb00000| PB 0x00000000ceb00000| Complete 
| 236|0x00000000cec00000, 0x00000000ced00000, 0x00000000ced00000|100%| E|CS|TAMS 0x00000000cec00000| PB 0x00000000cec00000| Complete 
| 237|0x00000000ced00000, 0x00000000cee00000, 0x00000000cee00000|100%| E|CS|TAMS 0x00000000ced00000| PB 0x00000000ced00000| Complete 
| 238|0x00000000cee00000, 0x00000000cef00000, 0x00000000cef00000|100%| E|CS|TAMS 0x00000000cee00000| PB 0x00000000cee00000| Complete 
| 239|0x00000000cef00000, 0x00000000cf000000, 0x00000000cf000000|100%| E|CS|TAMS 0x00000000cef00000| PB 0x00000000cef00000| Complete 
| 240|0x00000000cf000000, 0x00000000cf100000, 0x00000000cf100000|100%| E|CS|TAMS 0x00000000cf000000| PB 0x00000000cf000000| Complete 
| 241|0x00000000cf100000, 0x00000000cf200000, 0x00000000cf200000|100%| E|CS|TAMS 0x00000000cf100000| PB 0x00000000cf100000| Complete 
| 242|0x00000000cf200000, 0x00000000cf300000, 0x00000000cf300000|100%| E|CS|TAMS 0x00000000cf200000| PB 0x00000000cf200000| Complete 
| 243|0x00000000cf300000, 0x00000000cf400000, 0x00000000cf400000|100%| E|CS|TAMS 0x00000000cf300000| PB 0x00000000cf300000| Complete 
| 244|0x00000000cf400000, 0x00000000cf500000, 0x00000000cf500000|100%| E|CS|TAMS 0x00000000cf400000| PB 0x00000000cf400000| Complete 
| 245|0x00000000cf500000, 0x00000000cf600000, 0x00000000cf600000|100%| E|CS|TAMS 0x00000000cf500000| PB 0x00000000cf500000| Complete 
| 246|0x00000000cf600000, 0x00000000cf700000, 0x00000000cf700000|100%| E|CS|TAMS 0x00000000cf600000| PB 0x00000000cf600000| Complete 
| 247|0x00000000cf700000, 0x00000000cf800000, 0x00000000cf800000|100%| E|CS|TAMS 0x00000000cf700000| PB 0x00000000cf700000| Complete 
| 248|0x00000000cf800000, 0x00000000cf900000, 0x00000000cf900000|100%| E|CS|TAMS 0x00000000cf800000| PB 0x00000000cf800000| Complete 
| 249|0x00000000cf900000, 0x00000000cfa00000, 0x00000000cfa00000|100%| E|CS|TAMS 0x00000000cf900000| PB 0x00000000cf900000| Complete 
| 250|0x00000000cfa00000, 0x00000000cfb00000, 0x00000000cfb00000|100%| E|CS|TAMS 0x00000000cfa00000| PB 0x00000000cfa00000| Complete 
| 251|0x00000000cfb00000, 0x00000000cfc00000, 0x00000000cfc00000|100%| E|CS|TAMS 0x00000000cfb00000| PB 0x00000000cfb00000| Complete 
| 252|0x00000000cfc00000, 0x00000000cfd00000, 0x00000000cfd00000|100%| E|CS|TAMS 0x00000000cfc00000| PB 0x00000000cfc00000| Complete 
| 253|0x00000000cfd00000, 0x00000000cfe00000, 0x00000000cfe00000|100%| E|CS|TAMS 0x00000000cfd00000| PB 0x00000000cfd00000| Complete 
| 254|0x00000000cfe00000, 0x00000000cff00000, 0x00000000cff00000|100%| E|CS|TAMS 0x00000000cfe00000| PB 0x00000000cfe00000| Complete 
| 255|0x00000000cff00000, 0x00000000d0000000, 0x00000000d0000000|100%| E|CS|TAMS 0x00000000cff00000| PB 0x00000000cff00000| Complete 

Card table byte_map: [0x000002b854770000,0x000002b854970000] _byte_map_base: 0x000002b854170000

Marking Bits: (CMBitMap*) 0x000002b83ab46b10
 Bits: [0x000002b854970000, 0x000002b855970000)

Polling page: 0x000002b83abd0000

Metaspace:

Usage:
  Non-class:     27.22 MB used.
      Class:      3.29 MB used.
       Both:     30.51 MB used.

Virtual space:
  Non-class space:       64.00 MB reserved,      27.50 MB ( 43%) committed,  1 nodes.
      Class space:        1.00 GB reserved,       3.56 MB ( <1%) committed,  1 nodes.
             Both:        1.06 GB reserved,      31.06 MB (  3%) committed. 

Chunk freelists:
   Non-Class:  4.53 MB
       Class:  12.44 MB
        Both:  16.97 MB

MaxMetaspaceSize: unlimited
CompressedClassSpaceSize: 1.00 GB
Initial GC threshold: 21.00 MB
Current GC threshold: 35.44 MB
CDS: on
 - commit_granule_bytes: 65536.
 - commit_granule_words: 8192.
 - virtual_space_node_default_size: 8388608.
 - enlarge_chunks_in_place: 1.
 - use_allocation_guard: 0.


Internal statistics:

num_allocs_failed_limit: 3.
num_arena_births: 544.
num_arena_deaths: 0.
num_vsnodes_births: 2.
num_vsnodes_deaths: 0.
num_space_committed: 497.
num_space_uncommitted: 0.
num_chunks_returned_to_freelist: 3.
num_chunks_taken_from_freelist: 1768.
num_chunk_merges: 3.
num_chunk_splits: 1217.
num_chunks_enlarged: 860.
num_inconsistent_stats: 0.

CodeHeap 'non-profiled nmethods': size=119168Kb used=5235Kb max_used=5235Kb free=113932Kb
 bounds [0x000002b84c130000, 0x000002b84c650000, 0x000002b853590000]
CodeHeap 'profiled nmethods': size=119104Kb used=22206Kb max_used=22206Kb free=96897Kb
 bounds [0x000002b844590000, 0x000002b845b40000, 0x000002b84b9e0000]
CodeHeap 'non-nmethods': size=7488Kb used=2586Kb max_used=3207Kb free=4901Kb
 bounds [0x000002b84b9e0000, 0x000002b84bd10000, 0x000002b84c130000]
 total_blobs=9730 nmethods=9186 adapters=446
 compilation: enabled
              stopped_count=0, restarted_count=0
 full_count=0

Compilation events (20 events):
Event: 11.451 Thread 0x000002b85899e030 nmethod 9251 0x000002b845afb690 code [0x000002b845afb840, 0x000002b845afba00]
Event: 11.452 Thread 0x000002b85899a9b0 9253       3       lombok.javac.handlers.JavacHandlerUtil::findGetter (454 bytes)
Event: 11.458 Thread 0x000002b85899a9b0 nmethod 9253 0x000002b845afbb10 code [0x000002b845afc2e0, 0x000002b845b01b50]
Event: 11.460 Thread 0x000002b85899a9b0 9254       2       java.util.Collections$UnmodifiableMap::containsKey (11 bytes)
Event: 11.460 Thread 0x000002b85899c4f0 9255       2       lombok.core.LombokNode::getImportListAsTypeResolver (8 bytes)
Event: 11.460 Thread 0x000002b85899a9b0 nmethod 9254 0x000002b845b03390 code [0x000002b845b03540, 0x000002b845b03678]
Event: 11.460 Thread 0x000002b85899a9b0 9257       2       lombok.core.TypeResolver::typeMatches (17 bytes)
Event: 11.460 Thread 0x000002b85899e030 9256       2       lombok.core.AST::getImportListAsTypeResolver (29 bytes)
Event: 11.460 Thread 0x000002b85899b080 9258       2       lombok.core.TypeLibrary::createLibraryForSingleType (40 bytes)
Event: 11.460 Thread 0x000002b85899c4f0 nmethod 9255 0x000002b845b03710 code [0x000002b845b038c0, 0x000002b845b03af8]
Event: 11.460 Thread 0x000002b85899c4f0 9259       2       lombok.core.TypeLibrary::<init> (90 bytes)
Event: 11.460 Thread 0x000002b85899a9b0 nmethod 9257 0x000002b845b03c10 code [0x000002b845b03dc0, 0x000002b845b03f68]
Event: 11.460 Thread 0x000002b85899e030 nmethod 9256 0x000002b845b04090 code [0x000002b845b04240, 0x000002b845b04490]
Event: 11.460 Thread 0x000002b85899b080 nmethod 9258 0x000002b845b04510 code [0x000002b845b046e0, 0x000002b845b04a50]
Event: 11.460 Thread 0x000002b85899c4f0 nmethod 9259 0x000002b845b04c10 code [0x000002b845b04e20, 0x000002b845b05348]
Event: 11.462 Thread 0x000002b85899c4f0 9260       2       java.lang.Class::getMethod (59 bytes)
Event: 11.463 Thread 0x000002b85899c4f0 nmethod 9260 0x000002b845b05590 code [0x000002b845b057a0, 0x000002b845b05c50]
Event: 11.463 Thread 0x000002b85899c4f0 9261       2       com.sun.tools.javac.tree.JCTree$JCIf::accept (6 bytes)
Event: 11.463 Thread 0x000002b85899a9b0 9262       2       com.sun.tools.javac.tree.TreeScanner::visitIf (25 bytes)
Event: 11.463 Thread 0x000002b85899c4f0 nmethod 9261 0x000002b845b05f10 code [0x000002b845b060c0, 0x000002b845b06200]

GC Heap History (14 events):
Event: 0.701 GC heap before
{Heap before GC invocations=0 (full 0):
 garbage-first heap   total 262144K, used 23552K [0x00000000c0000000, 0x0000000100000000)
  region size 1024K, 23 young (23552K), 0 survivors (0K)
 Metaspace       used 5642K, committed 5888K, reserved 1114112K
  class space    used 647K, committed 768K, reserved 1048576K
}
Event: 0.707 GC heap after
{Heap after GC invocations=1 (full 0):
 garbage-first heap   total 262144K, used 3756K [0x00000000c0000000, 0x0000000100000000)
  region size 1024K, 3 young (3072K), 3 survivors (3072K)
 Metaspace       used 5642K, committed 5888K, reserved 1114112K
  class space    used 647K, committed 768K, reserved 1048576K
}
Event: 1.626 GC heap before
{Heap before GC invocations=1 (full 0):
 garbage-first heap   total 262144K, used 35500K [0x00000000c0000000, 0x0000000100000000)
  region size 1024K, 34 young (34816K), 3 survivors (3072K)
 Metaspace       used 9840K, committed 10048K, reserved 1114112K
  class space    used 1152K, committed 1216K, reserved 1048576K
}
Event: 1.630 GC heap after
{Heap after GC invocations=2 (full 0):
 garbage-first heap   total 262144K, used 5511K [0x00000000c0000000, 0x0000000100000000)
  region size 1024K, 2 young (2048K), 2 survivors (2048K)
 Metaspace       used 9840K, committed 10048K, reserved 1114112K
  class space    used 1152K, committed 1216K, reserved 1048576K
}
Event: 7.032 GC heap before
{Heap before GC invocations=2 (full 0):
 garbage-first heap   total 262144K, used 192903K [0x00000000c0000000, 0x0000000100000000)
  region size 1024K, 153 young (156672K), 2 survivors (2048K)
 Metaspace       used 18995K, committed 19328K, reserved 1114112K
  class space    used 2080K, committed 2240K, reserved 1048576K
}
Event: 7.056 GC heap after
{Heap after GC invocations=3 (full 0):
 garbage-first heap   total 262144K, used 17175K [0x00000000c0000000, 0x0000000100000000)
  region size 1024K, 14 young (14336K), 14 survivors (14336K)
 Metaspace       used 18995K, committed 19328K, reserved 1114112K
  class space    used 2080K, committed 2240K, reserved 1048576K
}
Event: 7.538 GC heap before
{Heap before GC invocations=3 (full 0):
 garbage-first heap   total 262144K, used 46871K [0x00000000c0000000, 0x0000000100000000)
  region size 1024K, 37 young (37888K), 14 survivors (14336K)
 Metaspace       used 21211K, committed 21504K, reserved 1114112K
  class space    used 2342K, committed 2496K, reserved 1048576K
}
Event: 7.546 GC heap after
{Heap after GC invocations=4 (full 0):
 garbage-first heap   total 262144K, used 28666K [0x00000000c0000000, 0x0000000100000000)
  region size 1024K, 6 young (6144K), 6 survivors (6144K)
 Metaspace       used 21211K, committed 21504K, reserved 1114112K
  class space    used 2342K, committed 2496K, reserved 1048576K
}
Event: 9.415 GC heap before
{Heap before GC invocations=5 (full 0):
 garbage-first heap   total 262144K, used 182266K [0x00000000c0000000, 0x0000000100000000)
  region size 1024K, 153 young (156672K), 6 survivors (6144K)
 Metaspace       used 27817K, committed 28224K, reserved 1114112K
  class space    used 3024K, committed 3200K, reserved 1048576K
}
Event: 9.440 GC heap after
{Heap after GC invocations=6 (full 0):
 garbage-first heap   total 262144K, used 62464K [0x00000000c0000000, 0x0000000100000000)
  region size 1024K, 20 young (20480K), 20 survivors (20480K)
 Metaspace       used 27817K, committed 28224K, reserved 1114112K
  class space    used 3024K, committed 3200K, reserved 1048576K
}
Event: 10.517 GC heap before
{Heap before GC invocations=6 (full 0):
 garbage-first heap   total 262144K, used 197632K [0x00000000c0000000, 0x0000000100000000)
  region size 1024K, 153 young (156672K), 20 survivors (20480K)
 Metaspace       used 30309K, committed 30720K, reserved 1114112K
  class space    used 3261K, committed 3456K, reserved 1048576K
}
Event: 10.532 GC heap after
{Heap after GC invocations=7 (full 0):
 garbage-first heap   total 262144K, used 68051K [0x00000000c0000000, 0x0000000100000000)
  region size 1024K, 5 young (5120K), 5 survivors (5120K)
 Metaspace       used 30309K, committed 30720K, reserved 1114112K
  class space    used 3261K, committed 3456K, reserved 1048576K
}
Event: 11.201 GC heap before
{Heap before GC invocations=7 (full 0):
 garbage-first heap   total 262144K, used 216531K [0x00000000c0000000, 0x0000000100000000)
  region size 1024K, 150 young (153600K), 5 survivors (5120K)
 Metaspace       used 31063K, committed 31552K, reserved 1114112K
  class space    used 3348K, committed 3584K, reserved 1048576K
}
Event: 11.211 GC heap after
{Heap after GC invocations=8 (full 0):
 garbage-first heap   total 262144K, used 74090K [0x00000000c0000000, 0x0000000100000000)
  region size 1024K, 11 young (11264K), 11 survivors (11264K)
 Metaspace       used 31063K, committed 31552K, reserved 1114112K
  class space    used 3348K, committed 3584K, reserved 1048576K
}

Dll operation events (8 events):
Event: 0.006 Loaded shared library C:\Program Files\Java\jdk-21\bin\java.dll
Event: 0.028 Loaded shared library C:\Program Files\Java\jdk-21\bin\jsvml.dll
Event: 0.044 Loaded shared library C:\Program Files\Java\jdk-21\bin\net.dll
Event: 0.046 Loaded shared library C:\Program Files\Java\jdk-21\bin\nio.dll
Event: 0.052 Loaded shared library C:\Program Files\Java\jdk-21\bin\zip.dll
Event: 0.256 Loaded shared library C:\Program Files\Java\jdk-21\bin\jimage.dll
Event: 0.259 Loaded shared library C:\Users\DELL\.m2\wrapper\dists\apache-maven-3.9.9\977a63e90f436cd6ade95b4c0e10c20c\lib\jansi-native\Windows\x86_64\jansi.dll
Event: 0.270 Loaded shared library C:\Program Files\Java\jdk-21\bin\verify.dll

Deoptimization events (20 events):
Event: 11.314 Thread 0x000002b83a728d90 DEOPT PACKING pc=0x000002b84c3f34c4 sp=0x000000ce8b5fcce0
Event: 11.314 Thread 0x000002b83a728d90 DEOPT UNPACKING pc=0x000002b84ba346a2 sp=0x000000ce8b5fcca8 mode 2
Event: 11.337 Thread 0x000002b83a728d90 DEOPT PACKING pc=0x000002b8458597a3 sp=0x000000ce8b5fc830
Event: 11.337 Thread 0x000002b83a728d90 DEOPT UNPACKING pc=0x000002b84ba34e42 sp=0x000000ce8b5fbd68 mode 0
Event: 11.338 Thread 0x000002b83a728d90 Uncommon trap: trap_request=0xffffff45 fr.pc=0x000002b84c3fbfa0 relative=0x0000000000000920
Event: 11.338 Thread 0x000002b83a728d90 Uncommon trap: reason=unstable_if action=reinterpret pc=0x000002b84c3fbfa0 method=java.util.regex.Matcher.reset()Ljava/util/regex/Matcher; @ 71 c2
Event: 11.338 Thread 0x000002b83a728d90 DEOPT PACKING pc=0x000002b84c3fbfa0 sp=0x000000ce8b5fc350
Event: 11.338 Thread 0x000002b83a728d90 DEOPT UNPACKING pc=0x000002b84ba346a2 sp=0x000000ce8b5fc220 mode 2
Event: 11.338 Thread 0x000002b83a728d90 Uncommon trap: trap_request=0xffffff45 fr.pc=0x000002b84c535af4 relative=0x0000000000000234
Event: 11.338 Thread 0x000002b83a728d90 Uncommon trap: reason=unstable_if action=reinterpret pc=0x000002b84c535af4 method=java.util.regex.Matcher.match(II)Z @ 76 c2
Event: 11.338 Thread 0x000002b83a728d90 DEOPT PACKING pc=0x000002b84c535af4 sp=0x000000ce8b5fc330
Event: 11.338 Thread 0x000002b83a728d90 DEOPT UNPACKING pc=0x000002b84ba346a2 sp=0x000000ce8b5fc2b8 mode 2
Event: 11.339 Thread 0x000002b83a728d90 Uncommon trap: trap_request=0xffffff45 fr.pc=0x000002b84c2e2520 relative=0x0000000000000260
Event: 11.339 Thread 0x000002b83a728d90 Uncommon trap: reason=unstable_if action=reinterpret pc=0x000002b84c2e2520 method=java.util.regex.Matcher.reset()Ljava/util/regex/Matcher; @ 71 c2
Event: 11.339 Thread 0x000002b83a728d90 DEOPT PACKING pc=0x000002b84c2e2520 sp=0x000000ce8b5fc2a0
Event: 11.339 Thread 0x000002b83a728d90 DEOPT UNPACKING pc=0x000002b84ba346a2 sp=0x000000ce8b5fc228 mode 2
Event: 11.352 Thread 0x000002b83a728d90 DEOPT PACKING pc=0x000002b845ae1bdd sp=0x000000ce8b5fcb00
Event: 11.352 Thread 0x000002b83a728d90 DEOPT UNPACKING pc=0x000002b84ba34e42 sp=0x000000ce8b5fbfc8 mode 0
Event: 11.452 Thread 0x000002b83a728d90 DEOPT PACKING pc=0x000002b845ac9b02 sp=0x000000ce8b5fcb60
Event: 11.452 Thread 0x000002b83a728d90 DEOPT UNPACKING pc=0x000002b84ba34e42 sp=0x000000ce8b5fc100 mode 0

Classes loaded (20 events):
Event: 10.122 Loading class java/util/Collections$UnmodifiableSortedSet
Event: 10.126 Loading class java/util/Collections$UnmodifiableSortedSet done
Event: 10.152 Loading class java/util/IdentityHashMap$EntrySet
Event: 10.165 Loading class java/util/IdentityHashMap$EntrySet done
Event: 10.165 Loading class java/util/IdentityHashMap$EntryIterator
Event: 10.165 Loading class java/util/IdentityHashMap$EntryIterator done
Event: 10.165 Loading class java/util/IdentityHashMap$EntryIterator$Entry
Event: 10.177 Loading class java/util/IdentityHashMap$EntryIterator$Entry done
Event: 10.192 Loading class java/util/function/UnaryOperator
Event: 10.193 Loading class java/util/function/UnaryOperator done
Event: 10.214 Loading class java/util/regex/Pattern$Caret
Event: 10.214 Loading class java/util/regex/Pattern$Caret done
Event: 10.580 Loading class java/util/regex/Pattern$SliceI
Event: 10.585 Loading class java/util/regex/Pattern$SliceI done
Event: 10.587 Loading class java/util/regex/Pattern$Loop
Event: 10.588 Loading class java/util/regex/Pattern$Loop done
Event: 10.588 Loading class java/util/regex/Pattern$Prolog
Event: 10.588 Loading class java/util/regex/Pattern$Prolog done
Event: 10.658 Loading class java/util/regex/Pattern$LazyLoop
Event: 10.669 Loading class java/util/regex/Pattern$LazyLoop done

Classes unloaded (0 events):
No events

Classes redefined (0 events):
No events

Internal exceptions (20 events):
Event: 9.646 Thread 0x000002b83a728d90 Implicit null exception at 0x000002b84c299d78 to 0x000002b84c29a1cc
Event: 10.318 Thread 0x000002b83a728d90 Implicit null exception at 0x000002b84c3802cb to 0x000002b84c380930
Event: 10.594 Thread 0x000002b83a728d90 Exception <a 'java/lang/NoSuchMethodError'{0x00000000cf0d40d8}: 'java.lang.Object java.lang.invoke.DirectMethodHandle$Holder.invokeVirtual(java.lang.Object, java.lang.Object, long)'> (0x00000000cf0d40d8) 
thrown [s\open\src\hotspot\share\interpreter\linkResolver.cpp, line 773]
Event: 10.595 Thread 0x000002b83a728d90 Exception <a 'java/lang/NoSuchMethodError'{0x00000000cf0e16d8}: 'java.lang.Object java.lang.invoke.DirectMethodHandle$Holder.invokeVirtual(java.lang.Object, java.lang.Object, java.lang.Object, java.lang.Object, java.lang.Object, java.lang.Object, java.lang.Object, java.lang.Object)'> (0x00000000cf0e16d8) 
thrown [s\open\src\hotspot\share\interpreter\linkResolver.cpp, line 773]
Event: 10.597 Thread 0x000002b83a728d90 Exception <a 'java/lang/NoSuchMethodError'{0x00000000cf0fb1c8}: 'java.lang.Object java.lang.invoke.DirectMethodHandle$Holder.invokeStatic(java.lang.Object, java.lang.Object, int)'> (0x00000000cf0fb1c8) 
thrown [s\open\src\hotspot\share\interpreter\linkResolver.cpp, line 773]
Event: 10.597 Thread 0x000002b83a728d90 Exception <a 'java/lang/NoSuchMethodError'{0x00000000cf0ff648}: 'void java.lang.invoke.DirectMethodHandle$Holder.invokeStatic(java.lang.Object, java.lang.Object, int, java.lang.Object)'> (0x00000000cf0ff648) 
thrown [s\open\src\hotspot\share\interpreter\linkResolver.cpp, line 773]
Event: 10.598 Thread 0x000002b83a728d90 Exception <a 'java/lang/NoSuchMethodError'{0x00000000cef06c88}: 'void java.lang.invoke.DelegatingMethodHandle$Holder.delegate(java.lang.Object, java.lang.Object, int, java.lang.Object)'> (0x00000000cef06c88) 
thrown [s\open\src\hotspot\share\interpreter\linkResolver.cpp, line 773]
Event: 10.600 Thread 0x000002b83a728d90 Exception <a 'java/lang/NoSuchMethodError'{0x00000000cef22d40}: 'void java.lang.invoke.DirectMethodHandle$Holder.invokeInterface(java.lang.Object, java.lang.Object, java.lang.Object, int)'> (0x00000000cef22d40) 
thrown [s\open\src\hotspot\share\interpreter\linkResolver.cpp, line 773]
Event: 10.601 Thread 0x000002b83a728d90 Exception <a 'java/lang/NoSuchMethodError'{0x00000000cef2a2e0}: 'void java.lang.invoke.DelegatingMethodHandle$Holder.reinvoke_L(java.lang.Object, java.lang.Object, java.lang.Object, int)'> (0x00000000cef2a2e0) 
thrown [s\open\src\hotspot\share\interpreter\linkResolver.cpp, line 773]
Event: 10.611 Thread 0x000002b83a728d90 Exception <a 'java/lang/NoSuchMethodError'{0x00000000cee116a0}: 'java.lang.Object java.lang.invoke.DirectMethodHandle$Holder.invokeVirtual(java.lang.Object, java.lang.Object, java.lang.Object, java.lang.Object)'> (0x00000000cee116a0) 
thrown [s\open\src\hotspot\share\interpreter\linkResolver.cpp, line 773]
Event: 10.625 Thread 0x000002b83a728d90 Exception <a 'java/lang/NoSuchMethodError'{0x00000000cee5c740}: 'java.lang.Object java.lang.invoke.DirectMethodHandle$Holder.invokeVirtual(java.lang.Object, java.lang.Object, java.lang.Object, java.lang.Object, java.lang.Object, java.lang.Object)'> (0x00000000cee5c740) 
thrown [s\open\src\hotspot\share\interpreter\linkResolver.cpp, line 773]
Event: 10.626 Thread 0x000002b83a728d90 Implicit null exception at 0x000002b84c371c7d to 0x000002b84c371de8
Event: 10.626 Thread 0x000002b83a728d90 Exception <a 'java/lang/NoSuchMethodError'{0x00000000cee7ec10}: 'void java.lang.invoke.DirectMethodHandle$Holder.invokeVirtual(java.lang.Object, java.lang.Object, java.lang.Object, java.lang.Object)'> (0x00000000cee7ec10) 
thrown [s\open\src\hotspot\share\interpreter\linkResolver.cpp, line 773]
Event: 10.632 Thread 0x000002b83a728d90 Exception <a 'java/lang/NoSuchMethodError'{0x00000000ceeecd20}: 'java.lang.Object java.lang.invoke.DirectMethodHandle$Holder.invokeSpecial(java.lang.Object, java.lang.Object, java.lang.Object, long, java.lang.Object)'> (0x00000000ceeecd20) 
thrown [s\open\src\hotspot\share\interpreter\linkResolver.cpp, line 773]
Event: 10.632 Thread 0x000002b83a728d90 Exception <a 'java/lang/NoSuchMethodError'{0x00000000ceef0ca0}: 'java.lang.Object java.lang.invoke.DelegatingMethodHandle$Holder.reinvoke_L(java.lang.Object, java.lang.Object, long, java.lang.Object)'> (0x00000000ceef0ca0) 
thrown [s\open\src\hotspot\share\interpreter\linkResolver.cpp, line 773]
Event: 10.633 Thread 0x000002b83a728d90 Exception <a 'java/lang/NoSuchMethodError'{0x00000000ced49248}: 'java.lang.Object java.lang.invoke.DirectMethodHandle$Holder.invokeVirtual(java.lang.Object, java.lang.Object, java.lang.Object, java.lang.Object, java.lang.Object, java.lang.Object, java.lang.Object, java.lang.Object, java.lang.Object, java.lang.Object)'> (0x00000000ced49248) 
thrown [s\open\src\hotspot\share\interpreter\linkResolver.cpp, line 773]
Event: 10.684 Thread 0x000002b83a728d90 Exception <a 'java/lang/NoSuchMethodError'{0x00000000cebd6dd0}: 'java.lang.Object java.lang.invoke.DirectMethodHandle$Holder.invokeVirtual(java.lang.Object, java.lang.Object, java.lang.Object, java.lang.Object, java.lang.Object, java.lang.Object, java.lang.Object)'> (0x00000000cebd6dd0) 
thrown [s\open\src\hotspot\share\interpreter\linkResolver.cpp, line 773]
Event: 10.693 Thread 0x000002b83a728d90 Exception <a 'java/lang/NoSuchMethodError'{0x00000000cea55250}: 'java.lang.Object java.lang.invoke.DirectMethodHandle$Holder.invokeVirtual(java.lang.Object, java.lang.Object, java.lang.Object, java.lang.Object, java.lang.Object)'> (0x00000000cea55250) 
thrown [s\open\src\hotspot\share\interpreter\linkResolver.cpp, line 773]
Event: 11.128 Thread 0x000002b83a728d90 Exception <a 'java/lang/NoSuchMethodError'{0x00000000c8b9ab90}: 'int java.lang.invoke.Invokers$Holder.invokeExact_MT(java.lang.Object, java.lang.Object, java.lang.Object)'> (0x00000000c8b9ab90) 
thrown [s\open\src\hotspot\share\interpreter\linkResolver.cpp, line 773]
Event: 11.261 Thread 0x000002b83a728d90 Implicit null exception at 0x000002b84c547257 to 0x000002b84c5479a9

ZGC Phase Switch (0 events):
No events

VM Operations (20 events):
Event: 9.500 Executing VM operation: ICBufferFull
Event: 9.500 Executing VM operation: ICBufferFull done
Event: 9.538 Executing VM operation: HandshakeAllThreads (Deoptimize)
Event: 9.538 Executing VM operation: HandshakeAllThreads (Deoptimize) done
Event: 9.582 Executing VM operation: ICBufferFull
Event: 9.583 Executing VM operation: ICBufferFull done
Event: 9.922 Executing VM operation: HandshakeAllThreads (Deoptimize)
Event: 9.922 Executing VM operation: HandshakeAllThreads (Deoptimize) done
Event: 10.319 Executing VM operation: ICBufferFull
Event: 10.319 Executing VM operation: ICBufferFull done
Event: 10.517 Executing VM operation: G1CollectForAllocation (G1 Evacuation Pause)
Event: 10.532 Executing VM operation: G1CollectForAllocation (G1 Evacuation Pause) done
Event: 10.604 Executing VM operation: HandshakeAllThreads (Deoptimize)
Event: 10.604 Executing VM operation: HandshakeAllThreads (Deoptimize) done
Event: 10.676 Executing VM operation: HandshakeAllThreads (Deoptimize)
Event: 10.676 Executing VM operation: HandshakeAllThreads (Deoptimize) done
Event: 10.754 Executing VM operation: ICBufferFull
Event: 10.754 Executing VM operation: ICBufferFull done
Event: 11.200 Executing VM operation: G1CollectForAllocation (G1 Evacuation Pause)
Event: 11.211 Executing VM operation: G1CollectForAllocation (G1 Evacuation Pause) done

Events (20 events):
Event: 0.034 Thread 0x000002b85899b750 Thread added: 0x000002b85899b750
Event: 0.037 Thread 0x000002b858bf0460 Thread added: 0x000002b858bf0460
Event: 0.041 Thread 0x000002b858bf1090 Thread added: 0x000002b858bf1090
Event: 0.254 Thread 0x000002b89e02d2e0 Thread added: 0x000002b89e02d2e0
Event: 0.359 Thread 0x000002b89e02d2e0 Thread exited: 0x000002b89e02d2e0
Event: 0.373 Thread 0x000002b85899c4f0 Thread added: 0x000002b85899c4f0
Event: 0.378 Thread 0x000002b85899cbc0 Thread added: 0x000002b85899cbc0
Event: 1.381 Thread 0x000002b85899cbc0 Thread exited: 0x000002b85899cbc0
Event: 1.984 Thread 0x000002b85899d290 Thread added: 0x000002b85899d290
Event: 2.060 Thread 0x000002b89eb47a00 Thread added: 0x000002b89eb47a00
Event: 3.983 Thread 0x000002b85899d290 Thread exited: 0x000002b85899d290
Event: 4.035 Thread 0x000002b85899d290 Thread added: 0x000002b85899d290
Event: 4.394 Thread 0x000002b85899d290 Thread exited: 0x000002b85899d290
Event: 6.914 Thread 0x000002b85899c4f0 Thread exited: 0x000002b85899c4f0
Event: 6.931 Thread 0x000002b85899b750 Thread exited: 0x000002b85899b750
Event: 6.931 Thread 0x000002b85899be20 Thread exited: 0x000002b85899be20
Event: 7.060 Thread 0x000002b85899a9b0 Thread added: 0x000002b85899a9b0
Event: 7.462 Thread 0x000002b85899c4f0 Thread added: 0x000002b85899c4f0
Event: 7.464 Thread 0x000002b85899d290 Thread added: 0x000002b85899d290
Event: 8.342 Thread 0x000002b85899b080 Thread added: 0x000002b85899b080


Dynamic libraries:
0x00007ff6605e0000 - 0x00007ff6605f0000 	C:\Program Files\Java\jdk-21\bin\java.exe
0x00007ffc019a0000 - 0x00007ffc01c07000 	C:\WINDOWS\SYSTEM32\ntdll.dll
0x00007ffc005c0000 - 0x00007ffc00689000 	C:\WINDOWS\System32\KERNEL32.DLL
0x00007ffbfe270000 - 0x00007ffbfe664000 	C:\WINDOWS\System32\KERNELBASE.dll
0x00007ffbfecc0000 - 0x00007ffbfee0b000 	C:\WINDOWS\System32\ucrtbase.dll
0x00007ffbca310000 - 0x00007ffbca32b000 	C:\Program Files\Java\jdk-21\bin\VCRUNTIME140.dll
0x00007ffbca350000 - 0x00007ffbca369000 	C:\Program Files\Java\jdk-21\bin\jli.dll
0x00007ffbff730000 - 0x00007ffbff7e6000 	C:\WINDOWS\System32\ADVAPI32.dll
0x00007ffc018b0000 - 0x00007ffc01959000 	C:\WINDOWS\System32\msvcrt.dll
0x00007ffc01000000 - 0x00007ffc010a7000 	C:\WINDOWS\System32\sechost.dll
0x00007ffc01450000 - 0x00007ffc01568000 	C:\WINDOWS\System32\RPCRT4.dll
0x00007ffc00060000 - 0x00007ffc00225000 	C:\WINDOWS\System32\USER32.dll
0x00007ffbfead0000 - 0x00007ffbfeaf7000 	C:\WINDOWS\System32\win32u.dll
0x00007ffbdbf30000 - 0x00007ffbdc1c3000 	C:\WINDOWS\WinSxS\amd64_microsoft.windows.common-controls_6595b64144ccf1df_6.0.26100.8115_none_3e075c82e3354f9c\COMCTL32.dll
0x00007ffc00230000 - 0x00007ffc0025b000 	C:\WINDOWS\System32\GDI32.dll
0x00007ffbfeb00000 - 0x00007ffbfec2b000 	C:\WINDOWS\System32\gdi32full.dll
0x00007ffbfe7e0000 - 0x00007ffbfe883000 	C:\WINDOWS\System32\msvcp_win.dll
0x00007ffbee720000 - 0x00007ffbee72b000 	C:\WINDOWS\SYSTEM32\VERSION.dll
0x00007ffc004a0000 - 0x00007ffc004d2000 	C:\WINDOWS\System32\IMM32.DLL
0x00007ffbe20d0000 - 0x00007ffbe20dc000 	C:\Program Files\Java\jdk-21\bin\vcruntime140_1.dll
0x00007ffbc7fd0000 - 0x00007ffbc805e000 	C:\Program Files\Java\jdk-21\bin\msvcp140.dll
0x00007ffb51f20000 - 0x00007ffb52c3a000 	C:\Program Files\Java\jdk-21\bin\server\jvm.dll
0x00007ffc00410000 - 0x00007ffc00490000 	C:\WINDOWS\System32\WS2_32.dll
0x00007ffbfe0d0000 - 0x00007ffbfe12e000 	C:\WINDOWS\SYSTEM32\POWRPROF.dll
0x00007ffbf43f0000 - 0x00007ffbf4426000 	C:\WINDOWS\SYSTEM32\WINMM.dll
0x00007ffbfe0b0000 - 0x00007ffbfe0c4000 	C:\WINDOWS\SYSTEM32\UMPDC.dll
0x00007ffbfd000000 - 0x00007ffbfd01b000 	C:\WINDOWS\SYSTEM32\kernel.appcore.dll
0x00007ffbe06e0000 - 0x00007ffbe06ea000 	C:\Program Files\Java\jdk-21\bin\jimage.dll
0x00007ffbfbfb0000 - 0x00007ffbfc1f2000 	C:\WINDOWS\SYSTEM32\DBGHELP.DLL
0x00007ffc010b0000 - 0x00007ffc01432000 	C:\WINDOWS\System32\combase.dll
0x00007ffc004e0000 - 0x00007ffc005b8000 	C:\WINDOWS\System32\OLEAUT32.dll
0x00007ffbd7780000 - 0x00007ffbd77bb000 	C:\WINDOWS\SYSTEM32\dbgcore.DLL
0x00007ffbfee10000 - 0x00007ffbfeeb5000 	C:\WINDOWS\System32\bcryptPrimitives.dll
0x00007ffbca1c0000 - 0x00007ffbca1df000 	C:\Program Files\Java\jdk-21\bin\java.dll
0x00007ffc00690000 - 0x00007ffc00df7000 	C:\WINDOWS\System32\SHELL32.dll
0x00007ffbfe670000 - 0x00007ffbfe7da000 	C:\WINDOWS\System32\wintypes.dll
0x00007ffbfeec0000 - 0x00007ffbff728000 	C:\WINDOWS\System32\windows.storage.dll
0x00007ffc00f00000 - 0x00007ffc00ff8000 	C:\WINDOWS\System32\SHCORE.dll
0x00007ffc00280000 - 0x00007ffc002e6000 	C:\WINDOWS\System32\shlwapi.dll
0x00007ffbfe190000 - 0x00007ffbfe1b9000 	C:\WINDOWS\SYSTEM32\profapi.dll
0x00007ffbc73a0000 - 0x00007ffbc7477000 	C:\Program Files\Java\jdk-21\bin\jsvml.dll
0x00007ffbcb480000 - 0x00007ffbcb490000 	C:\Program Files\Java\jdk-21\bin\net.dll
0x00007ffbf4180000 - 0x00007ffbf42ad000 	C:\WINDOWS\SYSTEM32\WINHTTP.dll
0x00007ffbfd570000 - 0x00007ffbfd5dc000 	C:\WINDOWS\system32\mswsock.dll
0x00007ffbc9eb0000 - 0x00007ffbc9ec6000 	C:\Program Files\Java\jdk-21\bin\nio.dll
0x00007ffbc9e90000 - 0x00007ffbc9ea8000 	C:\Program Files\Java\jdk-21\bin\zip.dll
0x00007ffbd1850000 - 0x00007ffbd1874000 	C:\Users\DELL\.m2\wrapper\dists\apache-maven-3.9.9\977a63e90f436cd6ade95b4c0e10c20c\lib\jansi-native\Windows\x86_64\jansi.dll
0x00007ffbca820000 - 0x00007ffbca830000 	C:\Program Files\Java\jdk-21\bin\verify.dll

dbghelp: loaded successfully - version: 4.0.5 - missing functions: none
symbol engine: initialized successfully - sym options: 0x614 - pdb path: .;C:\Program Files\Java\jdk-21\bin;C:\WINDOWS\SYSTEM32;C:\WINDOWS\WinSxS\amd64_microsoft.windows.common-controls_6595b64144ccf1df_6.0.26100.8115_none_3e075c82e3354f9c;C:\Program Files\Java\jdk-21\bin\server;C:\Users\DELL\.m2\wrapper\dists\apache-maven-3.9.9\977a63e90f436cd6ade95b4c0e10c20c\lib\jansi-native\Windows\x86_64

VM Arguments:
jvm_args: -Xms256m -Xmx1024m -XX:+UseG1GC -Dclassworlds.conf=C:\Users\DELL\.m2\wrapper\dists\apache-maven-3.9.9\977a63e90f436cd6ade95b4c0e10c20c\bin\m2.conf -Dmaven.home=C:\Users\DELL\.m2\wrapper\dists\apache-maven-3.9.9\977a63e90f436cd6ade95b4c0e10c20c -Dlibrary.jansi.path=C:\Users\DELL\.m2\wrapper\dists\apache-maven-3.9.9\977a63e90f436cd6ade95b4c0e10c20c\lib\jansi-native -Dmaven.multiModuleProjectDirectory=D:\IWS_FINAL-develop\iws_backend 
java_command: org.codehaus.plexus.classworlds.launcher.Launcher spring-boot:run
java_class_path (initial): C:\Users\DELL\.m2\wrapper\dists\apache-maven-3.9.9\977a63e90f436cd6ade95b4c0e10c20c\boot\plexus-classworlds-2.8.0.jar
Launcher Type: SUN_STANDARD

[Global flags]
     intx CICompilerCount                          = 12                                        {product} {ergonomic}
     uint ConcGCThreads                            = 3                                         {product} {ergonomic}
     uint G1ConcRefinementThreads                  = 13                                        {product} {ergonomic}
   size_t G1HeapRegionSize                         = 1048576                                   {product} {ergonomic}
    uintx GCDrainStackTargetSize                   = 64                                        {product} {ergonomic}
   size_t InitialHeapSize                          = 268435456                                 {product} {command line}
   size_t MarkStackSize                            = 4194304                                   {product} {ergonomic}
   size_t MaxHeapSize                              = 1073741824                                {product} {command line}
   size_t MaxNewSize                               = 643825664                                 {product} {ergonomic}
   size_t MinHeapDeltaBytes                        = 1048576                                   {product} {ergonomic}
   size_t MinHeapSize                              = 268435456                                 {product} {command line}
    uintx NonNMethodCodeHeapSize                   = 7602480                                {pd product} {ergonomic}
    uintx NonProfiledCodeHeapSize                  = 122027880                              {pd product} {ergonomic}
    uintx ProfiledCodeHeapSize                     = 122027880                              {pd product} {ergonomic}
    uintx ReservedCodeCacheSize                    = 251658240                              {pd product} {ergonomic}
     bool SegmentedCodeCache                       = true                                      {product} {ergonomic}
   size_t SoftMaxHeapSize                          = 1073741824                             {manageable} {ergonomic}
     bool UseCompressedOops                        = true                           {product lp64_product} {ergonomic}
     bool UseG1GC                                  = true                                      {product} {command line}
     bool UseLargePagesIndividualAllocation        = false                                  {pd product} {ergonomic}

Logging:
Log output configuration:
 #0: stdout all=warning uptime,level,tags foldmultilines=false
 #1: stderr all=off uptime,level,tags foldmultilines=false

Environment Variables:
JAVA_HOME=C:\Program Files\Java\jdk-21
PATH=C:\Program Files\Java\jdk-21\bin;C:\Program Files\Eclipse Adoptium\jdk-8.0.462.8-hotspot\bin;C:\Program Files\Common Files\Oracle\Java\javapath;C:\Windows\system32;C:\Windows;C:\Windows\System32\Wbem;C:\Windows\System32\WindowsPowerShell\v1.0\;C:\Windows\System32\OpenSSH\;C:\Program Files\dotnet\;C:\Program Files\NVIDIA Corporation\NVIDIA NvDLISR;C:\WINDOWS\system32;C:\WINDOWS;C:\WINDOWS\System32\Wbem;C:\WINDOWS\System32\WindowsPowerShell\v1.0\;C:\WINDOWS\System32\OpenSSH\;C:\Program Files\nodejs\;C:\ProgramData\chocolatey\bin;C:\apache-maven-3.9.10\bin;C:\Program Files\Git\cmd;C:\Program Files\Cloudflare\Cloudflare WARP\;C:\WINDOWS\system32\config\systemprofile\AppData\Roaming\npm;C:\Program Files\Microsoft SQL Server\Client SDK\ODBC\110\Tools\Binn\;C:\Program Files (x86)\Microsoft SQL Server\120\Tools\Binn\;C:\Program Files\Microsoft SQL Server\120\Tools\Binn\;C:\Program Files\Microsoft SQL Server\120\DTS\Binn\;C:\Program Files\Eclipse Adoptium\jdk-8.0.462.8-hotspot\bin;C:\Program Files\Common Files\Oracle\Java\javapath;C:\Windows\system32;C:\Windows;C:\Windows\System32\Wbem;C:\Windows\System32\WindowsPowerShell\v1.0\;C:\Windows\System32\OpenSSH\;C:\Program Files\dotnet\;C:\Program Files\NVIDIA Corporation\NVIDIA NvDLISR;C:\WINDOWS\system32;C:\WINDOWS;C:\WINDOWS\System32\Wbem;C:\WINDOWS\System32\WindowsPowerShell\v1.0\;C:\WINDOWS\System32\OpenSSH\;C:\Program Files\nodejs\;C:\ProgramData\chocolatey\bin;C:\apache-maven-3.9.10\bin;C:\Program Files\Git\cmd;C:\Program Files\Eclipse Adoptium\jdk-8.0.462.8-hotspot\bin;C:\Program Files\Common Files\Oracle\Java\javapath;C:\Windows\system32;C:\Windows;C:\Windows\System32\Wbem;C:\Windows\System32\WindowsPowerShell\v1.0\;C:\Windows\System32\OpenSSH\;C:\Program Files\dotnet\;C:\Program Files\NVIDIA Corporation\NVIDIA NvDLISR;C:\WINDOWS\system32;C:\WINDOWS;C:\WINDOWS\System32\Wbem;C:\WINDOWS\System32\WindowsPowerShell\v1.0\;C:\WINDOWS\System32\OpenSSH\;C:\Program Files\nodejs\;C:;C:\Users\DELL\AppData\Local\Programs\Microsoft VS Code\bin;C:\Users\DELL\AppData\Roaming\npm;D:\Program Files\Antigravity\bin;C:\Program Files (x86)\Nmap
USERNAME=DELL
OS=Windows_NT
PROCESSOR_IDENTIFIER=Intel64 Family 6 Model 154 Stepping 3, GenuineIntel
TMP=C:\Users\DELL\AppData\Local\Temp
TEMP=C:\Users\DELL\AppData\Local\Temp




Periodic native trim disabled

---------------  S Y S T E M  ---------------

OS:
 Windows 11 , 64 bit Build 26100 (10.0.26100.8246)
OS uptime: 0 days 0:49 hours
Hyper-V role detected

CPU: total 16 (initial active 16) (8 cores per cpu, 2 threads per core) family 6 model 154 stepping 3 microcode 0x43b, cx8, cmov, fxsr, ht, mmx, 3dnowpref, sse, sse2, sse3, ssse3, sse4.1, sse4.2, popcnt, lzcnt, tsc, tscinvbit, avx, avx2, aes, erms, clmul, bmi1, bmi2, adx, sha, fma, vzeroupper, clflush, clflushopt, clwb, hv, serialize, rdtscp, rdpid, fsrm, f16c, cet_ibt, cet_ss
Processor Information for all 16 processors :
  Max Mhz: 2500, Current Mhz: 2500, Mhz Limit: 2500

Memory: 4k page, system-wide physical 7876M (562M free)
TotalPageFile size 24022M (AvailPageFile size 12M)
current process WorkingSet (physical memory assigned to process): 405M, peak: 408M
current process commit charge ("private bytes"): 481M, peak: 486M

vm_info: Java HotSpot(TM) 64-Bit Server VM (21.0.7+8-LTS-245) for windows-amd64 JRE (21.0.7+8-LTS-245), built on 2025-02-21T05:11:27Z by "mach5one" with MS VC++ 17.6 (VS2022)

END.
